#
# There is insufficient memory for the Java Runtime Environment to continue.
# Native memory allocation (malloc) failed to allocate 1048576 bytes for AllocateHeap
# Possible reasons:
#   The system is out of physical RAM or swap space
#   The process is running with CompressedOops enabled, and the Java Heap may be blocking the growth of the native heap
# Possible solutions:
#   Reduce memory load on the system
#   Increase physical memory or swap space
#   Check if swap backing store is full
#   Decrease Java heap size (-Xmx/-Xms)
#   Decrease number of Java threads
#   Decrease Java thread stack sizes (-Xss)
#   Set larger code cache with -XX:ReservedCodeCacheSize=
#   JVM is running with Unscaled Compressed Oops mode in which the Java heap is
#     placed in the first 4GB address space. The Java Heap base address is the
#     maximum limit for the native heap growth. Please use -XX:HeapBaseMinAddress
#     to set the Java Heap base and to place the Java Heap above 4GB virtual address.
# This output file may be truncated or incomplete.
#
#  Out of Memory Error (allocation.cpp:44), pid=14656, tid=2028
#
# JRE version: Java(TM) SE Runtime Environment (21.0.5+9) (build 21.0.5+9-LTS-239)
# Java VM: Java HotSpot(TM) 64-Bit Server VM (21.0.5+9-LTS-239, mixed mode, sharing, tiered, compressed oops, compressed class ptrs, g1 gc, windows-amd64)
# No core dump will be written. Minidumps are not enabled by default on client versions of Windows
#

---------------  S U M M A R Y ------------

Command Line: -javaagent:C:\Program Files\JetBrains\IntelliJ IDEA Community Edition 2024.3\lib\idea_rt.jar=9512:C:\Program Files\JetBrains\IntelliJ IDEA Community Edition 2024.3\bin -Dfile.encoding=UTF-8 -Dsun.stdout.encoding=UTF-8 -Dsun.stderr.encoding=UTF-8 com.sahan.Hotel.Management.HotelManagementApplication

Host: Intel(R) Core(TM) i7-8750H CPU @ 2.20GHz, 12 cores, 7G,  Windows 11 , 64 bit Build 26100 (10.0.26100.2454)
Time: Fri Dec 27 10:42:47 2024 GMT Standard Time elapsed time: 433.009992 seconds (0d 0h 7m 13s)

---------------  T H R E A D  ---------------

Current thread (0x000002097e2367f0):  VMThread "VM Thread"          [id=2028, stack(0x0000008bcc500000,0x0000008bcc600000) (1024K)]

Stack: [0x0000008bcc500000,0x0000008bcc600000]
Native frames: (J=compiled Java code, j=interpreted, Vv=VM code, C=native code)
V  [jvm.dll+0x6ca289]
V  [jvm.dll+0x854a51]
V  [jvm.dll+0x856f7e]
V  [jvm.dll+0x857653]
V  [jvm.dll+0x27dd26]
V  [jvm.dll+0xbf7d7]
V  [jvm.dll+0x343f52]
V  [jvm.dll+0x33e99e]
V  [jvm.dll+0x327418]
V  [jvm.dll+0x36a274]
V  [jvm.dll+0x85d420]
V  [jvm.dll+0x85e7a4]
V  [jvm.dll+0x85ece0]
V  [jvm.dll+0x85ef83]
V  [jvm.dll+0x7fee9b]
V  [jvm.dll+0x6c896d]
C  [ucrtbase.dll+0x14ea0]
C  [KERNEL32.DLL+0x2e8d7]
C  [ntdll.dll+0xdfbcc]

VM_Operation (0x0000008bcbbff0e0): G1CollectFull, mode: safepoint, requested by thread 0x0000020960034b40


---------------  P R O C E S S  ---------------

Threads class SMR info:
_java_thread_list=0x0000020962ce8040, length=14, elements={
0x000002097e24a310, 0x000002097e24ce70, 0x000002097e255ee0, 0x000002097e256dc0,
0x000002097e257810, 0x000002097e259270, 0x000002097e265500, 0x000002097e285fa0,
0x00000209175a82a0, 0x00000209178b9040, 0x00000209600351d0, 0x000002095f792aa0,
0x000002095f7993a0, 0x0000020960034b40
}

Java Threads: ( => current thread )
  0x000002097e24a310 JavaThread "Reference Handler"          daemon [_thread_blocked, id=17352, stack(0x0000008bcc600000,0x0000008bcc700000) (1024K)]
  0x000002097e24ce70 JavaThread "Finalizer"                  daemon [_thread_blocked, id=20316, stack(0x0000008bcc700000,0x0000008bcc800000) (1024K)]
  0x000002097e255ee0 JavaThread "Signal Dispatcher"          daemon [_thread_blocked, id=4572, stack(0x0000008bcc800000,0x0000008bcc900000) (1024K)]
  0x000002097e256dc0 JavaThread "Attach Listener"            daemon [_thread_blocked, id=8264, stack(0x0000008bcc900000,0x0000008bcca00000) (1024K)]
  0x000002097e257810 JavaThread "Service Thread"             daemon [_thread_blocked, id=7900, stack(0x0000008bcca00000,0x0000008bccb00000) (1024K)]
  0x000002097e259270 JavaThread "Monitor Deflation Thread"   daemon [_thread_blocked, id=14868, stack(0x0000008bccb00000,0x0000008bccc00000) (1024K)]
  0x000002097e265500 JavaThread "C2 CompilerThread0"         daemon [_thread_blocked, id=1336, stack(0x0000008bccc00000,0x0000008bccd00000) (1024K)]
  0x000002097e285fa0 JavaThread "C1 CompilerThread0"         daemon [_thread_blocked, id=2908, stack(0x0000008bccd00000,0x0000008bcce00000) (1024K)]
  0x00000209175a82a0 JavaThread "Common-Cleaner"             daemon [_thread_blocked, id=3052, stack(0x0000008bcce00000,0x0000008bccf00000) (1024K)]
  0x00000209178b9040 JavaThread "Notification Thread"        daemon [_thread_blocked, id=16372, stack(0x0000008bcd200000,0x0000008bcd300000) (1024K)]
  0x00000209600351d0 JavaThread "mysql-cj-abandoned-connection-cleanup" daemon [_thread_blocked, id=3736, stack(0x0000008bce300000,0x0000008bce400000) (1024K)]
  0x000002095f792aa0 JavaThread "Live Reload Server"         daemon [_thread_in_native, id=14324, stack(0x0000008bce900000,0x0000008bcea00000) (1024K)]
  0x000002095f7993a0 JavaThread "DestroyJavaVM"                     [_thread_blocked, id=12712, stack(0x0000008bcbe00000,0x0000008bcbf00000) (1024K)]
  0x0000020960034b40 JavaThread "Thread-7"                          [_thread_blocked, id=10256, stack(0x0000008bcbb00000,0x0000008bcbc00000) (1024K)]
Total: 14

Other Threads:
=>0x000002097e2367f0 VMThread "VM Thread"                           [id=2028, stack(0x0000008bcc500000,0x0000008bcc600000) (1024K)]
  0x000002097e21f190 WatcherThread "VM Periodic Task Thread"        [id=16716, stack(0x0000008bcc400000,0x0000008bcc500000) (1024K)]
  0x00000209788e64f0 WorkerThread "GC Thread#0"                     [id=14736, stack(0x0000008bcbf00000,0x0000008bcc000000) (1024K)]
  0x000002095d83e470 WorkerThread "GC Thread#1"                     [id=18272, stack(0x0000008bcd400000,0x0000008bcd500000) (1024K)]
  0x000002095d5abff0 WorkerThread "GC Thread#2"                     [id=10192, stack(0x0000008bcd500000,0x0000008bcd600000) (1024K)]
  0x000002095d5ac390 WorkerThread "GC Thread#3"                     [id=6576, stack(0x0000008bcd600000,0x0000008bcd700000) (1024K)]
  0x000002095d5ac730 WorkerThread "GC Thread#4"                     [id=8496, stack(0x0000008bcd700000,0x0000008bcd800000) (1024K)]
  0x000002095d5acad0 WorkerThread "GC Thread#5"                     [id=16020, stack(0x0000008bcd800000,0x0000008bcd900000) (1024K)]
  0x000002095d9a6f10 WorkerThread "GC Thread#6"                     [id=2100, stack(0x0000008bcda00000,0x0000008bcdb00000) (1024K)]
  0x000002095daedff0 WorkerThread "GC Thread#7"                     [id=15004, stack(0x0000008bcdb00000,0x0000008bcdc00000) (1024K)]
  0x000002095dc39b60 WorkerThread "GC Thread#8"                     [id=10296, stack(0x0000008bcdc00000,0x0000008bcdd00000) (1024K)]
  0x000002095dc39080 WorkerThread "GC Thread#9"                     [id=19944, stack(0x0000008bcdd00000,0x0000008bcde00000) (1024K)]
  0x00000209788f95c0 ConcurrentGCThread "G1 Main Marker"            [id=7200, stack(0x0000008bcc000000,0x0000008bcc100000) (1024K)]
  0x00000209788fa770 WorkerThread "G1 Conc#0"                       [id=18288, stack(0x0000008bcc100000,0x0000008bcc200000) (1024K)]
  0x000002095dc39420 WorkerThread "G1 Conc#1"                       [id=3560, stack(0x0000008bcdf00000,0x0000008bce000000) (1024K)]
  0x000002095dc3a9e0 WorkerThread "G1 Conc#2"                       [id=20512, stack(0x0000008bce000000,0x0000008bce100000) (1024K)]
  0x000002097e0de950 ConcurrentGCThread "G1 Refine#0"               [id=18480, stack(0x0000008bcc200000,0x0000008bcc300000) (1024K)]
  0x000002097e0e0180 ConcurrentGCThread "G1 Service"                [id=8000, stack(0x0000008bcc300000,0x0000008bcc400000) (1024K)]
Total: 18

Threads with active compile tasks:
Total: 0

VM state: at safepoint (normal execution)

VM Mutex/Monitor currently owned by a thread:  ([mutex/lock_event])
[0x00007ffd95d1be98] Threads_lock - owner thread: 0x000002097e2367f0
[0x00007ffd95d1bf98] Heap_lock - owner thread: 0x0000020960034b40

Heap address: 0x0000000082600000, size: 2010 MB, Compressed Oops mode: 32-bit

CDS archive(s) mapped at: [0x0000020918000000-0x0000020918c90000-0x0000020918c90000), size 13172736, SharedBaseAddress: 0x0000020918000000, ArchiveRelocationMode: 1.
Compressed class space mapped at: 0x0000020919000000-0x0000020959000000, reserved size: 1073741824
Narrow klass base: 0x0000020918000000, Narrow klass shift: 0, Narrow klass range: 0x100000000

GC Precious Log:
 CardTable entry size: 512
 Card Set container configuration: InlinePtr #cards 5 size 8 Array Of Cards #cards 12 size 40 Howl #buckets 4 coarsen threshold 1843 Howl Bitmap #cards 512 size 80 coarsen threshold 460 Card regions per heap region 1 cards per card region 2048
 CPUs: 12 total, 12 available
 Memory: 8034M
 Large Page Support: Disabled
 NUMA Support: Disabled
 Compressed Oops: Enabled (32-bit)
 Heap Region Size: 1M
 Heap Min Capacity: 8M
 Heap Initial Capacity: 126M
 Heap Max Capacity: 2010M
 Pre-touch: Disabled
 Parallel Workers: 10
 Concurrent Workers: 3
 Concurrent Refinement Workers: 10
 Periodic GC: Disabled

Heap:
 garbage-first heap   total 78848K, used 46685K [0x0000000082600000, 0x0000000100000000)
  region size 1024K, 20 young (20480K), 4 survivors (4096K)
 Metaspace       used 76011K, committed 76736K, reserved 1179648K
  class space    used 10319K, committed 10624K, reserved 1048576K

Heap Regions: E=young(eden), S=young(survivor), O=old, HS=humongous(starts), HC=humongous(continues), CS=collection set, F=free, TAMS=top-at-mark-start, PB=parsable bottom
|   0|0x0000000082600000, 0x0000000082700000, 0x0000000082700000|100%|HS|  |TAMS 0x0000000082600000| PB 0x0000000082600000| Complete 
|   1|0x0000000082700000, 0x0000000082800000, 0x0000000082800000|100%|HS|  |TAMS 0x0000000082700000| PB 0x0000000082700000| Complete 
|   2|0x0000000082800000, 0x00000000828ffff0, 0x0000000082900000| 99%| O|  |TAMS 0x0000000082800000| PB 0x0000000082800000| Untracked 
|   3|0x0000000082900000, 0x0000000082a00000, 0x0000000082a00000|100%| O|  |TAMS 0x0000000082900000| PB 0x0000000082900000| Untracked 
|   4|0x0000000082a00000, 0x0000000082b00000, 0x0000000082b00000|100%| O|  |TAMS 0x0000000082a00000| PB 0x0000000082a00000| Untracked 
|   5|0x0000000082b00000, 0x0000000082c00000, 0x0000000082c00000|100%| O|  |TAMS 0x0000000082b00000| PB 0x0000000082b00000| Untracked 
|   6|0x0000000082c00000, 0x0000000082d00000, 0x0000000082d00000|100%| O|  |TAMS 0x0000000082c00000| PB 0x0000000082c00000| Untracked 
|   7|0x0000000082d00000, 0x0000000082dfff98, 0x0000000082e00000| 99%| O|  |TAMS 0x0000000082d00000| PB 0x0000000082d00000| Untracked 
|   8|0x0000000082e00000, 0x0000000082efffc0, 0x0000000082f00000| 99%| O|  |TAMS 0x0000000082e00000| PB 0x0000000082e00000| Untracked 
|   9|0x0000000082f00000, 0x0000000082fffff8, 0x0000000083000000| 99%| O|  |TAMS 0x0000000082f00000| PB 0x0000000082f00000| Untracked 
|  10|0x0000000083000000, 0x00000000830fffd8, 0x0000000083100000| 99%| O|  |TAMS 0x0000000083000000| PB 0x0000000083000000| Untracked 
|  11|0x0000000083100000, 0x0000000083200000, 0x0000000083200000|100%| O|  |TAMS 0x0000000083100000| PB 0x0000000083100000| Untracked 
|  12|0x0000000083200000, 0x0000000083300000, 0x0000000083300000|100%| O|  |TAMS 0x0000000083200000| PB 0x0000000083200000| Untracked 
|  13|0x0000000083300000, 0x00000000833fff80, 0x0000000083400000| 99%| O|  |TAMS 0x0000000083300000| PB 0x0000000083300000| Untracked 
|  14|0x0000000083400000, 0x00000000834ff998, 0x0000000083500000| 99%| O|  |TAMS 0x0000000083400000| PB 0x0000000083400000| Untracked 
|  15|0x0000000083500000, 0x0000000083600000, 0x0000000083600000|100%| O|  |TAMS 0x0000000083500000| PB 0x0000000083500000| Untracked 
|  16|0x0000000083600000, 0x00000000836fd8c8, 0x0000000083700000| 99%| O|  |TAMS 0x0000000083600000| PB 0x0000000083600000| Untracked 
|  17|0x0000000083700000, 0x00000000837fffe0, 0x0000000083800000| 99%| O|  |TAMS 0x0000000083700000| PB 0x0000000083700000| Untracked 
|  18|0x0000000083800000, 0x00000000838fae98, 0x0000000083900000| 98%| O|  |TAMS 0x0000000083800000| PB 0x0000000083800000| Untracked 
|  19|0x0000000083900000, 0x00000000839e8948, 0x0000000083a00000| 90%| O|  |TAMS 0x0000000083900000| PB 0x0000000083900000| Untracked 
|  20|0x0000000083a00000, 0x0000000083affff8, 0x0000000083b00000| 99%| O|  |TAMS 0x0000000083a00000| PB 0x0000000083a00000| Untracked 
|  21|0x0000000083b00000, 0x0000000083bfffe8, 0x0000000083c00000| 99%| O|  |TAMS 0x0000000083b00000| PB 0x0000000083b00000| Untracked 
|  22|0x0000000083c00000, 0x0000000083cffff0, 0x0000000083d00000| 99%| O|  |TAMS 0x0000000083c00000| PB 0x0000000083c00000| Untracked 
|  23|0x0000000083d00000, 0x0000000083dffff0, 0x0000000083e00000| 99%| O|  |TAMS 0x0000000083d00000| PB 0x0000000083d00000| Untracked 
|  24|0x0000000083e00000, 0x0000000083e00000, 0x0000000083f00000|  0%| F|  |TAMS 0x0000000083e00000| PB 0x0000000083e00000| Untracked 
|  25|0x0000000083f00000, 0x0000000083f00000, 0x0000000084000000|  0%| F|  |TAMS 0x0000000083f00000| PB 0x0000000083f00000| Untracked 
|  26|0x0000000084000000, 0x000000008407bba8, 0x0000000084100000| 48%| O|  |TAMS 0x0000000084000000| PB 0x0000000084000000| Untracked 
|  27|0x0000000084100000, 0x00000000841920a0, 0x0000000084200000| 57%| O|  |TAMS 0x0000000084100000| PB 0x0000000084100000| Untracked 
|  28|0x0000000084200000, 0x0000000084300000, 0x0000000084300000|100%| O|  |TAMS 0x0000000084200000| PB 0x0000000084200000| Untracked 
|  29|0x0000000084300000, 0x0000000084351b98, 0x0000000084400000| 31%| O|Cm|TAMS 0x0000000084300000| PB 0x0000000084300000| Complete 
|  30|0x0000000084400000, 0x0000000084400000, 0x0000000084500000|  0%| F|  |TAMS 0x0000000084400000| PB 0x0000000084400000| Untracked 
|  31|0x0000000084500000, 0x0000000084500000, 0x0000000084600000|  0%| F|  |TAMS 0x0000000084500000| PB 0x0000000084500000| Untracked 
|  32|0x0000000084600000, 0x0000000084600000, 0x0000000084700000|  0%| F|  |TAMS 0x0000000084600000| PB 0x0000000084600000| Untracked 
|  33|0x0000000084700000, 0x0000000084778d00, 0x0000000084800000| 47%| S|CS|TAMS 0x0000000084700000| PB 0x0000000084700000| Complete 
|  34|0x0000000084800000, 0x00000000848de6b0, 0x0000000084900000| 86%| O|  |TAMS 0x0000000084800000| PB 0x0000000084800000| Untracked 
|  35|0x0000000084900000, 0x0000000084a00000, 0x0000000084a00000|100%| S|CS|TAMS 0x0000000084900000| PB 0x0000000084900000| Complete 
|  36|0x0000000084a00000, 0x0000000084b00000, 0x0000000084b00000|100%| S|CS|TAMS 0x0000000084a00000| PB 0x0000000084a00000| Complete 
|  37|0x0000000084b00000, 0x0000000084c00000, 0x0000000084c00000|100%| S|CS|TAMS 0x0000000084b00000| PB 0x0000000084b00000| Complete 
|  38|0x0000000084c00000, 0x0000000084c00000, 0x0000000084d00000|  0%| F|  |TAMS 0x0000000084c00000| PB 0x0000000084c00000| Untracked 
|  39|0x0000000084d00000, 0x0000000084d00000, 0x0000000084e00000|  0%| F|  |TAMS 0x0000000084d00000| PB 0x0000000084d00000| Untracked 
|  40|0x0000000084e00000, 0x0000000084e00000, 0x0000000084f00000|  0%| F|  |TAMS 0x0000000084e00000| PB 0x0000000084e00000| Untracked 
|  41|0x0000000084f00000, 0x0000000084f00000, 0x0000000085000000|  0%| F|  |TAMS 0x0000000084f00000| PB 0x0000000084f00000| Untracked 
|  42|0x0000000085000000, 0x0000000085000000, 0x0000000085100000|  0%| F|  |TAMS 0x0000000085000000| PB 0x0000000085000000| Untracked 
|  43|0x0000000085100000, 0x0000000085100000, 0x0000000085200000|  0%| F|  |TAMS 0x0000000085100000| PB 0x0000000085100000| Untracked 
|  44|0x0000000085200000, 0x0000000085200000, 0x0000000085300000|  0%| F|  |TAMS 0x0000000085200000| PB 0x0000000085200000| Untracked 
|  45|0x0000000085300000, 0x0000000085300000, 0x0000000085400000|  0%| F|  |TAMS 0x0000000085300000| PB 0x0000000085300000| Untracked 
|  46|0x0000000085400000, 0x0000000085400000, 0x0000000085500000|  0%| F|  |TAMS 0x0000000085400000| PB 0x0000000085400000| Untracked 
|  47|0x0000000085500000, 0x0000000085500000, 0x0000000085600000|  0%| F|  |TAMS 0x0000000085500000| PB 0x0000000085500000| Untracked 
|  48|0x0000000085600000, 0x0000000085600000, 0x0000000085700000|  0%| F|  |TAMS 0x0000000085600000| PB 0x0000000085600000| Untracked 
|  49|0x0000000085700000, 0x0000000085700000, 0x0000000085800000|  0%| F|  |TAMS 0x0000000085700000| PB 0x0000000085700000| Untracked 
|  50|0x0000000085800000, 0x0000000085800000, 0x0000000085900000|  0%| F|  |TAMS 0x0000000085800000| PB 0x0000000085800000| Untracked 
|  51|0x0000000085900000, 0x0000000085900000, 0x0000000085a00000|  0%| F|  |TAMS 0x0000000085900000| PB 0x0000000085900000| Untracked 
|  52|0x0000000085a00000, 0x0000000085a00000, 0x0000000085b00000|  0%| F|  |TAMS 0x0000000085a00000| PB 0x0000000085a00000| Untracked 
|  53|0x0000000085b00000, 0x0000000085b00000, 0x0000000085c00000|  0%| F|  |TAMS 0x0000000085b00000| PB 0x0000000085b00000| Untracked 
|  54|0x0000000085c00000, 0x0000000085c00000, 0x0000000085d00000|  0%| F|  |TAMS 0x0000000085c00000| PB 0x0000000085c00000| Untracked 
|  55|0x0000000085d00000, 0x0000000085d00000, 0x0000000085e00000|  0%| F|  |TAMS 0x0000000085d00000| PB 0x0000000085d00000| Untracked 
|  56|0x0000000085e00000, 0x0000000085e00000, 0x0000000085f00000|  0%| F|  |TAMS 0x0000000085e00000| PB 0x0000000085e00000| Untracked 
|  57|0x0000000085f00000, 0x0000000085f00000, 0x0000000086000000|  0%| F|  |TAMS 0x0000000085f00000| PB 0x0000000085f00000| Untracked 
|  58|0x0000000086000000, 0x0000000086000000, 0x0000000086100000|  0%| F|  |TAMS 0x0000000086000000| PB 0x0000000086000000| Untracked 
|  59|0x0000000086100000, 0x0000000086100000, 0x0000000086200000|  0%| F|  |TAMS 0x0000000086100000| PB 0x0000000086100000| Untracked 
|  60|0x0000000086200000, 0x0000000086200000, 0x0000000086300000|  0%| F|  |TAMS 0x0000000086200000| PB 0x0000000086200000| Untracked 
|  61|0x0000000086300000, 0x00000000863601b0, 0x0000000086400000| 37%| E|  |TAMS 0x0000000086300000| PB 0x0000000086300000| Complete 
|  62|0x0000000086400000, 0x0000000086500000, 0x0000000086500000|100%| E|CS|TAMS 0x0000000086400000| PB 0x0000000086400000| Complete 
|  63|0x0000000086500000, 0x0000000086600000, 0x0000000086600000|100%| E|CS|TAMS 0x0000000086500000| PB 0x0000000086500000| Complete 
|  64|0x0000000086600000, 0x0000000086700000, 0x0000000086700000|100%| E|CS|TAMS 0x0000000086600000| PB 0x0000000086600000| Complete 
|  65|0x0000000086700000, 0x0000000086800000, 0x0000000086800000|100%| E|CS|TAMS 0x0000000086700000| PB 0x0000000086700000| Complete 
|  85|0x0000000087b00000, 0x0000000087c00000, 0x0000000087c00000|100%| E|CS|TAMS 0x0000000087b00000| PB 0x0000000087b00000| Complete 
|  86|0x0000000087c00000, 0x0000000087d00000, 0x0000000087d00000|100%| E|CS|TAMS 0x0000000087c00000| PB 0x0000000087c00000| Complete 
|  87|0x0000000087d00000, 0x0000000087e00000, 0x0000000087e00000|100%| E|CS|TAMS 0x0000000087d00000| PB 0x0000000087d00000| Complete 
|  88|0x0000000087e00000, 0x0000000087f00000, 0x0000000087f00000|100%| E|CS|TAMS 0x0000000087e00000| PB 0x0000000087e00000| Complete 
|  89|0x0000000087f00000, 0x0000000088000000, 0x0000000088000000|100%| E|CS|TAMS 0x0000000087f00000| PB 0x0000000087f00000| Complete 
|  93|0x0000000088300000, 0x0000000088400000, 0x0000000088400000|100%| E|CS|TAMS 0x0000000088300000| PB 0x0000000088300000| Complete 
| 124|0x000000008a200000, 0x000000008a300000, 0x000000008a300000|100%| E|CS|TAMS 0x000000008a200000| PB 0x000000008a200000| Complete 
| 125|0x000000008a300000, 0x000000008a400000, 0x000000008a400000|100%| E|CS|TAMS 0x000000008a300000| PB 0x000000008a300000| Complete 
|2007|0x00000000ffd00000, 0x00000000ffe00000, 0x00000000ffe00000|100%| E|CS|TAMS 0x00000000ffd00000| PB 0x00000000ffd00000| Complete 
|2008|0x00000000ffe00000, 0x00000000fff00000, 0x00000000fff00000|100%| E|CS|TAMS 0x00000000ffe00000| PB 0x00000000ffe00000| Complete 
|2009|0x00000000fff00000, 0x0000000100000000, 0x0000000100000000|100%| E|CS|TAMS 0x00000000fff00000| PB 0x00000000fff00000| Complete 

Card table byte_map: [0x0000020979290000,0x0000020979680000] _byte_map_base: 0x0000020978e7d000

Marking Bits: (CMBitMap*) 0x00000209788e7310
 Bits: [0x0000020979680000, 0x000002097b5e8000)

Polling page: 0x0000020976540000

Metaspace:

Usage:
  Non-class:     64.15 MB used.
      Class:     10.08 MB used.
       Both:     74.23 MB used.

Virtual space:
  Non-class space:      128.00 MB reserved,      64.56 MB ( 50%) committed,  2 nodes.
      Class space:        1.00 GB reserved,      10.38 MB (  1%) committed,  1 nodes.
             Both:        1.12 GB reserved,      74.94 MB (  7%) committed. 

Chunk freelists:
   Non-Class:  14.50 MB
       Class:  5.52 MB
        Both:  20.02 MB

MaxMetaspaceSize: unlimited
CompressedClassSpaceSize: 1.00 GB
Initial GC threshold: 21.00 MB
Current GC threshold: 124.38 MB
CDS: on
 - commit_granule_bytes: 65536.
 - commit_granule_words: 8192.
 - virtual_space_node_default_size: 8388608.
 - enlarge_chunks_in_place: 1.
 - use_allocation_guard: 0.


Internal statistics:

num_allocs_failed_limit: 9.
num_arena_births: 988.
num_arena_deaths: 0.
num_vsnodes_births: 3.
num_vsnodes_deaths: 0.
num_space_committed: 1199.
num_space_uncommitted: 0.
num_chunks_returned_to_freelist: 9.
num_chunks_taken_from_freelist: 3640.
num_chunk_merges: 6.
num_chunk_splits: 2626.
num_chunks_enlarged: 2054.
num_inconsistent_stats: 0.

CodeHeap 'non-profiled nmethods': size=120000Kb used=3972Kb max_used=4506Kb free=116027Kb
 bounds [0x000002090fe90000, 0x0000020910300000, 0x00000209173c0000]
CodeHeap 'profiled nmethods': size=120000Kb used=11433Kb max_used=12166Kb free=108567Kb
 bounds [0x00000209083c0000, 0x0000020908fb0000, 0x000002090f8f0000]
CodeHeap 'non-nmethods': size=5760Kb used=1736Kb max_used=1822Kb free=4023Kb
 bounds [0x000002090f8f0000, 0x000002090fb60000, 0x000002090fe90000]
 total_blobs=6492 nmethods=5739 adapters=657
 compilation: enabled
              stopped_count=0, restarted_count=0
 full_count=0

Compilation events (20 events):
Event: 432.776 Thread 0x000002097e285fa0 7484       3       java.util.stream.MatchOps$$Lambda/0x00000209190d9e78::get (12 bytes)
Event: 432.776 Thread 0x000002097e285fa0 nmethod 7484 0x0000020908889310 code [0x00000209088894e0, 0x00000209088898e8]
Event: 432.776 Thread 0x000002097e285fa0 7485       3       java.util.stream.MatchOps::lambda$makeRef$0 (10 bytes)
Event: 432.777 Thread 0x000002097e285fa0 nmethod 7485 0x000002090899ca10 code [0x000002090899cbc0, 0x000002090899cf40]
Event: 432.816 Thread 0x000002097e285fa0 7492       1       com.mysql.cj.conf.AbstractPropertyDefinition::getLowerBound (5 bytes)
Event: 432.816 Thread 0x000002097e285fa0 nmethod 7492 0x000002090ff18510 code [0x000002090ff186a0, 0x000002090ff18768]
Event: 432.816 Thread 0x000002097e285fa0 7493       1       com.mysql.cj.conf.AbstractPropertyDefinition::getUpperBound (5 bytes)
Event: 432.816 Thread 0x000002097e285fa0 nmethod 7493 0x000002090ff30610 code [0x000002090ff307a0, 0x000002090ff30868]
Event: 432.818 Thread 0x000002097e285fa0 7494       3       sun.nio.ch.SocketDispatcher::write (8 bytes)
Event: 432.818 Thread 0x000002097e285fa0 nmethod 7494 0x0000020908653290 code [0x0000020908653440, 0x0000020908653580]
Event: 432.818 Thread 0x000002097e285fa0 7495   !   3       java.net.Socket$SocketOutputStream::write (54 bytes)
Event: 432.819 Thread 0x000002097e285fa0 nmethod 7495 0x0000020908b55510 code [0x0000020908b55700, 0x0000020908b55da8]
Event: 432.819 Thread 0x000002097e285fa0 7496       3       sun.nio.ch.NioSocketImpl$2::write (11 bytes)
Event: 432.819 Thread 0x000002097e285fa0 nmethod 7496 0x00000209087eda10 code [0x00000209087edbc0, 0x00000209087edd00]
Event: 432.819 Thread 0x000002097e285fa0 7497   !   3       sun.nio.ch.NioSocketImpl::endWrite (58 bytes)
Event: 432.819 Thread 0x000002097e285fa0 nmethod 7497 0x0000020908badd10 code [0x0000020908badee0, 0x0000020908bae330]
Event: 432.821 Thread 0x000002097e285fa0 7498       3       java.time.LocalDateTime::<init> (15 bytes)
Event: 432.821 Thread 0x000002097e285fa0 nmethod 7498 0x0000020908728f90 code [0x0000020908729140, 0x0000020908729360]
Event: 432.823 Thread 0x000002097e285fa0 7499       3       java.util.WeakHashMap$HashIterator::hasNext (95 bytes)
Event: 432.823 Thread 0x000002097e285fa0 nmethod 7499 0x0000020908820090 code [0x0000020908820260, 0x00000209088207c8]

GC Heap History (20 events):
Event: 3.536 GC heap after
{Heap after GC invocations=6 (full 0):
 garbage-first heap   total 65536K, used 19752K [0x0000000082600000, 0x0000000100000000)
  region size 1024K, 4 young (4096K), 4 survivors (4096K)
 Metaspace       used 32625K, committed 33216K, reserved 1114112K
  class space    used 4170K, committed 4416K, reserved 1048576K
}
Event: 3.861 GC heap before
{Heap before GC invocations=6 (full 0):
 garbage-first heap   total 65536K, used 31016K [0x0000000082600000, 0x0000000100000000)
  region size 1024K, 16 young (16384K), 4 survivors (4096K)
 Metaspace       used 35607K, committed 36096K, reserved 1114112K
  class space    used 4571K, committed 4800K, reserved 1048576K
}
Event: 3.864 GC heap after
{Heap after GC invocations=7 (full 0):
 garbage-first heap   total 65536K, used 20786K [0x0000000082600000, 0x0000000100000000)
  region size 1024K, 1 young (1024K), 1 survivors (1024K)
 Metaspace       used 35607K, committed 36096K, reserved 1114112K
  class space    used 4571K, committed 4800K, reserved 1048576K
}
Event: 4.873 GC heap before
{Heap before GC invocations=8 (full 0):
 garbage-first heap   total 65536K, used 53554K [0x0000000082600000, 0x0000000100000000)
  region size 1024K, 33 young (33792K), 1 survivors (1024K)
 Metaspace       used 48134K, committed 48704K, reserved 1114112K
  class space    used 6232K, committed 6464K, reserved 1048576K
}
Event: 4.876 GC heap after
{Heap after GC invocations=9 (full 0):
 garbage-first heap   total 65536K, used 23666K [0x0000000082600000, 0x0000000100000000)
  region size 1024K, 4 young (4096K), 4 survivors (4096K)
 Metaspace       used 48134K, committed 48704K, reserved 1114112K
  class space    used 6232K, committed 6464K, reserved 1048576K
}
Event: 5.469 GC heap before
{Heap before GC invocations=9 (full 0):
 garbage-first heap   total 65536K, used 53362K [0x0000000082600000, 0x0000000100000000)
  region size 1024K, 34 young (34816K), 4 survivors (4096K)
 Metaspace       used 57116K, committed 57664K, reserved 1114112K
  class space    used 7422K, committed 7680K, reserved 1048576K
}
Event: 5.474 GC heap after
{Heap after GC invocations=10 (full 0):
 garbage-first heap   total 65536K, used 25192K [0x0000000082600000, 0x0000000100000000)
  region size 1024K, 2 young (2048K), 2 survivors (2048K)
 Metaspace       used 57116K, committed 57664K, reserved 1114112K
  class space    used 7422K, committed 7680K, reserved 1048576K
}
Event: 5.669 GC heap before
{Heap before GC invocations=10 (full 0):
 garbage-first heap   total 65536K, used 37480K [0x0000000082600000, 0x0000000100000000)
  region size 1024K, 15 young (15360K), 2 survivors (2048K)
 Metaspace       used 59856K, committed 60416K, reserved 1114112K
  class space    used 7920K, committed 8192K, reserved 1048576K
}
Event: 5.672 GC heap after
{Heap after GC invocations=11 (full 0):
 garbage-first heap   total 65536K, used 25730K [0x0000000082600000, 0x0000000100000000)
  region size 1024K, 3 young (3072K), 3 survivors (3072K)
 Metaspace       used 59856K, committed 60416K, reserved 1114112K
  class space    used 7920K, committed 8192K, reserved 1048576K
}
Event: 6.537 GC heap before
{Heap before GC invocations=12 (full 0):
 garbage-first heap   total 65536K, used 56450K [0x0000000082600000, 0x0000000100000000)
  region size 1024K, 33 young (33792K), 3 survivors (3072K)
 Metaspace       used 67241K, committed 67904K, reserved 1114112K
  class space    used 9039K, committed 9344K, reserved 1048576K
}
Event: 6.541 GC heap after
{Heap after GC invocations=13 (full 0):
 garbage-first heap   total 65536K, used 27902K [0x0000000082600000, 0x0000000100000000)
  region size 1024K, 5 young (5120K), 5 survivors (5120K)
 Metaspace       used 67241K, committed 67904K, reserved 1114112K
  class space    used 9039K, committed 9344K, reserved 1048576K
}
Event: 6.923 GC heap before
{Heap before GC invocations=13 (full 0):
 garbage-first heap   total 65536K, used 55550K [0x0000000082600000, 0x0000000100000000)
  region size 1024K, 32 young (32768K), 5 survivors (5120K)
 Metaspace       used 69944K, committed 70656K, reserved 1114112K
  class space    used 9586K, committed 9920K, reserved 1048576K
}
Event: 6.928 GC heap after
{Heap after GC invocations=14 (full 0):
 garbage-first heap   total 65536K, used 30304K [0x0000000082600000, 0x0000000100000000)
  region size 1024K, 3 young (3072K), 3 survivors (3072K)
 Metaspace       used 69944K, committed 70656K, reserved 1114112K
  class space    used 9586K, committed 9920K, reserved 1048576K
}
Event: 7.234 GC heap before
{Heap before GC invocations=14 (full 0):
 garbage-first heap   total 65536K, used 55904K [0x0000000082600000, 0x0000000100000000)
  region size 1024K, 29 young (29696K), 3 survivors (3072K)
 Metaspace       used 72223K, committed 73024K, reserved 1114112K
  class space    used 9886K, committed 10240K, reserved 1048576K
}
Event: 7.237 GC heap after
{Heap after GC invocations=15 (full 0):
 garbage-first heap   total 78848K, used 30836K [0x0000000082600000, 0x0000000100000000)
  region size 1024K, 2 young (2048K), 2 survivors (2048K)
 Metaspace       used 72223K, committed 73024K, reserved 1114112K
  class space    used 9886K, committed 10240K, reserved 1048576K
}
Event: 429.417 GC heap before
{Heap before GC invocations=15 (full 0):
 garbage-first heap   total 78848K, used 59508K [0x0000000082600000, 0x0000000100000000)
  region size 1024K, 31 young (31744K), 2 survivors (2048K)
 Metaspace       used 75410K, committed 76160K, reserved 1179648K
  class space    used 10308K, committed 10624K, reserved 1048576K
}
Event: 429.490 GC heap after
{Heap after GC invocations=16 (full 1):
 garbage-first heap   total 78848K, used 27769K [0x0000000082600000, 0x0000000100000000)
  region size 1024K, 0 young (0K), 0 survivors (0K)
 Metaspace       used 75410K, committed 76160K, reserved 1179648K
  class space    used 10308K, committed 10624K, reserved 1048576K
}
Event: 430.170 GC heap before
{Heap before GC invocations=16 (full 1):
 garbage-first heap   total 78848K, used 66681K [0x0000000082600000, 0x0000000100000000)
  region size 1024K, 39 young (39936K), 0 survivors (0K)
 Metaspace       used 75669K, committed 76416K, reserved 1179648K
  class space    used 10313K, committed 10624K, reserved 1048576K
}
Event: 430.173 GC heap after
{Heap after GC invocations=17 (full 1):
 garbage-first heap   total 78848K, used 31325K [0x0000000082600000, 0x0000000100000000)
  region size 1024K, 4 young (4096K), 4 survivors (4096K)
 Metaspace       used 75669K, committed 76416K, reserved 1179648K
  class space    used 10313K, committed 10624K, reserved 1048576K
}
Event: 432.824 GC heap before
{Heap before GC invocations=18 (full 1):
 garbage-first heap   total 78848K, used 46685K [0x0000000082600000, 0x0000000100000000)
  region size 1024K, 20 young (20480K), 4 survivors (4096K)
 Metaspace       used 76011K, committed 76736K, reserved 1179648K
  class space    used 10319K, committed 10624K, reserved 1048576K
}

Dll operation events (14 events):
Event: 0.011 Loaded shared library C:\Program Files\Java\jdk-21\bin\java.dll
Event: 0.048 Loaded shared library C:\Program Files\Java\jdk-21\bin\jsvml.dll
Event: 0.135 Loaded shared library C:\Program Files\Java\jdk-21\bin\zip.dll
Event: 0.140 Loaded shared library C:\Program Files\Java\jdk-21\bin\instrument.dll
Event: 0.143 Loaded shared library C:\Program Files\Java\jdk-21\bin\net.dll
Event: 0.145 Loaded shared library C:\Program Files\Java\jdk-21\bin\nio.dll
Event: 0.147 Loaded shared library C:\Program Files\Java\jdk-21\bin\zip.dll
Event: 0.227 Loaded shared library C:\Program Files\JetBrains\IntelliJ IDEA Community Edition 2024.3\bin\breakgen64.dll
Event: 0.234 Loaded shared library C:\Program Files\Java\jdk-21\bin\extnet.dll
Event: 0.323 Loaded shared library C:\Program Files\Java\jdk-21\bin\jimage.dll
Event: 0.657 Loaded shared library C:\Program Files\Java\jdk-21\bin\management.dll
Event: 0.659 Loaded shared library C:\Program Files\Java\jdk-21\bin\management_ext.dll
Event: 1.938 Loaded shared library C:\Program Files\Java\jdk-21\bin\sunmscapi.dll
Event: 3.992 Loaded shared library C:\Program Files\Java\jdk-21\bin\verify.dll

Deoptimization events (20 events):
Event: 430.256 Thread 0x000002095f791d80 Uncommon trap: trap_request=0xffffffde fr.pc=0x000002090ff2d688 relative=0x00000000000001a8
Event: 430.256 Thread 0x000002095f791d80 Uncommon trap: reason=class_check action=maybe_recompile pc=0x000002090ff2d688 method=org.springframework.boot.context.properties.source.ConfigurationPropertyName$Elements.charAt(II)C @ 43 c2
Event: 430.256 Thread 0x000002095f791d80 DEOPT PACKING pc=0x000002090ff2d688 sp=0x0000008bcbcfb9f0
Event: 430.256 Thread 0x000002095f791d80 DEOPT UNPACKING pc=0x000002090f9446a2 sp=0x0000008bcbcfb968 mode 2
Event: 430.256 Thread 0x000002095f791d80 Uncommon trap: trap_request=0xffffffde fr.pc=0x000002090ff2d688 relative=0x00000000000001a8
Event: 430.256 Thread 0x000002095f791d80 Uncommon trap: reason=class_check action=maybe_recompile pc=0x000002090ff2d688 method=org.springframework.boot.context.properties.source.ConfigurationPropertyName$Elements.charAt(II)C @ 43 c2
Event: 430.256 Thread 0x000002095f791d80 DEOPT PACKING pc=0x000002090ff2d688 sp=0x0000008bcbcfb9f0
Event: 430.256 Thread 0x000002095f791d80 DEOPT UNPACKING pc=0x000002090f9446a2 sp=0x0000008bcbcfb968 mode 2
Event: 430.298 Thread 0x000002095f7944e0 DEOPT PACKING pc=0x0000020908c5a14c sp=0x0000008bce1fddd0
Event: 430.298 Thread 0x000002095f7944e0 DEOPT UNPACKING pc=0x000002090f944e42 sp=0x0000008bce1fd290 mode 0
Event: 430.374 Thread 0x000002095f7944e0 Uncommon trap: trap_request=0xffffffdc fr.pc=0x0000020910277790 relative=0x00000000000002d0
Event: 430.374 Thread 0x000002095f7944e0 Uncommon trap: reason=class_check action=make_not_entrant pc=0x0000020910277790 method=java.util.ArrayList.toArray([Ljava/lang/Object;)[Ljava/lang/Object; @ 21 c2
Event: 430.374 Thread 0x000002095f7944e0 DEOPT PACKING pc=0x0000020910277790 sp=0x0000008bce1fe390
Event: 430.374 Thread 0x000002095f7944e0 DEOPT UNPACKING pc=0x000002090f9446a2 sp=0x0000008bce1fe360 mode 2
Event: 430.457 Thread 0x000002095f7944e0 DEOPT PACKING pc=0x0000020908c5a14c sp=0x0000008bce1fdbc0
Event: 430.457 Thread 0x000002095f7944e0 DEOPT UNPACKING pc=0x000002090f944e42 sp=0x0000008bce1fd080 mode 0
Event: 430.520 Thread 0x000002095f7944e0 DEOPT PACKING pc=0x0000020908c5a14c sp=0x0000008bce1fd900
Event: 430.520 Thread 0x000002095f7944e0 DEOPT UNPACKING pc=0x000002090f944e42 sp=0x0000008bce1fcdc0 mode 0
Event: 430.653 Thread 0x000002095f7944e0 DEOPT PACKING pc=0x0000020908c37c4d sp=0x0000008bce1fdda0
Event: 430.653 Thread 0x000002095f7944e0 DEOPT UNPACKING pc=0x000002090f944e42 sp=0x0000008bce1fd218 mode 0

Classes loaded (20 events):
Event: 7.691 Loading class com/sun/beans/util/Cache$Kind$2
Event: 7.692 Loading class com/sun/beans/util/Cache$Kind$2 done
Event: 7.692 Loading class com/sun/beans/util/Cache$Kind$3
Event: 7.692 Loading class com/sun/beans/util/Cache$Kind$3 done
Event: 7.692 Loading class com/sun/beans/util/Cache$CacheEntry
Event: 7.692 Loading class com/sun/beans/util/Cache$CacheEntry done
Event: 335.841 Loading class sun/net/ConnectionResetException
Event: 335.841 Loading class sun/net/ConnectionResetException done
Event: 429.370 Loading class java/util/concurrent/locks/AbstractQueuedSynchronizer$SharedNode
Event: 429.370 Loading class java/util/concurrent/locks/AbstractQueuedSynchronizer$SharedNode done
Event: 429.396 Loading class sun/security/ssl/Alert
Event: 429.397 Loading class sun/security/ssl/Alert done
Event: 429.398 Loading class sun/security/ssl/Alert$AlertConsumer
Event: 429.398 Loading class sun/security/ssl/Alert$AlertConsumer done
Event: 429.398 Loading class sun/security/ssl/Alert$Level
Event: 429.398 Loading class sun/security/ssl/Alert$Level done
Event: 429.490 Loading class java/lang/ref/Finalizer$2
Event: 429.490 Loading class java/lang/ref/Finalizer$2 done
Event: 429.490 Loading class java/lang/ref/Finalizer$1
Event: 429.490 Loading class java/lang/ref/Finalizer$1 done

Classes unloaded (0 events):
No events

Classes redefined (0 events):
No events

Internal exceptions (20 events):
Event: 432.770 Thread 0x0000020960034b40 Exception <a 'java/io/IOException'{0x00000000864d4a58}> (0x00000000864d4a58) 
thrown [s\open\src\hotspot\share\prims\jni.cpp, line 520]
Event: 432.817 Thread 0x0000020960033e20 Exception <a 'java/io/IOException'{0x00000000864f6a40}> (0x00000000864f6a40) 
thrown [s\open\src\hotspot\share\prims\jni.cpp, line 520]
Event: 432.817 Thread 0x0000020960033e20 Exception <a 'java/io/IOException'{0x00000000864f8d20}> (0x00000000864f8d20) 
thrown [s\open\src\hotspot\share\prims\jni.cpp, line 520]
Event: 432.818 Thread 0x0000020960033e20 Exception <a 'java/io/IOException'{0x00000000864f9a88}> (0x00000000864f9a88) 
thrown [s\open\src\hotspot\share\prims\jni.cpp, line 520]
Event: 432.818 Thread 0x0000020960033e20 Exception <a 'java/io/IOException'{0x00000000864fba60}> (0x00000000864fba60) 
thrown [s\open\src\hotspot\share\prims\jni.cpp, line 520]
Event: 432.818 Thread 0x0000020960033e20 Exception <a 'java/io/IOException'{0x00000000864fc680}> (0x00000000864fc680) 
thrown [s\open\src\hotspot\share\prims\jni.cpp, line 520]
Event: 432.819 Thread 0x0000020960033e20 Exception <a 'java/io/IOException'{0x00000000864fe658}> (0x00000000864fe658) 
thrown [s\open\src\hotspot\share\prims\jni.cpp, line 520]
Event: 432.819 Thread 0x0000020960033e20 Exception <a 'java/io/IOException'{0x00000000864ff278}> (0x00000000864ff278) 
thrown [s\open\src\hotspot\share\prims\jni.cpp, line 520]
Event: 432.819 Thread 0x0000020960033e20 Exception <a 'java/io/IOException'{0x0000000086301718}> (0x0000000086301718) 
thrown [s\open\src\hotspot\share\prims\jni.cpp, line 520]
Event: 432.819 Thread 0x0000020960033e20 Exception <a 'java/io/IOException'{0x0000000086302338}> (0x0000000086302338) 
thrown [s\open\src\hotspot\share\prims\jni.cpp, line 520]
Event: 432.820 Thread 0x0000020960033e20 Exception <a 'java/net/SocketException'{0x00000000863042e8}: Connection reset by peer: shutdown> (0x00000000863042e8) 
thrown [s\open\src\hotspot\share\prims\jni.cpp, line 539]
Event: 432.820 Thread 0x0000020960033e20 Exception <a 'java/io/IOException'{0x00000000863059a0}> (0x00000000863059a0) 
thrown [s\open\src\hotspot\share\prims\jni.cpp, line 520]
Event: 432.820 Thread 0x0000020960033e20 Exception <a 'java/io/IOException'{0x00000000863065c0}> (0x00000000863065c0) 
thrown [s\open\src\hotspot\share\prims\jni.cpp, line 520]
Event: 432.821 Thread 0x0000020960033e20 Exception <a 'java/io/IOException'{0x0000000086308598}> (0x0000000086308598) 
thrown [s\open\src\hotspot\share\prims\jni.cpp, line 520]
Event: 432.821 Thread 0x0000020960033e20 Exception <a 'java/io/IOException'{0x00000000863091b8}> (0x00000000863091b8) 
thrown [s\open\src\hotspot\share\prims\jni.cpp, line 520]
Event: 432.821 Thread 0x0000020960033e20 Exception <a 'java/io/IOException'{0x000000008630b190}> (0x000000008630b190) 
thrown [s\open\src\hotspot\share\prims\jni.cpp, line 520]
Event: 432.821 Thread 0x0000020960033e20 Exception <a 'java/io/IOException'{0x000000008630bdb0}> (0x000000008630bdb0) 
thrown [s\open\src\hotspot\share\prims\jni.cpp, line 520]
Event: 432.821 Thread 0x0000020960034b40 Exception <a 'java/io/IOException'{0x000000008631f390}> (0x000000008631f390) 
thrown [s\open\src\hotspot\share\prims\jni.cpp, line 520]
Event: 432.821 Thread 0x0000020960034b40 Exception <a 'java/io/IOException'{0x000000008631f958}> (0x000000008631f958) 
thrown [s\open\src\hotspot\share\prims\jni.cpp, line 520]
Event: 432.823 Thread 0x000002095f792410 Exception <a 'java/lang/InterruptedException'{0x000000008633c470}: sleep interrupted> (0x000000008633c470) 
thrown [s\open\src\hotspot\share\prims\jvm.cpp, line 3074]

ZGC Phase Switch (0 events):
No events

VM Operations (20 events):
Event: 294.840 Executing VM operation: Cleanup done
Event: 304.918 Executing VM operation: Cleanup
Event: 304.918 Executing VM operation: Cleanup done
Event: 305.919 Executing VM operation: Cleanup
Event: 305.919 Executing VM operation: Cleanup done
Event: 429.416 Executing VM operation: G1CollectFull (System.gc())
Event: 429.490 Executing VM operation: G1CollectFull (System.gc()) done
Event: 429.899 Executing VM operation: ICBufferFull
Event: 429.899 Executing VM operation: ICBufferFull done
Event: 430.170 Executing VM operation: G1CollectForAllocation (G1 Evacuation Pause)
Event: 430.173 Executing VM operation: G1CollectForAllocation (G1 Evacuation Pause) done
Event: 430.199 Executing VM operation: G1PauseRemark
Event: 430.203 Executing VM operation: G1PauseRemark done
Event: 430.213 Executing VM operation: G1PauseCleanup
Event: 430.213 Executing VM operation: G1PauseCleanup done
Event: 431.217 Executing VM operation: Cleanup
Event: 431.217 Executing VM operation: Cleanup done
Event: 432.219 Executing VM operation: Cleanup
Event: 432.219 Executing VM operation: Cleanup done
Event: 432.824 Executing VM operation: G1CollectFull (System.gc())

Events (20 events):
Event: 432.765 Thread 0x00000209600323e0 Thread exited: 0x00000209600323e0
Event: 432.766 Thread 0x0000020960032a70 Thread exited: 0x0000020960032a70
Event: 432.767 Thread 0x0000020960031d50 Thread exited: 0x0000020960031d50
Event: 432.767 Thread 0x000002095f7965b0 Thread exited: 0x000002095f7965b0
Event: 432.767 Thread 0x00000209600344b0 Thread exited: 0x00000209600344b0
Event: 432.767 Thread 0x000002095f798d10 Thread exited: 0x000002095f798d10
Event: 432.767 Thread 0x000002095f794b70 Thread exited: 0x000002095f794b70
Event: 432.767 Thread 0x000002095f793e50 Thread exited: 0x000002095f793e50
Event: 432.767 Thread 0x000002095f795200 Thread exited: 0x000002095f795200
Event: 432.767 Thread 0x000002095f796c40 Thread exited: 0x000002095f796c40
Event: 432.767 Thread 0x000002095f797960 Thread exited: 0x000002095f797960
Event: 432.767 Thread 0x000002095f797ff0 Thread exited: 0x000002095f797ff0
Event: 432.767 Thread 0x000002095f798680 Thread exited: 0x000002095f798680
Event: 432.770 Thread 0x0000020960033e20 Thread added: 0x0000020960033e20
Event: 432.770 Thread 0x000002095f7944e0 Thread exited: 0x000002095f7944e0
Event: 432.770 Thread 0x000002095f7937c0 Thread exited: 0x000002095f7937c0
Event: 432.821 Thread 0x0000020960033e20 Thread exited: 0x0000020960033e20
Event: 432.823 Thread 0x000002095f793130 Thread exited: 0x000002095f793130
Event: 432.823 Thread 0x000002095f792410 Thread exited: 0x000002095f792410
Event: 432.823 Thread 0x000002095f795890 Thread exited: 0x000002095f795890


Dynamic libraries:
0x00007ff6602c0000 - 0x00007ff6602d0000 	C:\Program Files\Java\jdk-21\bin\java.exe
0x00007ffdf7d40000 - 0x00007ffdf7fa3000 	C:\WINDOWS\SYSTEM32\ntdll.dll
0x00007ffdf6eb0000 - 0x00007ffdf6f78000 	C:\WINDOWS\System32\KERNEL32.DLL
0x00007ffdf5460000 - 0x00007ffdf5812000 	C:\WINDOWS\System32\KERNELBASE.dll
0x00007ffdf5260000 - 0x00007ffdf53ab000 	C:\WINDOWS\System32\ucrtbase.dll
0x00007ffde8c60000 - 0x00007ffde8c79000 	C:\Program Files\Java\jdk-21\bin\jli.dll
0x00007ffde8c40000 - 0x00007ffde8c5b000 	C:\Program Files\Java\jdk-21\bin\VCRUNTIME140.dll
0x00007ffdf6410000 - 0x00007ffdf64c4000 	C:\WINDOWS\System32\ADVAPI32.dll
0x00007ffdf5c50000 - 0x00007ffdf5cf9000 	C:\WINDOWS\System32\msvcrt.dll
0x00007ffdf5ba0000 - 0x00007ffdf5c46000 	C:\WINDOWS\System32\sechost.dll
0x00007ffdf7500000 - 0x00007ffdf7616000 	C:\WINDOWS\System32\RPCRT4.dll
0x00007ffdf6f80000 - 0x00007ffdf7148000 	C:\WINDOWS\System32\USER32.dll
0x00007ffddb540000 - 0x00007ffddb7d0000 	C:\WINDOWS\WinSxS\amd64_microsoft.windows.common-controls_6595b64144ccf1df_6.0.26100.2454_none_3e0b68a2e331ad60\COMCTL32.dll
0x00007ffdf5b70000 - 0x00007ffdf5b97000 	C:\WINDOWS\System32\win32u.dll
0x00007ffdf7bd0000 - 0x00007ffdf7bfa000 	C:\WINDOWS\System32\GDI32.dll
0x00007ffdf5a40000 - 0x00007ffdf5b6b000 	C:\WINDOWS\System32\gdi32full.dll
0x00007ffdf53b0000 - 0x00007ffdf5453000 	C:\WINDOWS\System32\msvcp_win.dll
0x00007ffde8010000 - 0x00007ffde801b000 	C:\WINDOWS\SYSTEM32\VERSION.dll
0x00007ffdf7630000 - 0x00007ffdf765f000 	C:\WINDOWS\System32\IMM32.DLL
0x00007ffde8c30000 - 0x00007ffde8c3c000 	C:\Program Files\Java\jdk-21\bin\vcruntime140_1.dll
0x00007ffdb3ea0000 - 0x00007ffdb3f2e000 	C:\Program Files\Java\jdk-21\bin\msvcp140.dll
0x00007ffd950e0000 - 0x00007ffd95df8000 	C:\Program Files\Java\jdk-21\bin\server\jvm.dll
0x00007ffdf69a0000 - 0x00007ffdf6a14000 	C:\WINDOWS\System32\WS2_32.dll
0x00007ffdf4950000 - 0x00007ffdf499e000 	C:\WINDOWS\SYSTEM32\POWRPROF.dll
0x00007ffde1200000 - 0x00007ffde1236000 	C:\WINDOWS\SYSTEM32\WINMM.dll
0x00007ffdf48c0000 - 0x00007ffdf48d4000 	C:\WINDOWS\SYSTEM32\UMPDC.dll
0x00007ffdf3f50000 - 0x00007ffdf3f6a000 	C:\WINDOWS\SYSTEM32\kernel.appcore.dll
0x00007ffde8c20000 - 0x00007ffde8c2a000 	C:\Program Files\Java\jdk-21\bin\jimage.dll
0x00007ffde06c0000 - 0x00007ffde0901000 	C:\WINDOWS\SYSTEM32\DBGHELP.DLL
0x00007ffdf7760000 - 0x00007ffdf7ade000 	C:\WINDOWS\System32\combase.dll
0x00007ffdf68c0000 - 0x00007ffdf6996000 	C:\WINDOWS\System32\OLEAUT32.dll
0x00007ffddc4b0000 - 0x00007ffddc4e9000 	C:\WINDOWS\SYSTEM32\dbgcore.DLL
0x00007ffdf5820000 - 0x00007ffdf58b9000 	C:\WINDOWS\System32\bcryptPrimitives.dll
0x00007ffde5820000 - 0x00007ffde582f000 	C:\Program Files\Java\jdk-21\bin\instrument.dll
0x00007ffde57d0000 - 0x00007ffde57ef000 	C:\Program Files\Java\jdk-21\bin\java.dll
0x00007ffdf5d00000 - 0x00007ffdf6400000 	C:\WINDOWS\System32\SHELL32.dll
0x00007ffdf2e60000 - 0x00007ffdf3691000 	C:\WINDOWS\SYSTEM32\windows.storage.dll
0x00007ffdf7af0000 - 0x00007ffdf7bca000 	C:\WINDOWS\System32\SHCORE.dll
0x00007ffdf7c00000 - 0x00007ffdf7c5d000 	C:\WINDOWS\System32\shlwapi.dll
0x00007ffdf5020000 - 0x00007ffdf504e000 	C:\WINDOWS\SYSTEM32\profapi.dll
0x00007ffda49c0000 - 0x00007ffda4a97000 	C:\Program Files\Java\jdk-21\bin\jsvml.dll
0x00007ffde4380000 - 0x00007ffde4398000 	C:\Program Files\Java\jdk-21\bin\zip.dll
0x00007ffde5810000 - 0x00007ffde5820000 	C:\Program Files\Java\jdk-21\bin\net.dll
0x00007ffde8e60000 - 0x00007ffde8f86000 	C:\WINDOWS\SYSTEM32\WINHTTP.dll
0x00007ffdf4450000 - 0x00007ffdf44b8000 	C:\WINDOWS\system32\mswsock.dll
0x00007ffde4c60000 - 0x00007ffde4c76000 	C:\Program Files\Java\jdk-21\bin\nio.dll
0x00007ffde4360000 - 0x00007ffde437a000 	C:\Program Files\JetBrains\IntelliJ IDEA Community Edition 2024.3\bin\breakgen64.dll
0x00007ffde4350000 - 0x00007ffde4359000 	C:\Program Files\Java\jdk-21\bin\extnet.dll
0x00007ffde4330000 - 0x00007ffde433a000 	C:\Program Files\Java\jdk-21\bin\management.dll
0x00007ffde3c60000 - 0x00007ffde3c6b000 	C:\Program Files\Java\jdk-21\bin\management_ext.dll
0x00007ffdf7620000 - 0x00007ffdf7628000 	C:\WINDOWS\System32\PSAPI.DLL
0x00007ffde4340000 - 0x00007ffde434e000 	C:\Program Files\Java\jdk-21\bin\sunmscapi.dll
0x00007ffdf58c0000 - 0x00007ffdf5a36000 	C:\WINDOWS\System32\CRYPT32.dll
0x00007ffdf4a00000 - 0x00007ffdf4a30000 	C:\WINDOWS\SYSTEM32\ncrypt.dll
0x00007ffdf49b0000 - 0x00007ffdf49ef000 	C:\WINDOWS\SYSTEM32\NTASN1.dll
0x00007ffdf46f0000 - 0x00007ffdf470c000 	C:\WINDOWS\SYSTEM32\CRYPTSP.dll
0x00007ffdf3eb0000 - 0x00007ffdf3ee8000 	C:\WINDOWS\system32\rsaenh.dll
0x00007ffdf44f0000 - 0x00007ffdf451b000 	C:\WINDOWS\SYSTEM32\USERENV.dll
0x00007ffdf4a40000 - 0x00007ffdf4a66000 	C:\WINDOWS\SYSTEM32\bcrypt.dll
0x00007ffdf4710000 - 0x00007ffdf471c000 	C:\WINDOWS\SYSTEM32\CRYPTBASE.dll
0x00007ffdf3990000 - 0x00007ffdf39c2000 	C:\WINDOWS\SYSTEM32\IPHLPAPI.DLL
0x00007ffdf68b0000 - 0x00007ffdf68ba000 	C:\WINDOWS\System32\NSI.dll
0x00007ffde3c50000 - 0x00007ffde3c60000 	C:\Program Files\Java\jdk-21\bin\verify.dll
0x00007ffdf3a20000 - 0x00007ffdf3b45000 	C:\WINDOWS\SYSTEM32\DNSAPI.dll
0x00007ffdec9c0000 - 0x00007ffdec9cb000 	C:\Windows\System32\rasadhlp.dll
0x00007ffde81a0000 - 0x00007ffde8225000 	C:\WINDOWS\System32\fwpuclnt.dll
0x00007ffde2de0000 - 0x00007ffde2de8000 	C:\WINDOWS\system32\wshunix.dll

dbghelp: loaded successfully - version: 4.0.5 - missing functions: none
symbol engine: initialized successfully - sym options: 0x614 - pdb path: .;C:\Program Files\Java\jdk-21\bin;C:\WINDOWS\SYSTEM32;C:\WINDOWS\WinSxS\amd64_microsoft.windows.common-controls_6595b64144ccf1df_6.0.26100.2454_none_3e0b68a2e331ad60;C:\Program Files\Java\jdk-21\bin\server;C:\Program Files\JetBrains\IntelliJ IDEA Community Edition 2024.3\bin

VM Arguments:
jvm_args: -javaagent:C:\Program Files\JetBrains\IntelliJ IDEA Community Edition 2024.3\lib\idea_rt.jar=9512:C:\Program Files\JetBrains\IntelliJ IDEA Community Edition 2024.3\bin -Dfile.encoding=UTF-8 -Dsun.stdout.encoding=UTF-8 -Dsun.stderr.encoding=UTF-8 
java_command: com.sahan.Hotel.Management.HotelManagementApplication
java_class_path (initial): D:\SpringBoot\Hotel-Management\target\classes;C:\Users\Sahan\.m2\repository\org\springframework\boot\spring-boot-starter-data-jpa\3.4.1\spring-boot-starter-data-jpa-3.4.1.jar;C:\Users\Sahan\.m2\repository\org\springframework\boot\spring-boot-starter\3.4.1\spring-boot-starter-3.4.1.jar;C:\Users\Sahan\.m2\repository\org\springframework\boot\spring-boot-starter-logging\3.4.1\spring-boot-starter-logging-3.4.1.jar;C:\Users\Sahan\.m2\repository\ch\qos\logback\logback-classic\1.5.12\logback-classic-1.5.12.jar;C:\Users\Sahan\.m2\repository\ch\qos\logback\logback-core\1.5.12\logback-core-1.5.12.jar;C:\Users\Sahan\.m2\repository\org\apache\logging\log4j\log4j-to-slf4j\2.24.3\log4j-to-slf4j-2.24.3.jar;C:\Users\Sahan\.m2\repository\org\apache\logging\log4j\log4j-api\2.24.3\log4j-api-2.24.3.jar;C:\Users\Sahan\.m2\repository\org\slf4j\jul-to-slf4j\2.0.16\jul-to-slf4j-2.0.16.jar;C:\Users\Sahan\.m2\repository\jakarta\annotation\jakarta.annotation-api\2.1.1\jakarta.annotation-api-2.1.1.jar;C:\Users\Sahan\.m2\repository\org\yaml\snakeyaml\2.3\snakeyaml-2.3.jar;C:\Users\Sahan\.m2\repository\org\springframework\boot\spring-boot-starter-jdbc\3.4.1\spring-boot-starter-jdbc-3.4.1.jar;C:\Users\Sahan\.m2\repository\com\zaxxer\HikariCP\5.1.0\HikariCP-5.1.0.jar;C:\Users\Sahan\.m2\repository\org\springframework\spring-jdbc\6.2.1\spring-jdbc-6.2.1.jar;C:\Users\Sahan\.m2\repository\org\hibernate\orm\hibernate-core\6.6.4.Final\hibernate-core-6.6.4.Final.jar;C:\Users\Sahan\.m2\repository\jakarta\persistence\jakarta.persistence-api\3.1.0\jakarta.persistence-api-3.1.0.jar;C:\Users\Sahan\.m2\repository\jakarta\transaction\jakarta.transaction-api\2.0.1\jakarta.transaction-api-2.0.1.jar;C:\Users\Sahan\.m2\repository\org\jboss\logging\jboss-logging\3.6.1.Final\jboss-logging-3.6.1.Final.jar;C:\Users\Sahan\.m2\repository\org\hibernate\common\hibernate-commons-annotations\7.0.3.Final\hibernate-commons-annotations-7.0.3.Final.jar;C:\Users\Sahan\.m2\repository\io\smallrye\jandex\3.2.0\jandex-3.2.0.jar;C:\Users\Sahan\.m2\repository\com\fasterxml\classmate\1.7.0\classmate-1.7.0.jar;C:\Users\Sahan\.m2\repository\net\bytebuddy\byte-buddy\1.15.11\byte-buddy-1.15.11.jar;C:\Users\Sahan\.m2\repository\org\glassfish\jaxb\jaxb-runtime\4.0.5\jaxb-runtime-4.0.5.jar;C:\Users\Sahan\.m2\repository\org\glassfish\jaxb\jaxb-core\4.0.5\jaxb-core-4.0.5.jar;C:\Users\Sahan\.m2\repository\org\eclipse\angus\angus-activation\2.0.2\angus-activation-2.0.2.jar;C:\Users\Sahan\.m2\repository\org\glassfish\jaxb\txw2\4.0.5\txw2-4.0.5.jar;C:\Users\Sahan\.m2\repository\com\sun\istack\istack-commons-runtime\4.1.2\istack-commons-runtime-4.1.2.jar;C:\Users\Sahan\.m2\repository\jakarta\inject\jakarta.inject-api\2.0.1\jakarta.inject-api-2.0.1.jar;C:\Users\Sahan\.m2\repository\org\antlr\antlr4-runtime\4.13.0\antlr4-runtime-4.13.0.jar;C:\Users\Sahan\.m2\repository\org\springframework\data\spring-data-jpa\3.4.1\spring-data-jpa-3.4.1.jar;C:\Users\Sahan\.m2\repository\org\springframework\data\spring-data-commons\3.4.1\spring-data-commons-3.4.1.jar;C:\Users\Sahan\.m2\repository\org\springframework\spring-orm\6.2.1\spring-orm-6.2.1.jar;C:\Users\Sahan\.m2\repository\org\springframework\spring-context\6.2.1\spring-context-6.2.1.jar;C:\Users\Sahan\.m2\repository\org\springframework\spring-aop\6.2.1\spring-aop-6.2.1.jar;C:\Users\Sahan\.m2\repository\org\springframework\spring-tx\6.2.1\spring-tx-6.2.1.jar;C:\Users\Sahan\.m2\repository\org\springframework\spring-beans\6.2.1\spring-beans-6.2.1.jar;C:\Users\Sahan\.m2\repository\org\slf4j\slf4j-api\2.0.16\slf4j-api-2.0.16.jar;C:\Users\Sahan\.m2\repository\org\springframework\spring-aspects\6.2.1\spring-aspects-6.2.1.jar;C:\Users\Sahan\.m2\repository\org\aspectj\aspectjweaver\1.9.22.1\aspectjweaver-1.9.22.1.jar;C:\Users\Sahan\.m2\repository\org\springframework\boot\spring-boot-starter-validation\3.4.1\spring-boot-starter-validation-3.4.1.jar;C:\Users\Sahan\.m2\repository\org\apache\tomcat\embed\tomcat-embed-el\10.1.34\tomcat-embed-el-10.1.34.jar;C:\Users\Sahan\.m2\repository\org\hibernate\validator\hibernate-validator\8.0.2.Final\hibernate-validator-8.0.2.Final.jar;C:\Users\Sahan\.m2\repository\jakarta\validation\jakarta.validation-api\3.0.2\jakarta.validation-api-3.0.2.jar;C:\Users\Sahan\.m2\repository\com\fasterxml\jackson\core\jackson-databind\2.18.1\jackson-databind-2.18.1.jar;C:\Users\Sahan\.m2\repository\com\fasterxml\jackson\core\jackson-annotations\2.18.2\jackson-annotations-2.18.2.jar;C:\Users\Sahan\.m2\repository\com\fasterxml\jackson\core\jackson-core\2.18.2\jackson-core-2.18.2.jar;C:\Users\Sahan\.m2\repository\org\apache\commons\commons-lang3\3.17.0\commons-lang3-3.17.0.jar;C:\Users\Sahan\.m2\repository\org\springframework\boot\spring-boot-starter-web\3.4.1\spring-boot-starter-web-3.4.1.jar;C:\Users\Sahan\.m2\repository\org\springframework\boot\spring-boot-starter-json\3.4.1\spring-boot-starter-json-3.4.1.jar;C:\Users\Sahan\.m2\repository\com\fasterxml\jackson\datatype\jackson-datatype-jdk8\2.18.2\jackson-datatype-jdk8-2.18.2.jar;C:\Users\Sahan\.m2\repository\com\fasterxml\jackson\datatype\jackson-datatype-jsr310\2.18.2\jackson-datatype-jsr310-2.18.2.jar;C:\Users\Sahan\.m2\repository\com\fasterxml\jackson\module\jackson-module-parameter-names\2.18.2\jackson-module-parameter-names-2.18.2.jar;C:\Users\Sahan\.m2\repository\org\springframework\boot\spring-boot-starter-tomcat\3.4.1\spring-boot-starter-tomcat-3.4.1.jar;C:\Users\Sahan\.m2\repository\org\apache\tomcat\embed\tomcat-embed-core\10.1.34\tomcat-embed-core-10.1.34.jar;C:\Users\Sahan\.m2\repository\org\apache\tomcat\embed\tomcat-embed-websocket\10.1.34\tomcat-embed-websocket-10.1.34.jar;C:\Users\Sahan\.m2\repository\org\springframework\spring-web\6.2.1\spring-web-6.2.1.jar;C:\Users\Sahan\.m2\repository\io\micrometer\micrometer-observation\1.14.2\micrometer-observation-1.14.2.jar;C:\Users\Sahan\.m2\repository\io\micrometer\micrometer-commons\1.14.2\micrometer-commons-1.14.2.jar;C:\Users\Sahan\.m2\repository\org\springframework\spring-webmvc\6.2.1\spring-webmvc-6.2.1.jar;C:\Users\Sahan\.m2\repository\org\springframework\spring-expression\6.2.1\spring-expression-6.2.1.jar;C:\Users\Sahan\.m2\repository\org\springframework\boot\spring-boot-devtools\3.4.1\spring-boot-devtools-3.4.1.jar;C:\Users\Sahan\.m2\repository\org\springframework\boot\spring-boot\3.4.1\spring-boot-3.4.1.jar;C:\Users\Sahan\.m2\repository\org\springframework\boot\spring-boot-autoconfigure\3.4.1\spring-boot-autoconfigure-3.4.1.jar;C:\Users\Sahan\.m2\repository\com\mysql\mysql-connector-j\9.1.0\mysql-connector-j-9.1.0.jar;C:\Users\Sahan\.m2\repository\org\projectlombok\lombok\1.18.36\lombok-1.18.36.jar;C:\Users\Sahan\.m2\repository\jakarta\xml\bind\jakarta.xml.bind-api\4.0.2\jakarta.xml.bind-api-4.0.2.jar;C:\Users\Sahan\.m2\repository\jakarta\activation\jakarta.activation-api\2.1.3\jakarta.activation-api-2.1.3.jar;C:\Users\Sahan\.m2\repository\org\springframework\spring-core\6.2.1\spring-core-6.2.1.jar;C:\Users\Sahan\.m2\repository\org\springframework\spring-jcl\6.2.1\spring-jcl-6.2.1.jar
Launcher Type: SUN_STANDARD

[Global flags]
     intx CICompilerCount                          = 4                                         {product} {ergonomic}
     uint ConcGCThreads                            = 3                                         {product} {ergonomic}
     uint G1ConcRefinementThreads                  = 10                                        {product} {ergonomic}
   size_t G1HeapRegionSize                         = 1048576                                   {product} {ergonomic}
    uintx GCDrainStackTargetSize                   = 64                                        {product} {ergonomic}
   size_t InitialHeapSize                          = 132120576                                 {product} {ergonomic}
   size_t MarkStackSize                            = 4194304                                   {product} {ergonomic}
   size_t MaxHeapSize                              = 2107637760                                {product} {ergonomic}
   size_t MaxNewSize                               = 1264582656                                {product} {ergonomic}
   size_t MinHeapDeltaBytes                        = 1048576                                   {product} {ergonomic}
   size_t MinHeapSize                              = 8388608                                   {product} {ergonomic}
    uintx NonNMethodCodeHeapSize                   = 5839372                                {pd product} {ergonomic}
    uintx NonProfiledCodeHeapSize                  = 122909434                              {pd product} {ergonomic}
    uintx ProfiledCodeHeapSize                     = 122909434                              {pd product} {ergonomic}
    uintx ReservedCodeCacheSize                    = 251658240                              {pd product} {ergonomic}
     bool SegmentedCodeCache                       = true                                      {product} {ergonomic}
   size_t SoftMaxHeapSize                          = 2107637760                             {manageable} {ergonomic}
     bool UseCompressedOops                        = true                           {product lp64_product} {ergonomic}
     bool UseG1GC                                  = true                                      {product} {ergonomic}
     bool UseLargePagesIndividualAllocation        = false                                  {pd product} {ergonomic}

Logging:
Log output configuration:
 #0: stdout all=warning uptime,level,tags foldmultilines=false
 #1: stderr all=off uptime,level,tags foldmultilines=false

Environment Variables:
PATH=C:\Program Files\Common Files\Oracle\Java\javapath;C:\WINDOWS\system32;C:\WINDOWS;C:\WINDOWS\System32\Wbem;C:\WINDOWS\System32\WindowsPowerShell\v1.0\;C:\WINDOWS\System32\OpenSSH\;C:\Program Files\dotnet\;C:\Program Files (x86)\dotnet\;C:\Program Files (x86)\NVIDIA Corporation\PhysX\Common;C:\Program Files\NVIDIA Corporation\NVIDIA NvDLISR;C:\Program Files\nodejs\;C:\Program Files\Git\cmd;C:\Users\Sahan\AppData\Local\Microsoft\WindowsApps;C:\Users\Sahan\AppData\Local\Programs\Microsoft VS Code\bin;C:\Users\Sahan\AppData\Roaming\npm;
USERNAME=Sahan
OS=Windows_NT
PROCESSOR_IDENTIFIER=Intel64 Family 6 Model 158 Stepping 10, GenuineIntel
TMP=C:\Users\Sahan\AppData\Local\Temp
TEMP=C:\Users\Sahan\AppData\Local\Temp




Periodic native trim disabled

---------------  S Y S T E M  ---------------

OS:
 Windows 11 , 64 bit Build 26100 (10.0.26100.2454)
OS uptime: 5 days 2:11 hours

CPU: total 12 (initial active 12) (6 cores per cpu, 2 threads per core) family 6 model 158 stepping 10 microcode 0xde, cx8, cmov, fxsr, ht, mmx, 3dnowpref, sse, sse2, sse3, ssse3, sse4.1, sse4.2, popcnt, lzcnt, tsc, tscinvbit, avx, avx2, aes, erms, clmul, bmi1, bmi2, adx, fma, vzeroupper, clflush, clflushopt, rdtscp, f16c
Processor Information for all 12 processors :
  Max Mhz: 2208, Current Mhz: 2208, Mhz Limit: 2208

Memory: 4k page, system-wide physical 8034M (751M free)
TotalPageFile size 12130M (AvailPageFile size 5M)
current process WorkingSet (physical memory assigned to process): 277M, peak: 320M
current process commit charge ("private bytes"): 344M, peak: 361M

vm_info: Java HotSpot(TM) 64-Bit Server VM (21.0.5+9-LTS-239) for windows-amd64 JRE (21.0.5+9-LTS-239), built on 2024-09-30T05:17:38Z by "mach5one" with MS VC++ 17.6 (VS2022)

END.
