#
# There is insufficient memory for the Java Runtime Environment to continue.
# Native memory allocation (malloc) failed to allocate 1782736 bytes for Chunk::new
# Possible reasons:
#   The system is out of physical RAM or swap space
#   The process is running with CompressedOops enabled, and the Java Heap may be blocking the growth of the native heap
# Possible solutions:
#   Reduce memory load on the system
#   Increase physical memory or swap space
#   Check if swap backing store is full
#   Decrease Java heap size (-Xmx/-Xms)
#   Decrease number of Java threads
#   Decrease Java thread stack sizes (-Xss)
#   Set larger code cache with -XX:ReservedCodeCacheSize=
#   JVM is running with Unscaled Compressed Oops mode in which the Java heap is
#     placed in the first 4GB address space. The Java Heap base address is the
#     maximum limit for the native heap growth. Please use -XX:HeapBaseMinAddress
#     to set the Java Heap base and to place the Java Heap above 4GB virtual address.
# This output file may be truncated or incomplete.
#
#  Out of Memory Error (arena.cpp:168), pid=15492, tid=15512
#
# JRE version: Java(TM) SE Runtime Environment (21.0.5+9) (build 21.0.5+9-LTS-239)
# Java VM: Java HotSpot(TM) 64-Bit Server VM (21.0.5+9-LTS-239, mixed mode, sharing, tiered, compressed oops, compressed class ptrs, g1 gc, windows-amd64)
# No core dump will be written. Minidumps are not enabled by default on client versions of Windows
#

---------------  S U M M A R Y ------------

Command Line: -javaagent:C:\Program Files\JetBrains\IntelliJ IDEA Community Edition 2024.3\lib\idea_rt.jar=1231:C:\Program Files\JetBrains\IntelliJ IDEA Community Edition 2024.3\bin -Dfile.encoding=UTF-8 -Dsun.stdout.encoding=UTF-8 -Dsun.stderr.encoding=UTF-8 com.sahan.Hotel.Management.HotelManagementApplication

Host: Intel(R) Core(TM) i7-8750H CPU @ 2.20GHz, 12 cores, 7G,  Windows 11 , 64 bit Build 26100 (10.0.26100.2454)
Time: Mon Dec 30 15:52:40 2024 GMT Standard Time elapsed time: 8.986060 seconds (0d 0h 0m 8s)

---------------  T H R E A D  ---------------

Current thread (0x000001e1caa90f00):  JavaThread "C2 CompilerThread1" daemon [_thread_in_native, id=15512, stack(0x000000a00af00000,0x000000a00b000000) (1024K)]


Current CompileTask:
C2:   8986 2293   !   4       jdk.internal.loader.BuiltinClassLoader::loadClassOrNull (143 bytes)

Stack: [0x000000a00af00000,0x000000a00b000000]
Native frames: (J=compiled Java code, j=interpreted, Vv=VM code, C=native code)
V  [jvm.dll+0x6ca289]
V  [jvm.dll+0x854a51]
V  [jvm.dll+0x856f7e]
V  [jvm.dll+0x857653]
V  [jvm.dll+0x27dd26]
V  [jvm.dll+0xc4c2d]
V  [jvm.dll+0xc5163]
V  [jvm.dll+0x3b4d02]
V  [jvm.dll+0x3814b5]
V  [jvm.dll+0x38092a]
V  [jvm.dll+0x246910]
V  [jvm.dll+0x245eef]
V  [jvm.dll+0x1c6d0e]
V  [jvm.dll+0x2554d9]
V  [jvm.dll+0x253a6a]
V  [jvm.dll+0x3ee136]
V  [jvm.dll+0x7fee9b]
V  [jvm.dll+0x6c896d]
C  [ucrtbase.dll+0x14ea0]
C  [KERNEL32.DLL+0x2e8d7]
C  [ntdll.dll+0xdfbcc]


---------------  P R O C E S S  ---------------

Threads class SMR info:
_java_thread_list=0x000001e211016d10, length=18, elements={
0x000001e1adb7fbb0, 0x000001e1ca716bb0, 0x000001e1ca717800, 0x000001e1ca7289d0,
0x000001e1ca729780, 0x000001e1ca72a1d0, 0x000001e1ca72ad50, 0x000001e1caa78090,
0x000001e1caa8f3c0, 0x000001e1ca6ed3d0, 0x000001e1caa90f00, 0x000001e1cad7d6b0,
0x000001e1cae68310, 0x000001e210705000, 0x000001e21047eeb0, 0x000001e210b697e0,
0x000001e1caa92370, 0x000001e2106f71e0
}

Java Threads: ( => current thread )
  0x000001e1adb7fbb0 JavaThread "main"                              [_thread_blocked, id=18300, stack(0x000000a009e00000,0x000000a009f00000) (1024K)]
  0x000001e1ca716bb0 JavaThread "Reference Handler"          daemon [_thread_blocked, id=2412, stack(0x000000a00a600000,0x000000a00a700000) (1024K)]
  0x000001e1ca717800 JavaThread "Finalizer"                  daemon [_thread_blocked, id=2160, stack(0x000000a00a700000,0x000000a00a800000) (1024K)]
  0x000001e1ca7289d0 JavaThread "Signal Dispatcher"          daemon [_thread_blocked, id=13756, stack(0x000000a00a800000,0x000000a00a900000) (1024K)]
  0x000001e1ca729780 JavaThread "Attach Listener"            daemon [_thread_blocked, id=16692, stack(0x000000a00a900000,0x000000a00aa00000) (1024K)]
  0x000001e1ca72a1d0 JavaThread "Service Thread"             daemon [_thread_blocked, id=11128, stack(0x000000a00aa00000,0x000000a00ab00000) (1024K)]
  0x000001e1ca72ad50 JavaThread "Monitor Deflation Thread"   daemon [_thread_blocked, id=8332, stack(0x000000a00ab00000,0x000000a00ac00000) (1024K)]
  0x000001e1caa78090 JavaThread "C2 CompilerThread0"         daemon [_thread_in_native, id=11924, stack(0x000000a00ac00000,0x000000a00ad00000) (1024K)]
  0x000001e1caa8f3c0 JavaThread "C1 CompilerThread0"         daemon [_thread_blocked, id=8144, stack(0x000000a00ad00000,0x000000a00ae00000) (1024K)]
  0x000001e1ca6ed3d0 JavaThread "Common-Cleaner"             daemon [_thread_blocked, id=2700, stack(0x000000a00ae00000,0x000000a00af00000) (1024K)]
=>0x000001e1caa90f00 JavaThread "C2 CompilerThread1"         daemon [_thread_in_native, id=15512, stack(0x000000a00af00000,0x000000a00b000000) (1024K)]
  0x000001e1cad7d6b0 JavaThread "Monitor Ctrl-Break"         daemon [_thread_in_native, id=14888, stack(0x000000a00b000000,0x000000a00b100000) (1024K)]
  0x000001e1cae68310 JavaThread "Notification Thread"        daemon [_thread_blocked, id=7172, stack(0x000000a00b100000,0x000000a00b200000) (1024K)]
  0x000001e210705000 JavaThread "Thread-0"                          [_thread_blocked, id=8012, stack(0x000000a00b200000,0x000000a00b300000) (1024K)]
  0x000001e21047eeb0 JavaThread "restartedMain"                     [_thread_in_native, id=14544, stack(0x000000a00b300000,0x000000a00b400000) (1024K)]
  0x000001e210b697e0 JavaThread "background-preinit"                [_thread_blocked, id=4300, stack(0x000000a00b900000,0x000000a00ba00000) (1024K)]
  0x000001e1caa92370 JavaThread "C2 CompilerThread2"         daemon [_thread_in_native, id=3308, stack(0x000000a00be00000,0x000000a00bf00000) (1024K)]
  0x000001e2106f71e0 JavaThread "Thread-3"                          [_thread_blocked, id=9148, stack(0x000000a00bf00000,0x000000a00c000000) (1024K)]
Total: 18

Other Threads:
  0x000001e1ca703090 VMThread "VM Thread"                           [id=4156, stack(0x000000a00a500000,0x000000a00a600000) (1024K)]
  0x000001e1ca6eca40 WatcherThread "VM Periodic Task Thread"        [id=14476, stack(0x000000a00a400000,0x000000a00a500000) (1024K)]
  0x000001e1adbd6510 WorkerThread "GC Thread#0"                     [id=6544, stack(0x000000a009f00000,0x000000a00a000000) (1024K)]
  0x000001e21086daa0 WorkerThread "GC Thread#1"                     [id=17640, stack(0x000000a00b400000,0x000000a00b500000) (1024K)]
  0x000001e21086de40 WorkerThread "GC Thread#2"                     [id=1692, stack(0x000000a00b500000,0x000000a00b600000) (1024K)]
  0x000001e21086e1e0 WorkerThread "GC Thread#3"                     [id=4112, stack(0x000000a00b600000,0x000000a00b700000) (1024K)]
  0x000001e21086e580 WorkerThread "GC Thread#4"                     [id=5796, stack(0x000000a00b700000,0x000000a00b800000) (1024K)]
  0x000001e210531660 WorkerThread "GC Thread#5"                     [id=17212, stack(0x000000a00b800000,0x000000a00b900000) (1024K)]
  0x000001e2111163c0 WorkerThread "GC Thread#6"                     [id=11988, stack(0x000000a00ba00000,0x000000a00bb00000) (1024K)]
  0x000001e211116b70 WorkerThread "GC Thread#7"                     [id=10868, stack(0x000000a00bb00000,0x000000a00bc00000) (1024K)]
  0x000001e210a56780 WorkerThread "GC Thread#8"                     [id=14052, stack(0x000000a00bc00000,0x000000a00bd00000) (1024K)]
  0x000001e210c06be0 WorkerThread "GC Thread#9"                     [id=3904, stack(0x000000a00bd00000,0x000000a00be00000) (1024K)]
  0x000001e1adbe95e0 ConcurrentGCThread "G1 Main Marker"            [id=17740, stack(0x000000a00a000000,0x000000a00a100000) (1024K)]
  0x000001e1adbea790 WorkerThread "G1 Conc#0"                       [id=9256, stack(0x000000a00a100000,0x000000a00a200000) (1024K)]
  0x000001e1ca5bb470 ConcurrentGCThread "G1 Refine#0"               [id=8988, stack(0x000000a00a200000,0x000000a00a300000) (1024K)]
  0x000001e1ca5bcda0 ConcurrentGCThread "G1 Service"                [id=8736, stack(0x000000a00a300000,0x000000a00a400000) (1024K)]
Total: 16

Threads with active compile tasks:
C2 CompilerThread0     9062 2409       4       java.util.jar.JarFile::getVersionedEntry (133 bytes)
C1 CompilerThread0     9062 2426       3       sun.security.util.KnownOIDs::register (349 bytes)
C2 CompilerThread1     9062 2293   !   4       jdk.internal.loader.BuiltinClassLoader::loadClassOrNull (143 bytes)
C2 CompilerThread2     9062 2354       4       java.lang.invoke.MethodType::methodType (69 bytes)
Total: 4

VM state: at safepoint (normal execution)

VM Mutex/Monitor currently owned by a thread:  ([mutex/lock_event])
[0x00007ffc0ed5be98] Threads_lock - owner thread: 0x000001e1ca703090
[0x00007ffc0ed5bf98] Heap_lock - owner thread: 0x000001e1caa8f3c0

Heap address: 0x0000000082600000, size: 2010 MB, Compressed Oops mode: 32-bit

CDS archive(s) mapped at: [0x000001e1cb000000-0x000001e1cbc90000-0x000001e1cbc90000), size 13172736, SharedBaseAddress: 0x000001e1cb000000, ArchiveRelocationMode: 1.
Compressed class space mapped at: 0x000001e1cc000000-0x000001e20c000000, reserved size: 1073741824
Narrow klass base: 0x000001e1cb000000, Narrow klass shift: 0, Narrow klass range: 0x100000000

GC Precious Log:
 CardTable entry size: 512
 Card Set container configuration: InlinePtr #cards 5 size 8 Array Of Cards #cards 12 size 40 Howl #buckets 4 coarsen threshold 1843 Howl Bitmap #cards 512 size 80 coarsen threshold 460 Card regions per heap region 1 cards per card region 2048
 CPUs: 12 total, 12 available
 Memory: 8034M
 Large Page Support: Disabled
 NUMA Support: Disabled
 Compressed Oops: Enabled (32-bit)
 Heap Region Size: 1M
 Heap Min Capacity: 8M
 Heap Initial Capacity: 126M
 Heap Max Capacity: 2010M
 Pre-touch: Disabled
 Parallel Workers: 10
 Concurrent Workers: 3
 Concurrent Refinement Workers: 10
 Periodic GC: Disabled

Heap:
 garbage-first heap   total 129024K, used 40743K [0x0000000082600000, 0x0000000100000000)
  region size 1024K, 30 young (30720K), 0 survivors (0K)
 Metaspace       used 21207K, committed 21504K, reserved 1114112K
  class space    used 2665K, committed 2816K, reserved 1048576K

Heap Regions: E=young(eden), S=young(survivor), O=old, HS=humongous(starts), HC=humongous(continues), CS=collection set, F=free, TAMS=top-at-mark-start, PB=parsable bottom
|   0|0x0000000082600000, 0x0000000082700000, 0x0000000082700000|100%|HS|  |TAMS 0x0000000082600000| PB 0x0000000082600000| Complete 
|   1|0x0000000082700000, 0x0000000082800000, 0x0000000082800000|100%|HS|  |TAMS 0x0000000082700000| PB 0x0000000082700000| Complete 
|   2|0x0000000082800000, 0x0000000082900000, 0x0000000082900000|100%| O|  |TAMS 0x0000000082800000| PB 0x0000000082800000| Untracked 
|   3|0x0000000082900000, 0x0000000082a00000, 0x0000000082a00000|100%| O|  |TAMS 0x0000000082900000| PB 0x0000000082900000| Untracked 
|   4|0x0000000082a00000, 0x0000000082b00000, 0x0000000082b00000|100%| O|  |TAMS 0x0000000082a00000| PB 0x0000000082a00000| Untracked 
|   5|0x0000000082b00000, 0x0000000082c00000, 0x0000000082c00000|100%| O|  |TAMS 0x0000000082b00000| PB 0x0000000082b00000| Untracked 
|   6|0x0000000082c00000, 0x0000000082d00000, 0x0000000082d00000|100%| O|  |TAMS 0x0000000082c00000| PB 0x0000000082c00000| Untracked 
|   7|0x0000000082d00000, 0x0000000082d7cf40, 0x0000000082e00000| 48%| O|  |TAMS 0x0000000082d00000| PB 0x0000000082d00000| Untracked 
|   8|0x0000000082e00000, 0x0000000082e00000, 0x0000000082f00000|  0%| F|  |TAMS 0x0000000082e00000| PB 0x0000000082e00000| Untracked 
|   9|0x0000000082f00000, 0x0000000082f00000, 0x0000000083000000|  0%| F|  |TAMS 0x0000000082f00000| PB 0x0000000082f00000| Untracked 
|  10|0x0000000083000000, 0x0000000083000000, 0x0000000083100000|  0%| F|  |TAMS 0x0000000083000000| PB 0x0000000083000000| Untracked 
|  11|0x0000000083100000, 0x0000000083100000, 0x0000000083200000|  0%| F|  |TAMS 0x0000000083100000| PB 0x0000000083100000| Untracked 
|  12|0x0000000083200000, 0x0000000083200000, 0x0000000083300000|  0%| F|  |TAMS 0x0000000083200000| PB 0x0000000083200000| Untracked 
|  13|0x0000000083300000, 0x0000000083300000, 0x0000000083400000|  0%| F|  |TAMS 0x0000000083300000| PB 0x0000000083300000| Untracked 
|  14|0x0000000083400000, 0x0000000083400000, 0x0000000083500000|  0%| F|  |TAMS 0x0000000083400000| PB 0x0000000083400000| Untracked 
|  15|0x0000000083500000, 0x0000000083500000, 0x0000000083600000|  0%| F|  |TAMS 0x0000000083500000| PB 0x0000000083500000| Untracked 
|  16|0x0000000083600000, 0x0000000083600000, 0x0000000083700000|  0%| F|  |TAMS 0x0000000083600000| PB 0x0000000083600000| Untracked 
|  17|0x0000000083700000, 0x0000000083700000, 0x0000000083800000|  0%| F|  |TAMS 0x0000000083700000| PB 0x0000000083700000| Untracked 
|  18|0x0000000083800000, 0x0000000083800000, 0x0000000083900000|  0%| F|  |TAMS 0x0000000083800000| PB 0x0000000083800000| Untracked 
|  19|0x0000000083900000, 0x0000000083900000, 0x0000000083a00000|  0%| F|  |TAMS 0x0000000083900000| PB 0x0000000083900000| Untracked 
|  20|0x0000000083a00000, 0x0000000083a00000, 0x0000000083b00000|  0%| F|  |TAMS 0x0000000083a00000| PB 0x0000000083a00000| Untracked 
|  21|0x0000000083b00000, 0x0000000083b00000, 0x0000000083c00000|  0%| F|  |TAMS 0x0000000083b00000| PB 0x0000000083b00000| Untracked 
|  22|0x0000000083c00000, 0x0000000083c00000, 0x0000000083d00000|  0%| F|  |TAMS 0x0000000083c00000| PB 0x0000000083c00000| Untracked 
|  23|0x0000000083d00000, 0x0000000083d00000, 0x0000000083e00000|  0%| F|  |TAMS 0x0000000083d00000| PB 0x0000000083d00000| Untracked 
|  24|0x0000000083e00000, 0x0000000083e00000, 0x0000000083f00000|  0%| F|  |TAMS 0x0000000083e00000| PB 0x0000000083e00000| Untracked 
|  25|0x0000000083f00000, 0x0000000083f00000, 0x0000000084000000|  0%| F|  |TAMS 0x0000000083f00000| PB 0x0000000083f00000| Untracked 
|  26|0x0000000084000000, 0x0000000084000000, 0x0000000084100000|  0%| F|  |TAMS 0x0000000084000000| PB 0x0000000084000000| Untracked 
|  27|0x0000000084100000, 0x0000000084100000, 0x0000000084200000|  0%| F|  |TAMS 0x0000000084100000| PB 0x0000000084100000| Untracked 
|  28|0x0000000084200000, 0x0000000084200000, 0x0000000084300000|  0%| F|  |TAMS 0x0000000084200000| PB 0x0000000084200000| Untracked 
|  29|0x0000000084300000, 0x0000000084300000, 0x0000000084400000|  0%| F|  |TAMS 0x0000000084300000| PB 0x0000000084300000| Untracked 
|  30|0x0000000084400000, 0x0000000084400000, 0x0000000084500000|  0%| F|  |TAMS 0x0000000084400000| PB 0x0000000084400000| Untracked 
|  31|0x0000000084500000, 0x0000000084500000, 0x0000000084600000|  0%| F|  |TAMS 0x0000000084500000| PB 0x0000000084500000| Untracked 
|  32|0x0000000084600000, 0x0000000084600000, 0x0000000084700000|  0%| F|  |TAMS 0x0000000084600000| PB 0x0000000084600000| Untracked 
|  33|0x0000000084700000, 0x0000000084700000, 0x0000000084800000|  0%| F|  |TAMS 0x0000000084700000| PB 0x0000000084700000| Untracked 
|  34|0x0000000084800000, 0x0000000084800000, 0x0000000084900000|  0%| F|  |TAMS 0x0000000084800000| PB 0x0000000084800000| Untracked 
|  35|0x0000000084900000, 0x0000000084900000, 0x0000000084a00000|  0%| F|  |TAMS 0x0000000084900000| PB 0x0000000084900000| Untracked 
|  36|0x0000000084a00000, 0x0000000084a00000, 0x0000000084b00000|  0%| F|  |TAMS 0x0000000084a00000| PB 0x0000000084a00000| Untracked 
|  37|0x0000000084b00000, 0x0000000084b00000, 0x0000000084c00000|  0%| F|  |TAMS 0x0000000084b00000| PB 0x0000000084b00000| Untracked 
|  38|0x0000000084c00000, 0x0000000084c00000, 0x0000000084d00000|  0%| F|  |TAMS 0x0000000084c00000| PB 0x0000000084c00000| Untracked 
|  39|0x0000000084d00000, 0x0000000084d00000, 0x0000000084e00000|  0%| F|  |TAMS 0x0000000084d00000| PB 0x0000000084d00000| Untracked 
|  40|0x0000000084e00000, 0x0000000084e00000, 0x0000000084f00000|  0%| F|  |TAMS 0x0000000084e00000| PB 0x0000000084e00000| Untracked 
|  41|0x0000000084f00000, 0x0000000084f00000, 0x0000000085000000|  0%| F|  |TAMS 0x0000000084f00000| PB 0x0000000084f00000| Untracked 
|  42|0x0000000085000000, 0x0000000085000000, 0x0000000085100000|  0%| F|  |TAMS 0x0000000085000000| PB 0x0000000085000000| Untracked 
|  43|0x0000000085100000, 0x0000000085100000, 0x0000000085200000|  0%| F|  |TAMS 0x0000000085100000| PB 0x0000000085100000| Untracked 
|  44|0x0000000085200000, 0x0000000085200000, 0x0000000085300000|  0%| F|  |TAMS 0x0000000085200000| PB 0x0000000085200000| Untracked 
|  45|0x0000000085300000, 0x0000000085300000, 0x0000000085400000|  0%| F|  |TAMS 0x0000000085300000| PB 0x0000000085300000| Untracked 
|  46|0x0000000085400000, 0x0000000085400000, 0x0000000085500000|  0%| F|  |TAMS 0x0000000085400000| PB 0x0000000085400000| Untracked 
|  47|0x0000000085500000, 0x0000000085500000, 0x0000000085600000|  0%| F|  |TAMS 0x0000000085500000| PB 0x0000000085500000| Untracked 
|  48|0x0000000085600000, 0x0000000085600000, 0x0000000085700000|  0%| F|  |TAMS 0x0000000085600000| PB 0x0000000085600000| Untracked 
|  49|0x0000000085700000, 0x0000000085700000, 0x0000000085800000|  0%| F|  |TAMS 0x0000000085700000| PB 0x0000000085700000| Untracked 
|  50|0x0000000085800000, 0x0000000085800000, 0x0000000085900000|  0%| F|  |TAMS 0x0000000085800000| PB 0x0000000085800000| Untracked 
|  51|0x0000000085900000, 0x0000000085900000, 0x0000000085a00000|  0%| F|  |TAMS 0x0000000085900000| PB 0x0000000085900000| Untracked 
|  52|0x0000000085a00000, 0x0000000085a00000, 0x0000000085b00000|  0%| F|  |TAMS 0x0000000085a00000| PB 0x0000000085a00000| Untracked 
|  53|0x0000000085b00000, 0x0000000085b00000, 0x0000000085c00000|  0%| F|  |TAMS 0x0000000085b00000| PB 0x0000000085b00000| Untracked 
|  54|0x0000000085c00000, 0x0000000085c00000, 0x0000000085d00000|  0%| F|  |TAMS 0x0000000085c00000| PB 0x0000000085c00000| Untracked 
|  55|0x0000000085d00000, 0x0000000085d00000, 0x0000000085e00000|  0%| F|  |TAMS 0x0000000085d00000| PB 0x0000000085d00000| Untracked 
|  56|0x0000000085e00000, 0x0000000085e00000, 0x0000000085f00000|  0%| F|  |TAMS 0x0000000085e00000| PB 0x0000000085e00000| Untracked 
|  57|0x0000000085f00000, 0x0000000085f00000, 0x0000000086000000|  0%| F|  |TAMS 0x0000000085f00000| PB 0x0000000085f00000| Untracked 
|  58|0x0000000086000000, 0x0000000086000000, 0x0000000086100000|  0%| F|  |TAMS 0x0000000086000000| PB 0x0000000086000000| Untracked 
|  59|0x0000000086100000, 0x0000000086100000, 0x0000000086200000|  0%| F|  |TAMS 0x0000000086100000| PB 0x0000000086100000| Untracked 
|  60|0x0000000086200000, 0x0000000086200000, 0x0000000086300000|  0%| F|  |TAMS 0x0000000086200000| PB 0x0000000086200000| Untracked 
|  61|0x0000000086300000, 0x0000000086300000, 0x0000000086400000|  0%| F|  |TAMS 0x0000000086300000| PB 0x0000000086300000| Untracked 
|  62|0x0000000086400000, 0x0000000086400000, 0x0000000086500000|  0%| F|  |TAMS 0x0000000086400000| PB 0x0000000086400000| Untracked 
|  63|0x0000000086500000, 0x0000000086500000, 0x0000000086600000|  0%| F|  |TAMS 0x0000000086500000| PB 0x0000000086500000| Untracked 
|  64|0x0000000086600000, 0x0000000086600000, 0x0000000086700000|  0%| F|  |TAMS 0x0000000086600000| PB 0x0000000086600000| Untracked 
|  65|0x0000000086700000, 0x0000000086700000, 0x0000000086800000|  0%| F|  |TAMS 0x0000000086700000| PB 0x0000000086700000| Untracked 
|  66|0x0000000086800000, 0x0000000086800000, 0x0000000086900000|  0%| F|  |TAMS 0x0000000086800000| PB 0x0000000086800000| Untracked 
|  67|0x0000000086900000, 0x0000000086900000, 0x0000000086a00000|  0%| F|  |TAMS 0x0000000086900000| PB 0x0000000086900000| Untracked 
|  68|0x0000000086a00000, 0x0000000086a00000, 0x0000000086b00000|  0%| F|  |TAMS 0x0000000086a00000| PB 0x0000000086a00000| Untracked 
|  69|0x0000000086b00000, 0x0000000086b00000, 0x0000000086c00000|  0%| F|  |TAMS 0x0000000086b00000| PB 0x0000000086b00000| Untracked 
|  70|0x0000000086c00000, 0x0000000086c00000, 0x0000000086d00000|  0%| F|  |TAMS 0x0000000086c00000| PB 0x0000000086c00000| Untracked 
|  71|0x0000000086d00000, 0x0000000086d00000, 0x0000000086e00000|  0%| F|  |TAMS 0x0000000086d00000| PB 0x0000000086d00000| Untracked 
|  72|0x0000000086e00000, 0x0000000086e00000, 0x0000000086f00000|  0%| F|  |TAMS 0x0000000086e00000| PB 0x0000000086e00000| Untracked 
|  73|0x0000000086f00000, 0x0000000086f00000, 0x0000000087000000|  0%| F|  |TAMS 0x0000000086f00000| PB 0x0000000086f00000| Untracked 
|  74|0x0000000087000000, 0x0000000087000000, 0x0000000087100000|  0%| F|  |TAMS 0x0000000087000000| PB 0x0000000087000000| Untracked 
|  75|0x0000000087100000, 0x0000000087100000, 0x0000000087200000|  0%| F|  |TAMS 0x0000000087100000| PB 0x0000000087100000| Untracked 
|  76|0x0000000087200000, 0x0000000087200000, 0x0000000087300000|  0%| F|  |TAMS 0x0000000087200000| PB 0x0000000087200000| Untracked 
|  77|0x0000000087300000, 0x0000000087300000, 0x0000000087400000|  0%| F|  |TAMS 0x0000000087300000| PB 0x0000000087300000| Untracked 
|  78|0x0000000087400000, 0x0000000087400000, 0x0000000087500000|  0%| F|  |TAMS 0x0000000087400000| PB 0x0000000087400000| Untracked 
|  79|0x0000000087500000, 0x0000000087500000, 0x0000000087600000|  0%| F|  |TAMS 0x0000000087500000| PB 0x0000000087500000| Untracked 
|  80|0x0000000087600000, 0x0000000087600000, 0x0000000087700000|  0%| F|  |TAMS 0x0000000087600000| PB 0x0000000087600000| Untracked 
|  81|0x0000000087700000, 0x0000000087700000, 0x0000000087800000|  0%| F|  |TAMS 0x0000000087700000| PB 0x0000000087700000| Untracked 
|  82|0x0000000087800000, 0x0000000087800000, 0x0000000087900000|  0%| F|  |TAMS 0x0000000087800000| PB 0x0000000087800000| Untracked 
|  83|0x0000000087900000, 0x0000000087900000, 0x0000000087a00000|  0%| F|  |TAMS 0x0000000087900000| PB 0x0000000087900000| Untracked 
|  84|0x0000000087a00000, 0x0000000087a00000, 0x0000000087b00000|  0%| F|  |TAMS 0x0000000087a00000| PB 0x0000000087a00000| Untracked 
|  85|0x0000000087b00000, 0x0000000087b00000, 0x0000000087c00000|  0%| F|  |TAMS 0x0000000087b00000| PB 0x0000000087b00000| Untracked 
|  86|0x0000000087c00000, 0x0000000087c00000, 0x0000000087d00000|  0%| F|  |TAMS 0x0000000087c00000| PB 0x0000000087c00000| Untracked 
|  87|0x0000000087d00000, 0x0000000087d00000, 0x0000000087e00000|  0%| F|  |TAMS 0x0000000087d00000| PB 0x0000000087d00000| Untracked 
|  88|0x0000000087e00000, 0x0000000087e00000, 0x0000000087f00000|  0%| F|  |TAMS 0x0000000087e00000| PB 0x0000000087e00000| Untracked 
|  89|0x0000000087f00000, 0x0000000087f00000, 0x0000000088000000|  0%| F|  |TAMS 0x0000000087f00000| PB 0x0000000087f00000| Untracked 
|  90|0x0000000088000000, 0x0000000088080dd0, 0x0000000088100000| 50%| E|CS|TAMS 0x0000000088000000| PB 0x0000000088000000| Complete 
|  91|0x0000000088100000, 0x0000000088200000, 0x0000000088200000|100%| E|CS|TAMS 0x0000000088100000| PB 0x0000000088100000| Complete 
|  92|0x0000000088200000, 0x0000000088300000, 0x0000000088300000|100%| E|CS|TAMS 0x0000000088200000| PB 0x0000000088200000| Complete 
|  93|0x0000000088300000, 0x0000000088300000, 0x0000000088400000|  0%| F|  |TAMS 0x0000000088300000| PB 0x0000000088300000| Untracked 
|  94|0x0000000088400000, 0x0000000088400000, 0x0000000088500000|  0%| F|  |TAMS 0x0000000088400000| PB 0x0000000088400000| Untracked 
|  95|0x0000000088500000, 0x0000000088500000, 0x0000000088600000|  0%| F|  |TAMS 0x0000000088500000| PB 0x0000000088500000| Untracked 
|  96|0x0000000088600000, 0x00000000886cc158, 0x0000000088700000| 79%| E|CS|TAMS 0x0000000088600000| PB 0x0000000088600000| Complete 
|  97|0x0000000088700000, 0x0000000088800000, 0x0000000088800000|100%| E|CS|TAMS 0x0000000088700000| PB 0x0000000088700000| Complete 
|  98|0x0000000088800000, 0x0000000088900000, 0x0000000088900000|100%| E|CS|TAMS 0x0000000088800000| PB 0x0000000088800000| Complete 
|  99|0x0000000088900000, 0x0000000088a00000, 0x0000000088a00000|100%| E|CS|TAMS 0x0000000088900000| PB 0x0000000088900000| Complete 
| 100|0x0000000088a00000, 0x0000000088b00000, 0x0000000088b00000|100%| E|CS|TAMS 0x0000000088a00000| PB 0x0000000088a00000| Complete 
| 101|0x0000000088b00000, 0x0000000088c00000, 0x0000000088c00000|100%| E|CS|TAMS 0x0000000088b00000| PB 0x0000000088b00000| Complete 
| 102|0x0000000088c00000, 0x0000000088d00000, 0x0000000088d00000|100%| E|CS|TAMS 0x0000000088c00000| PB 0x0000000088c00000| Complete 
| 103|0x0000000088d00000, 0x0000000088e00000, 0x0000000088e00000|100%| E|CS|TAMS 0x0000000088d00000| PB 0x0000000088d00000| Complete 
| 104|0x0000000088e00000, 0x0000000088f00000, 0x0000000088f00000|100%| E|CS|TAMS 0x0000000088e00000| PB 0x0000000088e00000| Complete 
| 105|0x0000000088f00000, 0x0000000089000000, 0x0000000089000000|100%| E|CS|TAMS 0x0000000088f00000| PB 0x0000000088f00000| Complete 
| 106|0x0000000089000000, 0x0000000089100000, 0x0000000089100000|100%| E|CS|TAMS 0x0000000089000000| PB 0x0000000089000000| Complete 
| 107|0x0000000089100000, 0x0000000089200000, 0x0000000089200000|100%| E|CS|TAMS 0x0000000089100000| PB 0x0000000089100000| Complete 
| 108|0x0000000089200000, 0x0000000089300000, 0x0000000089300000|100%| E|CS|TAMS 0x0000000089200000| PB 0x0000000089200000| Complete 
| 109|0x0000000089300000, 0x0000000089400000, 0x0000000089400000|100%| E|CS|TAMS 0x0000000089300000| PB 0x0000000089300000| Complete 
| 110|0x0000000089400000, 0x0000000089500000, 0x0000000089500000|100%| E|CS|TAMS 0x0000000089400000| PB 0x0000000089400000| Complete 
| 111|0x0000000089500000, 0x0000000089600000, 0x0000000089600000|100%| E|CS|TAMS 0x0000000089500000| PB 0x0000000089500000| Complete 
| 112|0x0000000089600000, 0x0000000089700000, 0x0000000089700000|100%| E|CS|TAMS 0x0000000089600000| PB 0x0000000089600000| Complete 
| 113|0x0000000089700000, 0x0000000089800000, 0x0000000089800000|100%| E|CS|TAMS 0x0000000089700000| PB 0x0000000089700000| Complete 
| 114|0x0000000089800000, 0x0000000089900000, 0x0000000089900000|100%| E|CS|TAMS 0x0000000089800000| PB 0x0000000089800000| Complete 
| 115|0x0000000089900000, 0x0000000089a00000, 0x0000000089a00000|100%| E|CS|TAMS 0x0000000089900000| PB 0x0000000089900000| Complete 
| 116|0x0000000089a00000, 0x0000000089b00000, 0x0000000089b00000|100%| E|CS|TAMS 0x0000000089a00000| PB 0x0000000089a00000| Complete 
| 117|0x0000000089b00000, 0x0000000089c00000, 0x0000000089c00000|100%| E|CS|TAMS 0x0000000089b00000| PB 0x0000000089b00000| Complete 
| 118|0x0000000089c00000, 0x0000000089d00000, 0x0000000089d00000|100%| E|CS|TAMS 0x0000000089c00000| PB 0x0000000089c00000| Complete 
| 119|0x0000000089d00000, 0x0000000089e00000, 0x0000000089e00000|100%| E|CS|TAMS 0x0000000089d00000| PB 0x0000000089d00000| Complete 
| 120|0x0000000089e00000, 0x0000000089f00000, 0x0000000089f00000|100%| E|CS|TAMS 0x0000000089e00000| PB 0x0000000089e00000| Complete 
| 121|0x0000000089f00000, 0x000000008a000000, 0x000000008a000000|100%| E|CS|TAMS 0x0000000089f00000| PB 0x0000000089f00000| Complete 
| 122|0x000000008a000000, 0x000000008a100000, 0x000000008a100000|100%| E|CS|TAMS 0x000000008a000000| PB 0x000000008a000000| Complete 
| 123|0x000000008a100000, 0x000000008a200000, 0x000000008a200000|100%| E|CS|TAMS 0x000000008a100000| PB 0x000000008a100000| Complete 
| 124|0x000000008a200000, 0x000000008a300000, 0x000000008a300000|100%| E|CS|TAMS 0x000000008a200000| PB 0x000000008a200000| Complete 
| 125|0x000000008a300000, 0x000000008a400000, 0x000000008a400000|100%| E|CS|TAMS 0x000000008a300000| PB 0x000000008a300000| Complete 

Card table byte_map: [0x000001e1c5950000,0x000001e1c5d40000] _byte_map_base: 0x000001e1c553d000

Marking Bits: (CMBitMap*) 0x000001e1adbd6b20
 Bits: [0x000001e1c5d40000, 0x000001e1c7ca8000)

Polling page: 0x000001e1abb40000

Metaspace:

Usage:
  Non-class:     18.11 MB used.
      Class:      2.60 MB used.
       Both:     20.71 MB used.

Virtual space:
  Non-class space:       64.00 MB reserved,      18.25 MB ( 29%) committed,  1 nodes.
      Class space:        1.00 GB reserved,       2.75 MB ( <1%) committed,  1 nodes.
             Both:        1.06 GB reserved,      21.00 MB (  2%) committed. 

Chunk freelists:
   Non-Class:  13.58 MB
       Class:  13.09 MB
        Both:  26.67 MB

MaxMetaspaceSize: unlimited
CompressedClassSpaceSize: 1.00 GB
Initial GC threshold: 21.00 MB
Current GC threshold: 21.00 MB
CDS: on
 - commit_granule_bytes: 65536.
 - commit_granule_words: 8192.
 - virtual_space_node_default_size: 8388608.
 - enlarge_chunks_in_place: 1.
 - use_allocation_guard: 0.


Internal statistics:

num_allocs_failed_limit: 3.
num_arena_births: 328.
num_arena_deaths: 0.
num_vsnodes_births: 2.
num_vsnodes_deaths: 0.
num_space_committed: 336.
num_space_uncommitted: 0.
num_chunks_returned_to_freelist: 3.
num_chunks_taken_from_freelist: 1051.
num_chunk_merges: 0.
num_chunk_splits: 699.
num_chunks_enlarged: 497.
num_inconsistent_stats: 0.

CodeHeap 'non-profiled nmethods': size=120000Kb used=1076Kb max_used=1076Kb free=118923Kb
 bounds [0x000001e1bdad0000, 0x000001e1bdd40000, 0x000001e1c5000000]
CodeHeap 'profiled nmethods': size=120000Kb used=4428Kb max_used=4428Kb free=115572Kb
 bounds [0x000001e1b6000000, 0x000001e1b6460000, 0x000001e1bd530000]
CodeHeap 'non-nmethods': size=5760Kb used=1452Kb max_used=1501Kb free=4307Kb
 bounds [0x000001e1bd530000, 0x000001e1bd7a0000, 0x000001e1bdad0000]
 total_blobs=2949 nmethods=2415 adapters=438
 compilation: enabled
              stopped_count=0, restarted_count=0
 full_count=0

Compilation events (20 events):
Event: 6.908 Thread 0x000001e1caa8f3c0 2376       3       java.lang.invoke.BoundMethodHandle::bindArgumentL (11 bytes)
Event: 6.908 Thread 0x000001e1caa8f3c0 nmethod 2376 0x000001e1b643fd10 code [0x000001e1b643ff00, 0x000001e1b64403e0]
Event: 6.917 Thread 0x000001e1caa8f3c0 2379   !   3       java.lang.invoke.MethodHandles$Lookup$ClassDefiner::defineClass (213 bytes)
Event: 6.918 Thread 0x000001e1caa8f3c0 nmethod 2379 0x000001e1b6440610 code [0x000001e1b6440880, 0x000001e1b6441218]
Event: 6.923 Thread 0x000001e1caa8f3c0 2380       3       java.lang.invoke.BoundMethodHandle$SpeciesData::extendWith (64 bytes)
Event: 6.924 Thread 0x000001e1caa8f3c0 nmethod 2380 0x000001e1b6441710 code [0x000001e1b6441960, 0x000001e1b64422e8]
Event: 6.924 Thread 0x000001e1caa8f3c0 2382       3       java.lang.invoke.BoundMethodHandle$Species_L::<init> (12 bytes)
Event: 6.924 Thread 0x000001e1caa8f3c0 nmethod 2382 0x000001e1b6442610 code [0x000001e1b64427c0, 0x000001e1b64429d8]
Event: 6.924 Thread 0x000001e1caa8f3c0 2381       3       java.lang.AbstractStringBuilder::setLength (82 bytes)
Event: 6.925 Thread 0x000001e1caa8f3c0 nmethod 2381 0x000001e1b6442b10 code [0x000001e1b6442d40, 0x000001e1b6443510]
Event: 6.926 Thread 0x000001e1caa8f3c0 2385       3       java.lang.reflect.Constructor::getParameterCount (6 bytes)
Event: 6.926 Thread 0x000001e1caa8f3c0 nmethod 2385 0x000001e1b6443890 code [0x000001e1b6443a20, 0x000001e1b6443b38]
Event: 6.931 Thread 0x000001e1caa78090 nmethod 2363% 0x000001e1bdbd3190 code [0x000001e1bdbd33a0, 0x000001e1bdbd3ed8]
Event: 6.931 Thread 0x000001e1caa8f3c0 2386       1       java.lang.reflect.Constructor::getRoot (5 bytes)
Event: 6.931 Thread 0x000001e1caa8f3c0 nmethod 2386 0x000001e1bdbd4510 code [0x000001e1bdbd46a0, 0x000001e1bdbd4768]
Event: 6.932 Thread 0x000001e1caa78090 2383       4       java.util.regex.Matcher::search (154 bytes)
Event: 6.935 Thread 0x000001e1caa8f3c0 2388       3       java.util.Locale::equals (75 bytes)
Event: 6.936 Thread 0x000001e1caa8f3c0 nmethod 2388 0x000001e1b6443c10 code [0x000001e1b6443e20, 0x000001e1b6444580]
Event: 6.936 Thread 0x000001e1caa92370 nmethod 2362% 0x000001e1bdbd4c10 code [0x000001e1bdbd4ec0, 0x000001e1bdbd6340]
Event: 6.940 Thread 0x000001e1caa92370 2384       4       java.util.ImmutableCollections$SetN::probe (56 bytes)

GC Heap History (4 events):
Event: 0.775 GC heap before
{Heap before GC invocations=0 (full 0):
 garbage-first heap   total 129024K, used 24576K [0x0000000082600000, 0x0000000100000000)
  region size 1024K, 23 young (23552K), 0 survivors (0K)
 Metaspace       used 5878K, committed 6080K, reserved 1114112K
  class space    used 660K, committed 768K, reserved 1048576K
}
Event: 0.781 GC heap after
{Heap after GC invocations=1 (full 0):
 garbage-first heap   total 129024K, used 7821K [0x0000000082600000, 0x0000000100000000)
  region size 1024K, 3 young (3072K), 3 survivors (3072K)
 Metaspace       used 5878K, committed 6080K, reserved 1114112K
  class space    used 660K, committed 768K, reserved 1048576K
}
Event: 1.407 GC heap before
{Heap before GC invocations=1 (full 0):
 garbage-first heap   total 129024K, used 37517K [0x0000000082600000, 0x0000000100000000)
  region size 1024K, 33 young (33792K), 3 survivors (3072K)
 Metaspace       used 14008K, committed 14272K, reserved 1114112K
  class space    used 1839K, committed 1984K, reserved 1048576K
}
Event: 1.412 GC heap after
{Heap after GC invocations=2 (full 0):
 garbage-first heap   total 129024K, used 10231K [0x0000000082600000, 0x0000000100000000)
  region size 1024K, 3 young (3072K), 3 survivors (3072K)
 Metaspace       used 14008K, committed 14272K, reserved 1114112K
  class space    used 1839K, committed 1984K, reserved 1048576K
}

Dll operation events (12 events):
Event: 0.009 Loaded shared library C:\Program Files\Java\jdk-21\bin\java.dll
Event: 0.042 Loaded shared library C:\Program Files\Java\jdk-21\bin\jsvml.dll
Event: 0.124 Loaded shared library C:\Program Files\Java\jdk-21\bin\zip.dll
Event: 0.128 Loaded shared library C:\Program Files\Java\jdk-21\bin\instrument.dll
Event: 0.131 Loaded shared library C:\Program Files\Java\jdk-21\bin\net.dll
Event: 0.133 Loaded shared library C:\Program Files\Java\jdk-21\bin\nio.dll
Event: 0.136 Loaded shared library C:\Program Files\Java\jdk-21\bin\zip.dll
Event: 0.261 Loaded shared library C:\Program Files\JetBrains\IntelliJ IDEA Community Edition 2024.3\bin\breakgen64.dll
Event: 0.269 Loaded shared library C:\Program Files\Java\jdk-21\bin\extnet.dll
Event: 0.356 Loaded shared library C:\Program Files\Java\jdk-21\bin\jimage.dll
Event: 0.664 Loaded shared library C:\Program Files\Java\jdk-21\bin\management.dll
Event: 0.665 Loaded shared library C:\Program Files\Java\jdk-21\bin\management_ext.dll

Deoptimization events (20 events):
Event: 1.712 Thread 0x000001e21047eeb0 Uncommon trap: trap_request=0xffffff45 fr.pc=0x000001e1bdb9fcc4 relative=0x00000000000000a4
Event: 1.712 Thread 0x000001e21047eeb0 Uncommon trap: reason=unstable_if action=reinterpret pc=0x000001e1bdb9fcc4 method=java.lang.ref.ReferenceQueue.poll()Ljava/lang/ref/Reference; @ 4 c2
Event: 1.712 Thread 0x000001e21047eeb0 DEOPT PACKING pc=0x000001e1bdb9fcc4 sp=0x000000a00b3fded0
Event: 1.712 Thread 0x000001e21047eeb0 DEOPT UNPACKING pc=0x000001e1bd5846a2 sp=0x000000a00b3fddb8 mode 2
Event: 1.714 Thread 0x000001e210b697e0 Uncommon trap: trap_request=0xffffffde fr.pc=0x000001e1bdbbccf8 relative=0x00000000000005d8
Event: 1.714 Thread 0x000001e210b697e0 Uncommon trap: reason=class_check action=maybe_recompile pc=0x000001e1bdbbccf8 method=java.util.regex.Pattern$Start.match(Ljava/util/regex/Matcher;ILjava/lang/CharSequence;)Z @ 44 c2
Event: 1.714 Thread 0x000001e210b697e0 DEOPT PACKING pc=0x000001e1bdbbccf8 sp=0x000000a00b9fe070
Event: 1.715 Thread 0x000001e210b697e0 DEOPT UNPACKING pc=0x000001e1bd5846a2 sp=0x000000a00b9fdfc0 mode 2
Event: 1.715 Thread 0x000001e210b697e0 Uncommon trap: trap_request=0xffffffde fr.pc=0x000001e1bdbbccf8 relative=0x00000000000005d8
Event: 1.715 Thread 0x000001e210b697e0 Uncommon trap: reason=class_check action=maybe_recompile pc=0x000001e1bdbbccf8 method=java.util.regex.Pattern$Start.match(Ljava/util/regex/Matcher;ILjava/lang/CharSequence;)Z @ 44 c2
Event: 1.715 Thread 0x000001e210b697e0 DEOPT PACKING pc=0x000001e1bdbbccf8 sp=0x000000a00b9fe070
Event: 1.715 Thread 0x000001e210b697e0 DEOPT UNPACKING pc=0x000001e1bd5846a2 sp=0x000000a00b9fdfc0 mode 2
Event: 1.715 Thread 0x000001e210b697e0 Uncommon trap: trap_request=0xffffff6e fr.pc=0x000001e1bdbbcdf0 relative=0x00000000000006d0
Event: 1.715 Thread 0x000001e210b697e0 Uncommon trap: reason=loop_limit_check action=maybe_recompile pc=0x000001e1bdbbcdf0 method=java.util.regex.Pattern$Start.match(Ljava/util/regex/Matcher;ILjava/lang/CharSequence;)Z @ 34 c2
Event: 1.715 Thread 0x000001e210b697e0 DEOPT PACKING pc=0x000001e1bdbbcdf0 sp=0x000000a00b9fe070
Event: 1.715 Thread 0x000001e210b697e0 DEOPT UNPACKING pc=0x000001e1bd5846a2 sp=0x000000a00b9fdfd0 mode 2
Event: 6.930 Thread 0x000001e210b697e0 Uncommon trap: trap_request=0xffffff45 fr.pc=0x000001e1bdbbb9c8 relative=0x0000000000000168
Event: 6.930 Thread 0x000001e210b697e0 Uncommon trap: reason=unstable_if action=reinterpret pc=0x000001e1bdbbb9c8 method=java.util.regex.Pattern$BmpCharPropertyGreedy.match(Ljava/util/regex/Matcher;ILjava/lang/CharSequence;)Z @ 12 c2
Event: 6.930 Thread 0x000001e210b697e0 DEOPT PACKING pc=0x000001e1bdbbb9c8 sp=0x000000a00b9fe010
Event: 6.930 Thread 0x000001e210b697e0 DEOPT UNPACKING pc=0x000001e1bd5846a2 sp=0x000000a00b9fdfa8 mode 2

Classes loaded (20 events):
Event: 6.925 Loading class sun/util/locale/provider/TimeZoneNameProviderImpl done
Event: 6.925 Loading class sun/util/cldr/CLDRTimeZoneNameProviderImpl done
Event: 6.927 Loading class sun/util/locale/provider/BaseLocaleDataMetaInfo
Event: 6.927 Loading class sun/util/locale/provider/BaseLocaleDataMetaInfo done
Event: 6.930 Loading class sun/util/resources/cldr/TimeZoneNames
Event: 6.930 Loading class sun/util/resources/TimeZoneNamesBundle
Event: 6.930 Loading class sun/util/resources/OpenListResourceBundle
Event: 6.930 Loading class sun/util/resources/OpenListResourceBundle done
Event: 6.930 Loading class sun/util/resources/TimeZoneNamesBundle done
Event: 6.930 Loading class sun/util/resources/cldr/TimeZoneNames done
Event: 6.931 Loading class sun/util/resources/cldr/TimeZoneNames_en
Event: 6.931 Loading class sun/util/resources/cldr/TimeZoneNames_en done
Event: 6.931 Loading class sun/util/resources/cldr/TimeZoneNames_en_US
Event: 6.931 Loading class sun/util/resources/cldr/TimeZoneNames_en_US done
Event: 6.932 Loading class sun/util/cldr/CLDRBaseLocaleDataMetaInfo$TZCanonicalIDMapHolder
Event: 6.933 Loading class sun/util/cldr/CLDRBaseLocaleDataMetaInfo$TZCanonicalIDMapHolder done
Event: 6.934 Loading class sun/util/resources/TimeZoneNames
Event: 6.934 Loading class sun/util/resources/TimeZoneNames done
Event: 6.934 Loading class sun/util/resources/TimeZoneNames_en
Event: 6.934 Loading class sun/util/resources/TimeZoneNames_en done

Classes unloaded (0 events):
No events

Classes redefined (0 events):
No events

Internal exceptions (20 events):
Event: 1.061 Thread 0x000001e21047eeb0 Exception <a 'java/lang/NoSuchMethodError'{0x0000000089977b38}: 'int java.lang.invoke.DirectMethodHandle$Holder.invokeSpecialIFC(java.lang.Object, java.lang.Object, java.lang.Object, java.lang.Object)'> (0x0000000089977b38) 
thrown [s\open\src\hotspot\share\interpreter\linkResolver.cpp, line 773]
Event: 1.078 Thread 0x000001e21047eeb0 Exception <a 'java/lang/NoSuchMethodError'{0x00000000898333b8}: 'void java.lang.invoke.DirectMethodHandle$Holder.invokeInterface(java.lang.Object, java.lang.Object, java.lang.Object)'> (0x00000000898333b8) 
thrown [s\open\src\hotspot\share\interpreter\linkResolver.cpp, line 773]
Event: 1.095 Thread 0x000001e21047eeb0 Exception <a 'java/lang/NoSuchMethodError'{0x00000000898cdfb8}: 'void java.lang.invoke.DirectMethodHandle$Holder.invokeStaticInit(java.lang.Object, java.lang.Object, java.lang.Object)'> (0x00000000898cdfb8) 
thrown [s\open\src\hotspot\share\interpreter\linkResolver.cpp, line 773]
Event: 1.113 Thread 0x000001e21047eeb0 Exception <a 'java/lang/NoSuchMethodError'{0x0000000089767018}: 'void java.lang.invoke.DirectMethodHandle$Holder.invokeVirtual(java.lang.Object, java.lang.Object, java.lang.Object, java.lang.Object)'> (0x0000000089767018) 
thrown [s\open\src\hotspot\share\interpreter\linkResolver.cpp, line 773]
Event: 1.165 Thread 0x000001e21047eeb0 Exception <a 'java/lang/NoSuchMethodError'{0x000000008952f830}: 'java.lang.reflect.Field[] java.lang.Class.getDeclaredFields(java.lang.Class)'> (0x000000008952f830) 
thrown [s\open\src\hotspot\share\interpreter\linkResolver.cpp, line 773]
Event: 1.166 Thread 0x000001e21047eeb0 Exception <a 'java/lang/NoSuchMethodError'{0x0000000089534190}: 'java.lang.Object java.lang.invoke.DirectMethodHandle$Holder.invokeStatic(java.lang.Object, java.lang.Object, int)'> (0x0000000089534190) 
thrown [s\open\src\hotspot\share\interpreter\linkResolver.cpp, line 773]
Event: 1.167 Thread 0x000001e21047eeb0 Exception <a 'java/lang/NoSuchMethodError'{0x000000008957cf18}: 'void java.lang.invoke.DelegatingMethodHandle$Holder.delegate(java.lang.Object, java.lang.Object, int, java.lang.Object)'> (0x000000008957cf18) 
thrown [s\open\src\hotspot\share\interpreter\linkResolver.cpp, line 773]
Event: 1.178 Thread 0x000001e21047eeb0 Exception <a 'java/lang/IncompatibleClassChangeError'{0x0000000089467940}: Found class java.lang.Object, but interface was expected> (0x0000000089467940) 
thrown [s\open\src\hotspot\share\interpreter\linkResolver.cpp, line 840]
Event: 1.185 Thread 0x000001e21047eeb0 Exception <a 'java/lang/NoSuchMethodError'{0x000000008947e308}: 'java.lang.Object java.lang.invoke.DirectMethodHandle$Holder.invokeStaticInit(java.lang.Object, int)'> (0x000000008947e308) 
thrown [s\open\src\hotspot\share\interpreter\linkResolver.cpp, line 773]
Event: 1.190 Thread 0x000001e21047eeb0 Exception <a 'java/lang/NoSuchMethodError'{0x00000000894883b0}: 'java.lang.Object java.lang.invoke.DirectMethodHandle$Holder.invokeStatic(java.lang.Object, int, java.lang.Object)'> (0x00000000894883b0) 
thrown [s\open\src\hotspot\share\interpreter\linkResolver.cpp, line 773]
Event: 1.190 Thread 0x000001e21047eeb0 Exception <a 'java/lang/NoSuchMethodError'{0x000000008948ba10}: 'java.lang.Object java.lang.invoke.DirectMethodHandle$Holder.invokeStaticInit(java.lang.Object, int, java.lang.Object)'> (0x000000008948ba10) 
thrown [s\open\src\hotspot\share\interpreter\linkResolver.cpp, line 773]
Event: 1.480 Thread 0x000001e21047eeb0 Exception <a 'java/lang/NoSuchMethodError'{0x0000000089f4efe0}: 'java.lang.Object java.lang.invoke.DirectMethodHandle$Holder.invokeVirtual(java.lang.Object, java.lang.Object, java.lang.Object)'> (0x0000000089f4efe0) 
thrown [s\open\src\hotspot\share\interpreter\linkResolver.cpp, line 773]
Event: 1.487 Thread 0x000001e21047eeb0 Exception <a 'java/lang/NoSuchMethodError'{0x0000000089f7d770}: 'int java.lang.invoke.DirectMethodHandle$Holder.invokeSpecial(java.lang.Object, java.lang.Object, java.lang.Object, java.lang.Object, java.lang.Object)'> (0x0000000089f7d770) 
thrown [s\open\src\hotspot\share\interpreter\linkResolver.cpp, line 773]
Event: 1.491 Thread 0x000001e21047eeb0 Exception <a 'java/lang/NoSuchMethodError'{0x0000000089f85a58}: 'void java.lang.invoke.DirectMethodHandle$Holder.invokeVirtual(java.lang.Object, java.lang.Object)'> (0x0000000089f85a58) 
thrown [s\open\src\hotspot\share\interpreter\linkResolver.cpp, line 773]
Event: 6.905 Thread 0x000001e210b697e0 Exception <a 'java/lang/NoSuchMethodError'{0x0000000088bcd7b0}: 'long java.lang.invoke.DirectMethodHandle$Holder.invokeSpecial(java.lang.Object, java.lang.Object)'> (0x0000000088bcd7b0) 
thrown [s\open\src\hotspot\share\interpreter\linkResolver.cpp, line 773]
Event: 6.907 Thread 0x000001e210b697e0 Exception <a 'java/lang/NoSuchMethodError'{0x0000000088bd70d0}: 'long java.lang.invoke.DirectMethodHandle$Holder.invokeStatic(java.lang.Object, java.lang.Object)'> (0x0000000088bd70d0) 
thrown [s\open\src\hotspot\share\interpreter\linkResolver.cpp, line 773]
Event: 6.907 Thread 0x000001e210b697e0 Exception <a 'java/lang/NoSuchMethodError'{0x0000000088bda198}: 'long java.lang.invoke.DirectMethodHandle$Holder.invokeStaticInit(java.lang.Object, java.lang.Object)'> (0x0000000088bda198) 
thrown [s\open\src\hotspot\share\interpreter\linkResolver.cpp, line 773]
Event: 6.909 Thread 0x000001e210b697e0 Exception <a 'java/lang/NoSuchMethodError'{0x0000000088be6080}: 'long java.lang.invoke.DirectMethodHandle$Holder.invokeInterface(java.lang.Object, java.lang.Object)'> (0x0000000088be6080) 
thrown [s\open\src\hotspot\share\interpreter\linkResolver.cpp, line 773]
Event: 6.909 Thread 0x000001e210b697e0 Exception <a 'java/lang/IncompatibleClassChangeError'{0x0000000088be9090}: Found class java.lang.Object, but interface was expected> (0x0000000088be9090) 
thrown [s\open\src\hotspot\share\interpreter\linkResolver.cpp, line 840]
Event: 6.917 Thread 0x000001e210b697e0 Exception <a 'java/lang/NoSuchMethodError'{0x0000000088a75d98}: 'java.lang.Object java.lang.invoke.DirectMethodHandle$Holder.invokeVirtual(java.lang.Object, java.lang.Object, java.lang.Object, java.lang.Object)'> (0x0000000088a75d98) 
thrown [s\open\src\hotspot\share\interpreter\linkResolver.cpp, line 773]

ZGC Phase Switch (0 events):
No events

VM Operations (20 events):
Event: 1.149 Executing VM operation: HandshakeAllThreads (Deoptimize) done
Event: 1.152 Executing VM operation: HandshakeAllThreads (Deoptimize)
Event: 1.152 Executing VM operation: HandshakeAllThreads (Deoptimize) done
Event: 1.153 Executing VM operation: HandshakeAllThreads (Deoptimize)
Event: 1.153 Executing VM operation: HandshakeAllThreads (Deoptimize) done
Event: 1.165 Executing VM operation: ICBufferFull
Event: 1.165 Executing VM operation: ICBufferFull done
Event: 1.165 Executing VM operation: HandshakeAllThreads (Deoptimize)
Event: 1.165 Executing VM operation: HandshakeAllThreads (Deoptimize) done
Event: 1.407 Executing VM operation: G1CollectForAllocation (G1 Evacuation Pause)
Event: 1.412 Executing VM operation: G1CollectForAllocation (G1 Evacuation Pause) done
Event: 1.461 Executing VM operation: HandshakeAllThreads (Deoptimize)
Event: 1.461 Executing VM operation: HandshakeAllThreads (Deoptimize) done
Event: 1.609 Executing VM operation: HandshakeAllThreads (Deoptimize)
Event: 1.609 Executing VM operation: HandshakeAllThreads (Deoptimize) done
Event: 2.604 Executing VM operation: Cleanup
Event: 2.605 Executing VM operation: Cleanup done
Event: 6.647 Executing VM operation: Cleanup
Event: 6.881 Executing VM operation: Cleanup done
Event: 7.892 Executing VM operation: Cleanup

Events (18 events):
Event: 0.027 Thread 0x000001e1adb7fbb0 Thread added: 0x000001e1adb7fbb0
Event: 0.039 Thread 0x000001e1ca716bb0 Thread added: 0x000001e1ca716bb0
Event: 0.039 Thread 0x000001e1ca717800 Thread added: 0x000001e1ca717800
Event: 0.040 Thread 0x000001e1ca7289d0 Thread added: 0x000001e1ca7289d0
Event: 0.040 Thread 0x000001e1ca729780 Thread added: 0x000001e1ca729780
Event: 0.040 Thread 0x000001e1ca72a1d0 Thread added: 0x000001e1ca72a1d0
Event: 0.040 Thread 0x000001e1ca72ad50 Thread added: 0x000001e1ca72ad50
Event: 0.040 Thread 0x000001e1caa78090 Thread added: 0x000001e1caa78090
Event: 0.040 Thread 0x000001e1caa8f3c0 Thread added: 0x000001e1caa8f3c0
Event: 0.107 Thread 0x000001e1ca6ed3d0 Thread added: 0x000001e1ca6ed3d0
Event: 0.160 Thread 0x000001e1caa90f00 Thread added: 0x000001e1caa90f00
Event: 0.262 Thread 0x000001e1cad7d6b0 Thread added: 0x000001e1cad7d6b0
Event: 0.262 Thread 0x000001e1cae68310 Thread added: 0x000001e1cae68310
Event: 0.700 Thread 0x000001e210705000 Thread added: 0x000001e210705000
Event: 0.702 Thread 0x000001e21047eeb0 Thread added: 0x000001e21047eeb0
Event: 1.159 Thread 0x000001e210b697e0 Thread added: 0x000001e210b697e0
Event: 1.615 Thread 0x000001e1caa92370 Thread added: 0x000001e1caa92370
Event: 6.905 Thread 0x000001e2106f71e0 Thread added: 0x000001e2106f71e0


Dynamic libraries:
0x00007ff64a1a0000 - 0x00007ff64a1b0000 	C:\Program Files\Java\jdk-21\bin\java.exe
0x00007ffc7cde0000 - 0x00007ffc7d043000 	C:\WINDOWS\SYSTEM32\ntdll.dll
0x00007ffc7ba20000 - 0x00007ffc7bae8000 	C:\WINDOWS\System32\KERNEL32.DLL
0x00007ffc7a1b0000 - 0x00007ffc7a562000 	C:\WINDOWS\System32\KERNELBASE.dll
0x00007ffc7a770000 - 0x00007ffc7a8bb000 	C:\WINDOWS\System32\ucrtbase.dll
0x00007ffc75230000 - 0x00007ffc7524b000 	C:\Program Files\Java\jdk-21\bin\VCRUNTIME140.dll
0x00007ffc77160000 - 0x00007ffc77179000 	C:\Program Files\Java\jdk-21\bin\jli.dll
0x00007ffc7cbf0000 - 0x00007ffc7cca4000 	C:\WINDOWS\System32\ADVAPI32.dll
0x00007ffc7b340000 - 0x00007ffc7b3e9000 	C:\WINDOWS\System32\msvcrt.dll
0x00007ffc7b0b0000 - 0x00007ffc7b156000 	C:\WINDOWS\System32\sechost.dll
0x00007ffc7bb20000 - 0x00007ffc7bc36000 	C:\WINDOWS\System32\RPCRT4.dll
0x00007ffc7b160000 - 0x00007ffc7b328000 	C:\WINDOWS\System32\USER32.dll
0x00007ffc7ac10000 - 0x00007ffc7ac37000 	C:\WINDOWS\System32\win32u.dll
0x00007ffc5c740000 - 0x00007ffc5c9d0000 	C:\WINDOWS\WinSxS\amd64_microsoft.windows.common-controls_6595b64144ccf1df_6.0.26100.2454_none_3e0b68a2e331ad60\COMCTL32.dll
0x00007ffc7baf0000 - 0x00007ffc7bb1a000 	C:\WINDOWS\System32\GDI32.dll
0x00007ffc7aae0000 - 0x00007ffc7ac0b000 	C:\WINDOWS\System32\gdi32full.dll
0x00007ffc7a6c0000 - 0x00007ffc7a763000 	C:\WINDOWS\System32\msvcp_win.dll
0x00007ffc73010000 - 0x00007ffc7301b000 	C:\WINDOWS\SYSTEM32\VERSION.dll
0x00007ffc7b8b0000 - 0x00007ffc7b8df000 	C:\WINDOWS\System32\IMM32.DLL
0x00007ffc77110000 - 0x00007ffc7711c000 	C:\Program Files\Java\jdk-21\bin\vcruntime140_1.dll
0x00007ffc66df0000 - 0x00007ffc66e7e000 	C:\Program Files\Java\jdk-21\bin\msvcp140.dll
0x00007ffc0e120000 - 0x00007ffc0ee38000 	C:\Program Files\Java\jdk-21\bin\server\jvm.dll
0x00007ffc7aca0000 - 0x00007ffc7ad14000 	C:\WINDOWS\System32\WS2_32.dll
0x00007ffc79900000 - 0x00007ffc7994e000 	C:\WINDOWS\SYSTEM32\POWRPROF.dll
0x00007ffc69cd0000 - 0x00007ffc69d06000 	C:\WINDOWS\SYSTEM32\WINMM.dll
0x00007ffc798e0000 - 0x00007ffc798f4000 	C:\WINDOWS\SYSTEM32\UMPDC.dll
0x00007ffc78ff0000 - 0x00007ffc7900a000 	C:\WINDOWS\SYSTEM32\kernel.appcore.dll
0x00007ffc770f0000 - 0x00007ffc770fa000 	C:\Program Files\Java\jdk-21\bin\jimage.dll
0x00007ffc69080000 - 0x00007ffc692c1000 	C:\WINDOWS\SYSTEM32\DBGHELP.DLL
0x00007ffc7ad20000 - 0x00007ffc7b09e000 	C:\WINDOWS\System32\combase.dll
0x00007ffc7ccb0000 - 0x00007ffc7cd86000 	C:\WINDOWS\System32\OLEAUT32.dll
0x00007ffc632a0000 - 0x00007ffc632d9000 	C:\WINDOWS\SYSTEM32\dbgcore.DLL
0x00007ffc7a8c0000 - 0x00007ffc7a959000 	C:\WINDOWS\System32\bcryptPrimitives.dll
0x00007ffc75160000 - 0x00007ffc7516f000 	C:\Program Files\Java\jdk-21\bin\instrument.dll
0x00007ffc75210000 - 0x00007ffc7522f000 	C:\Program Files\Java\jdk-21\bin\java.dll
0x00007ffc7c030000 - 0x00007ffc7c730000 	C:\WINDOWS\System32\SHELL32.dll
0x00007ffc77f00000 - 0x00007ffc78731000 	C:\WINDOWS\SYSTEM32\windows.storage.dll
0x00007ffc7bf50000 - 0x00007ffc7c02a000 	C:\WINDOWS\System32\SHCORE.dll
0x00007ffc7b8f0000 - 0x00007ffc7b94d000 	C:\WINDOWS\System32\shlwapi.dll
0x00007ffc7a0c0000 - 0x00007ffc7a0ee000 	C:\WINDOWS\SYSTEM32\profapi.dll
0x00007ffc26ba0000 - 0x00007ffc26c77000 	C:\Program Files\Java\jdk-21\bin\jsvml.dll
0x00007ffc74270000 - 0x00007ffc74288000 	C:\Program Files\Java\jdk-21\bin\zip.dll
0x00007ffc75150000 - 0x00007ffc75160000 	C:\Program Files\Java\jdk-21\bin\net.dll
0x00007ffc72d10000 - 0x00007ffc72e36000 	C:\WINDOWS\SYSTEM32\WINHTTP.dll
0x00007ffc794f0000 - 0x00007ffc79558000 	C:\WINDOWS\system32\mswsock.dll
0x00007ffc742e0000 - 0x00007ffc742f6000 	C:\Program Files\Java\jdk-21\bin\nio.dll
0x00007ffc72550000 - 0x00007ffc7256a000 	C:\Program Files\JetBrains\IntelliJ IDEA Community Edition 2024.3\bin\breakgen64.dll
0x00007ffc74920000 - 0x00007ffc74929000 	C:\Program Files\Java\jdk-21\bin\extnet.dll
0x00007ffc74230000 - 0x00007ffc7423a000 	C:\Program Files\Java\jdk-21\bin\management.dll
0x00007ffc72540000 - 0x00007ffc7254b000 	C:\Program Files\Java\jdk-21\bin\management_ext.dll
0x00007ffc7b3f0000 - 0x00007ffc7b3f8000 	C:\WINDOWS\System32\PSAPI.DLL

dbghelp: loaded successfully - version: 4.0.5 - missing functions: none
symbol engine: initialized successfully - sym options: 0x614 - pdb path: .;C:\Program Files\Java\jdk-21\bin;C:\WINDOWS\SYSTEM32;C:\WINDOWS\WinSxS\amd64_microsoft.windows.common-controls_6595b64144ccf1df_6.0.26100.2454_none_3e0b68a2e331ad60;C:\Program Files\Java\jdk-21\bin\server;C:\Program Files\JetBrains\IntelliJ IDEA Community Edition 2024.3\bin

VM Arguments:
jvm_args: -javaagent:C:\Program Files\JetBrains\IntelliJ IDEA Community Edition 2024.3\lib\idea_rt.jar=1231:C:\Program Files\JetBrains\IntelliJ IDEA Community Edition 2024.3\bin -Dfile.encoding=UTF-8 -Dsun.stdout.encoding=UTF-8 -Dsun.stderr.encoding=UTF-8 
java_command: com.sahan.Hotel.Management.HotelManagementApplication
java_class_path (initial): D:\SpringBoot\Hotel-Management\target\classes;C:\Users\Sahan\.m2\repository\org\springframework\boot\spring-boot-starter-data-jpa\3.4.1\spring-boot-starter-data-jpa-3.4.1.jar;C:\Users\Sahan\.m2\repository\org\springframework\boot\spring-boot-starter\3.4.1\spring-boot-starter-3.4.1.jar;C:\Users\Sahan\.m2\repository\org\springframework\boot\spring-boot-starter-logging\3.4.1\spring-boot-starter-logging-3.4.1.jar;C:\Users\Sahan\.m2\repository\ch\qos\logback\logback-classic\1.5.12\logback-classic-1.5.12.jar;C:\Users\Sahan\.m2\repository\ch\qos\logback\logback-core\1.5.12\logback-core-1.5.12.jar;C:\Users\Sahan\.m2\repository\org\apache\logging\log4j\log4j-to-slf4j\2.24.3\log4j-to-slf4j-2.24.3.jar;C:\Users\Sahan\.m2\repository\org\apache\logging\log4j\log4j-api\2.24.3\log4j-api-2.24.3.jar;C:\Users\Sahan\.m2\repository\org\slf4j\jul-to-slf4j\2.0.16\jul-to-slf4j-2.0.16.jar;C:\Users\Sahan\.m2\repository\jakarta\annotation\jakarta.annotation-api\2.1.1\jakarta.annotation-api-2.1.1.jar;C:\Users\Sahan\.m2\repository\org\yaml\snakeyaml\2.3\snakeyaml-2.3.jar;C:\Users\Sahan\.m2\repository\org\springframework\boot\spring-boot-starter-jdbc\3.4.1\spring-boot-starter-jdbc-3.4.1.jar;C:\Users\Sahan\.m2\repository\com\zaxxer\HikariCP\5.1.0\HikariCP-5.1.0.jar;C:\Users\Sahan\.m2\repository\org\springframework\spring-jdbc\6.2.1\spring-jdbc-6.2.1.jar;C:\Users\Sahan\.m2\repository\org\hibernate\orm\hibernate-core\6.6.4.Final\hibernate-core-6.6.4.Final.jar;C:\Users\Sahan\.m2\repository\jakarta\persistence\jakarta.persistence-api\3.1.0\jakarta.persistence-api-3.1.0.jar;C:\Users\Sahan\.m2\repository\jakarta\transaction\jakarta.transaction-api\2.0.1\jakarta.transaction-api-2.0.1.jar;C:\Users\Sahan\.m2\repository\org\jboss\logging\jboss-logging\3.6.1.Final\jboss-logging-3.6.1.Final.jar;C:\Users\Sahan\.m2\repository\org\hibernate\common\hibernate-commons-annotations\7.0.3.Final\hibernate-commons-annotations-7.0.3.Final.jar;C:\Users\Sahan\.m2\repository\io\smallrye\jandex\3.2.0\jandex-3.2.0.jar;C:\Users\Sahan\.m2\repository\com\fasterxml\classmate\1.7.0\classmate-1.7.0.jar;C:\Users\Sahan\.m2\repository\net\bytebuddy\byte-buddy\1.15.11\byte-buddy-1.15.11.jar;C:\Users\Sahan\.m2\repository\org\glassfish\jaxb\jaxb-runtime\4.0.5\jaxb-runtime-4.0.5.jar;C:\Users\Sahan\.m2\repository\org\glassfish\jaxb\jaxb-core\4.0.5\jaxb-core-4.0.5.jar;C:\Users\Sahan\.m2\repository\org\eclipse\angus\angus-activation\2.0.2\angus-activation-2.0.2.jar;C:\Users\Sahan\.m2\repository\org\glassfish\jaxb\txw2\4.0.5\txw2-4.0.5.jar;C:\Users\Sahan\.m2\repository\com\sun\istack\istack-commons-runtime\4.1.2\istack-commons-runtime-4.1.2.jar;C:\Users\Sahan\.m2\repository\jakarta\inject\jakarta.inject-api\2.0.1\jakarta.inject-api-2.0.1.jar;C:\Users\Sahan\.m2\repository\org\antlr\antlr4-runtime\4.13.0\antlr4-runtime-4.13.0.jar;C:\Users\Sahan\.m2\repository\org\springframework\data\spring-data-jpa\3.4.1\spring-data-jpa-3.4.1.jar;C:\Users\Sahan\.m2\repository\org\springframework\data\spring-data-commons\3.4.1\spring-data-commons-3.4.1.jar;C:\Users\Sahan\.m2\repository\org\springframework\spring-orm\6.2.1\spring-orm-6.2.1.jar;C:\Users\Sahan\.m2\repository\org\springframework\spring-context\6.2.1\spring-context-6.2.1.jar;C:\Users\Sahan\.m2\repository\org\springframework\spring-aop\6.2.1\spring-aop-6.2.1.jar;C:\Users\Sahan\.m2\repository\org\springframework\spring-tx\6.2.1\spring-tx-6.2.1.jar;C:\Users\Sahan\.m2\repository\org\springframework\spring-beans\6.2.1\spring-beans-6.2.1.jar;C:\Users\Sahan\.m2\repository\org\slf4j\slf4j-api\2.0.16\slf4j-api-2.0.16.jar;C:\Users\Sahan\.m2\repository\org\springframework\spring-aspects\6.2.1\spring-aspects-6.2.1.jar;C:\Users\Sahan\.m2\repository\org\aspectj\aspectjweaver\1.9.22.1\aspectjweaver-1.9.22.1.jar;C:\Users\Sahan\.m2\repository\org\springframework\boot\spring-boot-starter-validation\3.4.1\spring-boot-starter-validation-3.4.1.jar;C:\Users\Sahan\.m2\repository\org\apache\tomcat\embed\tomcat-embed-el\10.1.34\tomcat-embed-el-10.1.34.jar;C:\Users\Sahan\.m2\repository\org\hibernate\validator\hibernate-validator\8.0.2.Final\hibernate-validator-8.0.2.Final.jar;C:\Users\Sahan\.m2\repository\jakarta\validation\jakarta.validation-api\3.0.2\jakarta.validation-api-3.0.2.jar;C:\Users\Sahan\.m2\repository\com\fasterxml\jackson\core\jackson-databind\2.18.1\jackson-databind-2.18.1.jar;C:\Users\Sahan\.m2\repository\com\fasterxml\jackson\core\jackson-annotations\2.18.2\jackson-annotations-2.18.2.jar;C:\Users\Sahan\.m2\repository\com\fasterxml\jackson\core\jackson-core\2.18.2\jackson-core-2.18.2.jar;C:\Users\Sahan\.m2\repository\org\apache\commons\commons-lang3\3.17.0\commons-lang3-3.17.0.jar;C:\Users\Sahan\.m2\repository\org\springframework\boot\spring-boot-starter-web\3.4.1\spring-boot-starter-web-3.4.1.jar;C:\Users\Sahan\.m2\repository\org\springframework\boot\spring-boot-starter-json\3.4.1\spring-boot-starter-json-3.4.1.jar;C:\Users\Sahan\.m2\repository\com\fasterxml\jackson\datatype\jackson-datatype-jdk8\2.18.2\jackson-datatype-jdk8-2.18.2.jar;C:\Users\Sahan\.m2\repository\com\fasterxml\jackson\datatype\jackson-datatype-jsr310\2.18.2\jackson-datatype-jsr310-2.18.2.jar;C:\Users\Sahan\.m2\repository\com\fasterxml\jackson\module\jackson-module-parameter-names\2.18.2\jackson-module-parameter-names-2.18.2.jar;C:\Users\Sahan\.m2\repository\org\springframework\boot\spring-boot-starter-tomcat\3.4.1\spring-boot-starter-tomcat-3.4.1.jar;C:\Users\Sahan\.m2\repository\org\apache\tomcat\embed\tomcat-embed-core\10.1.34\tomcat-embed-core-10.1.34.jar;C:\Users\Sahan\.m2\repository\org\apache\tomcat\embed\tomcat-embed-websocket\10.1.34\tomcat-embed-websocket-10.1.34.jar;C:\Users\Sahan\.m2\repository\org\springframework\spring-web\6.2.1\spring-web-6.2.1.jar;C:\Users\Sahan\.m2\repository\io\micrometer\micrometer-observation\1.14.2\micrometer-observation-1.14.2.jar;C:\Users\Sahan\.m2\repository\io\micrometer\micrometer-commons\1.14.2\micrometer-commons-1.14.2.jar;C:\Users\Sahan\.m2\repository\org\springframework\spring-webmvc\6.2.1\spring-webmvc-6.2.1.jar;C:\Users\Sahan\.m2\repository\org\springframework\spring-expression\6.2.1\spring-expression-6.2.1.jar;C:\Users\Sahan\.m2\repository\org\springframework\boot\spring-boot-devtools\3.4.1\spring-boot-devtools-3.4.1.jar;C:\Users\Sahan\.m2\repository\org\springframework\boot\spring-boot\3.4.1\spring-boot-3.4.1.jar;C:\Users\Sahan\.m2\repository\org\springframework\boot\spring-boot-autoconfigure\3.4.1\spring-boot-autoconfigure-3.4.1.jar;C:\Users\Sahan\.m2\repository\com\mysql\mysql-connector-j\9.1.0\mysql-connector-j-9.1.0.jar;C:\Users\Sahan\.m2\repository\org\projectlombok\lombok\1.18.36\lombok-1.18.36.jar;C:\Users\Sahan\.m2\repository\jakarta\xml\bind\jakarta.xml.bind-api\4.0.2\jakarta.xml.bind-api-4.0.2.jar;C:\Users\Sahan\.m2\repository\jakarta\activation\jakarta.activation-api\2.1.3\jakarta.activation-api-2.1.3.jar;C:\Users\Sahan\.m2\repository\org\springframework\spring-core\6.2.1\spring-core-6.2.1.jar;C:\Users\Sahan\.m2\repository\org\springframework\spring-jcl\6.2.1\spring-jcl-6.2.1.jar
Launcher Type: SUN_STANDARD

[Global flags]
     intx CICompilerCount                          = 4                                         {product} {ergonomic}
     uint ConcGCThreads                            = 3                                         {product} {ergonomic}
     uint G1ConcRefinementThreads                  = 10                                        {product} {ergonomic}
   size_t G1HeapRegionSize                         = 1048576                                   {product} {ergonomic}
    uintx GCDrainStackTargetSize                   = 64                                        {product} {ergonomic}
   size_t InitialHeapSize                          = 132120576                                 {product} {ergonomic}
   size_t MarkStackSize                            = 4194304                                   {product} {ergonomic}
   size_t MaxHeapSize                              = 2107637760                                {product} {ergonomic}
   size_t MaxNewSize                               = 1264582656                                {product} {ergonomic}
   size_t MinHeapDeltaBytes                        = 1048576                                   {product} {ergonomic}
   size_t MinHeapSize                              = 8388608                                   {product} {ergonomic}
    uintx NonNMethodCodeHeapSize                   = 5839372                                {pd product} {ergonomic}
    uintx NonProfiledCodeHeapSize                  = 122909434                              {pd product} {ergonomic}
    uintx ProfiledCodeHeapSize                     = 122909434                              {pd product} {ergonomic}
    uintx ReservedCodeCacheSize                    = 251658240                              {pd product} {ergonomic}
     bool SegmentedCodeCache                       = true                                      {product} {ergonomic}
   size_t SoftMaxHeapSize                          = 2107637760                             {manageable} {ergonomic}
     bool UseCompressedOops                        = true                           {product lp64_product} {ergonomic}
     bool UseG1GC                                  = true                                      {product} {ergonomic}
     bool UseLargePagesIndividualAllocation        = false                                  {pd product} {ergonomic}

Logging:
Log output configuration:
 #0: stdout all=warning uptime,level,tags foldmultilines=false
 #1: stderr all=off uptime,level,tags foldmultilines=false

Environment Variables:
PATH=C:\Program Files\Common Files\Oracle\Java\javapath;C:\WINDOWS\system32;C:\WINDOWS;C:\WINDOWS\System32\Wbem;C:\WINDOWS\System32\WindowsPowerShell\v1.0\;C:\WINDOWS\System32\OpenSSH\;C:\Program Files\dotnet\;C:\Program Files (x86)\dotnet\;C:\Program Files (x86)\NVIDIA Corporation\PhysX\Common;C:\Program Files\NVIDIA Corporation\NVIDIA NvDLISR;C:\Program Files\nodejs\;C:\Program Files\Git\cmd;C:\Users\Sahan\AppData\Local\Microsoft\WindowsApps;C:\Users\Sahan\AppData\Local\Programs\Microsoft VS Code\bin;C:\Users\Sahan\AppData\Roaming\npm;
USERNAME=Sahan
OS=Windows_NT
PROCESSOR_IDENTIFIER=Intel64 Family 6 Model 158 Stepping 10, GenuineIntel
TMP=C:\Users\Sahan\AppData\Local\Temp
TEMP=C:\Users\Sahan\AppData\Local\Temp




Periodic native trim disabled

---------------  S Y S T E M  ---------------

OS:
 Windows 11 , 64 bit Build 26100 (10.0.26100.2454)
OS uptime: 2 days 6:34 hours

CPU: total 12 (initial active 12) (6 cores per cpu, 2 threads per core) family 6 model 158 stepping 10 microcode 0xde, cx8, cmov, fxsr, ht, mmx, 3dnowpref, sse, sse2, sse3, ssse3, sse4.1, sse4.2, popcnt, lzcnt, tsc, tscinvbit, avx, avx2, aes, erms, clmul, bmi1, bmi2, adx, fma, vzeroupper, clflush, clflushopt, rdtscp, f16c
Processor Information for all 12 processors :
  Max Mhz: 2208, Current Mhz: 2208, Mhz Limit: 2208

Memory: 4k page, system-wide physical 8034M (746M free)
TotalPageFile size 12130M (AvailPageFile size 75M)
current process WorkingSet (physical memory assigned to process): 124M, peak: 149M
current process commit charge ("private bytes"): 200M, peak: 270M

vm_info: Java HotSpot(TM) 64-Bit Server VM (21.0.5+9-LTS-239) for windows-amd64 JRE (21.0.5+9-LTS-239), built on 2024-09-30T05:17:38Z by "mach5one" with MS VC++ 17.6 (VS2022)

END.
