#
# There is insufficient memory for the Java Runtime Environment to continue.
# Native memory allocation (malloc) failed to allocate 1047216 bytes for Chunk::new
# Possible reasons:
#   The system is out of physical RAM or swap space
#   The process is running with CompressedOops enabled, and the Java Heap may be blocking the growth of the native heap
# Possible solutions:
#   Reduce memory load on the system
#   Increase physical memory or swap space
#   Check if swap backing store is full
#   Decrease Java heap size (-Xmx/-Xms)
#   Decrease number of Java threads
#   Decrease Java thread stack sizes (-Xss)
#   Set larger code cache with -XX:ReservedCodeCacheSize=
#   JVM is running with Unscaled Compressed Oops mode in which the Java heap is
#     placed in the first 4GB address space. The Java Heap base address is the
#     maximum limit for the native heap growth. Please use -XX:HeapBaseMinAddress
#     to set the Java Heap base and to place the Java Heap above 4GB virtual address.
# This output file may be truncated or incomplete.
#
#  Out of Memory Error (arena.cpp:168), pid=9608, tid=15904
#
# JRE version: Java(TM) SE Runtime Environment (21.0.5+9) (build 21.0.5+9-LTS-239)
# Java VM: Java HotSpot(TM) 64-Bit Server VM (21.0.5+9-LTS-239, mixed mode, sharing, tiered, compressed oops, compressed class ptrs, g1 gc, windows-amd64)
# No core dump will be written. Minidumps are not enabled by default on client versions of Windows
#

---------------  S U M M A R Y ------------

Command Line: -javaagent:C:\Program Files\JetBrains\IntelliJ IDEA Community Edition 2024.3\lib\idea_rt.jar=11983:C:\Program Files\JetBrains\IntelliJ IDEA Community Edition 2024.3\bin -Dfile.encoding=UTF-8 -Dsun.stdout.encoding=UTF-8 -Dsun.stderr.encoding=UTF-8 com.sahan.Hotel.Management.HotelManagementApplication

Host: Intel(R) Core(TM) i7-8750H CPU @ 2.20GHz, 12 cores, 7G,  Windows 11 , 64 bit Build 26100 (10.0.26100.2454)
Time: Mon Dec 30 12:09:48 2024 GMT Standard Time elapsed time: 20.710243 seconds (0d 0h 0m 20s)

---------------  T H R E A D  ---------------

Current thread (0x000001b84250f730):  JavaThread "C2 CompilerThread0" daemon [_thread_in_native, id=15904, stack(0x0000003688900000,0x0000003688a00000) (1024K)]


Current CompileTask:
C2:  20710 6477       4       org.springframework.beans.factory.support.AbstractBeanFactory::isTypeMatch (745 bytes)

Stack: [0x0000003688900000,0x0000003688a00000]
Native frames: (J=compiled Java code, j=interpreted, Vv=VM code, C=native code)
V  [jvm.dll+0x6ca289]
V  [jvm.dll+0x854a51]
V  [jvm.dll+0x856f7e]
V  [jvm.dll+0x857653]
V  [jvm.dll+0x27dd26]
V  [jvm.dll+0xc4c2d]
V  [jvm.dll+0xc5163]
V  [jvm.dll+0x2f0ccd]
V  [jvm.dll+0x5f4ffa]
V  [jvm.dll+0x24f882]
V  [jvm.dll+0x24fc3f]
V  [jvm.dll+0x248754]
V  [jvm.dll+0x245de4]
V  [jvm.dll+0x1c6d0e]
V  [jvm.dll+0x2554d9]
V  [jvm.dll+0x253a6a]
V  [jvm.dll+0x3ee136]
V  [jvm.dll+0x7fee9b]
V  [jvm.dll+0x6c896d]
C  [ucrtbase.dll+0x14ea0]
C  [KERNEL32.DLL+0x2e8d7]
C  [ntdll.dll+0xdfbcc]


---------------  P R O C E S S  ---------------

Threads class SMR info:
_java_thread_list=0x000001b88b2af6f0, length=32, elements={
0x000001b8424f0fe0, 0x000001b8424f3850, 0x000001b8424fe610, 0x000001b8424fefd0,
0x000001b842503640, 0x000001b84250e0c0, 0x000001b84250f730, 0x000001b842533a80,
0x000001b84272d410, 0x000001b842a27f60, 0x000001b8429dd630, 0x000001b889e7d3a0,
0x000001b88b3dc440, 0x000001b888dd32e0, 0x000001b888dd4690, 0x000001b888dd18a0,
0x000001b888dd4000, 0x000001b888dd1f30, 0x000001b888dd2c50, 0x000001b888469110,
0x000001b8884669b0, 0x000001b8884676d0, 0x000001b888467d60, 0x000001b8884683f0,
0x000001b888467040, 0x000001b888468a80, 0x000001b888465c90, 0x000001b888466320,
0x000001b88846cc20, 0x000001b8884697a0, 0x000001b88846ab50, 0x000001b88b27ffd0
}

Java Threads: ( => current thread )
  0x000001b8424f0fe0 JavaThread "Reference Handler"          daemon [_thread_blocked, id=8156, stack(0x0000003688300000,0x0000003688400000) (1024K)]
  0x000001b8424f3850 JavaThread "Finalizer"                  daemon [_thread_blocked, id=5056, stack(0x0000003688400000,0x0000003688500000) (1024K)]
  0x000001b8424fe610 JavaThread "Signal Dispatcher"          daemon [_thread_blocked, id=16108, stack(0x0000003688500000,0x0000003688600000) (1024K)]
  0x000001b8424fefd0 JavaThread "Attach Listener"            daemon [_thread_blocked, id=17656, stack(0x0000003688600000,0x0000003688700000) (1024K)]
  0x000001b842503640 JavaThread "Service Thread"             daemon [_thread_blocked, id=12460, stack(0x0000003688700000,0x0000003688800000) (1024K)]
  0x000001b84250e0c0 JavaThread "Monitor Deflation Thread"   daemon [_thread_blocked, id=1732, stack(0x0000003688800000,0x0000003688900000) (1024K)]
=>0x000001b84250f730 JavaThread "C2 CompilerThread0"         daemon [_thread_in_native, id=15904, stack(0x0000003688900000,0x0000003688a00000) (1024K)]
  0x000001b842533a80 JavaThread "C1 CompilerThread0"         daemon [_thread_in_native, id=14132, stack(0x0000003688a00000,0x0000003688b00000) (1024K)]
  0x000001b84272d410 JavaThread "Common-Cleaner"             daemon [_thread_blocked, id=13272, stack(0x0000003688b00000,0x0000003688c00000) (1024K)]
  0x000001b842a27f60 JavaThread "Monitor Ctrl-Break"         daemon [_thread_in_native, id=8144, stack(0x0000003688d00000,0x0000003688e00000) (1024K)]
  0x000001b8429dd630 JavaThread "Notification Thread"        daemon [_thread_blocked, id=10040, stack(0x0000003688e00000,0x0000003688f00000) (1024K)]
  0x000001b889e7d3a0 JavaThread "Catalina-utility-1"                [_thread_blocked, id=14772, stack(0x0000003689600000,0x0000003689700000) (1024K)]
  0x000001b88b3dc440 JavaThread "Catalina-utility-2"                [_thread_blocked, id=5364, stack(0x0000003689b00000,0x0000003689c00000) (1024K)]
  0x000001b888dd32e0 JavaThread "container-0"                       [_thread_blocked, id=2324, stack(0x0000003689f00000,0x000000368a000000) (1024K)]
  0x000001b888dd4690 JavaThread "mysql-cj-abandoned-connection-cleanup" daemon [_thread_blocked, id=7344, stack(0x000000368a000000,0x000000368a100000) (1024K)]
  0x000001b888dd18a0 JavaThread "HikariPool-1 housekeeper"   daemon [_thread_blocked, id=4728, stack(0x000000368a200000,0x000000368a300000) (1024K)]
  0x000001b888dd4000 JavaThread "File Watcher"               daemon [_thread_blocked, id=15392, stack(0x000000368a400000,0x000000368a500000) (1024K)]
  0x000001b888dd1f30 JavaThread "Live Reload Server"         daemon [_thread_in_native, id=17928, stack(0x000000368a600000,0x000000368a700000) (1024K)]
  0x000001b888dd2c50 JavaThread "http-nio-8080-exec-1"       daemon [_thread_blocked, id=6460, stack(0x000000368a500000,0x000000368a600000) (1024K)]
  0x000001b888469110 JavaThread "http-nio-8080-exec-2"       daemon [_thread_blocked, id=2700, stack(0x000000368a700000,0x000000368a800000) (1024K)]
  0x000001b8884669b0 JavaThread "http-nio-8080-exec-3"       daemon [_thread_in_Java, id=7900, stack(0x000000368a800000,0x000000368a900000) (1024K)]
  0x000001b8884676d0 JavaThread "http-nio-8080-exec-4"       daemon [_thread_blocked, id=5752, stack(0x000000368a900000,0x000000368aa00000) (1024K)]
  0x000001b888467d60 JavaThread "http-nio-8080-exec-5"       daemon [_thread_blocked, id=14524, stack(0x000000368aa00000,0x000000368ab00000) (1024K)]
  0x000001b8884683f0 JavaThread "http-nio-8080-exec-6"       daemon [_thread_blocked, id=15636, stack(0x000000368ab00000,0x000000368ac00000) (1024K)]
  0x000001b888467040 JavaThread "http-nio-8080-exec-7"       daemon [_thread_in_Java, id=16864, stack(0x000000368ac00000,0x000000368ad00000) (1024K)]
  0x000001b888468a80 JavaThread "http-nio-8080-exec-8"       daemon [_thread_blocked, id=3328, stack(0x000000368ad00000,0x000000368ae00000) (1024K)]
  0x000001b888465c90 JavaThread "http-nio-8080-exec-9"       daemon [_thread_blocked, id=3420, stack(0x000000368ae00000,0x000000368af00000) (1024K)]
  0x000001b888466320 JavaThread "http-nio-8080-exec-10"      daemon [_thread_blocked, id=17196, stack(0x000000368af00000,0x000000368b000000) (1024K)]
  0x000001b88846cc20 JavaThread "http-nio-8080-Poller"       daemon [_thread_in_native, id=14332, stack(0x000000368b000000,0x000000368b100000) (1024K)]
  0x000001b8884697a0 JavaThread "http-nio-8080-Acceptor"     daemon [_thread_in_native, id=16940, stack(0x000000368b100000,0x000000368b200000) (1024K)]
  0x000001b88846ab50 JavaThread "DestroyJavaVM"                     [_thread_blocked, id=13988, stack(0x0000003687b00000,0x0000003687c00000) (1024K)]
  0x000001b88b27ffd0 JavaThread "C2 CompilerThread1"         daemon [_thread_blocked, id=2620, stack(0x0000003688c00000,0x0000003688d00000) (1024K)]
Total: 32

Other Threads:
  0x000001b8424db4b0 VMThread "VM Thread"                           [id=7256, stack(0x0000003688200000,0x0000003688300000) (1024K)]
  0x000001b8424ca670 WatcherThread "VM Periodic Task Thread"        [id=7156, stack(0x0000003688100000,0x0000003688200000) (1024K)]
  0x000001b8237cc7e0 WorkerThread "GC Thread#0"                     [id=4308, stack(0x0000003687c00000,0x0000003687d00000) (1024K)]
  0x000001b888563370 WorkerThread "GC Thread#1"                     [id=8668, stack(0x0000003689100000,0x0000003689200000) (1024K)]
  0x000001b888563710 WorkerThread "GC Thread#2"                     [id=9544, stack(0x0000003689200000,0x0000003689300000) (1024K)]
  0x000001b8883ed1b0 WorkerThread "GC Thread#3"                     [id=7708, stack(0x0000003689300000,0x0000003689400000) (1024K)]
  0x000001b8883eddd0 WorkerThread "GC Thread#4"                     [id=11428, stack(0x0000003689400000,0x0000003689500000) (1024K)]
  0x000001b88886de80 WorkerThread "GC Thread#5"                     [id=4756, stack(0x0000003689500000,0x0000003689600000) (1024K)]
  0x000001b8889adb40 WorkerThread "GC Thread#6"                     [id=12180, stack(0x0000003689700000,0x0000003689800000) (1024K)]
  0x000001b888d30b00 WorkerThread "GC Thread#7"                     [id=7548, stack(0x0000003689800000,0x0000003689900000) (1024K)]
  0x000001b88903f130 WorkerThread "GC Thread#8"                     [id=5956, stack(0x0000003689900000,0x0000003689a00000) (1024K)]
  0x000001b88903e2b0 WorkerThread "GC Thread#9"                     [id=13652, stack(0x0000003689a00000,0x0000003689b00000) (1024K)]
  0x000001b8235ddeb0 ConcurrentGCThread "G1 Main Marker"            [id=16476, stack(0x0000003687d00000,0x0000003687e00000) (1024K)]
  0x000001b8237da7a0 WorkerThread "G1 Conc#0"                       [id=16212, stack(0x0000003687e00000,0x0000003687f00000) (1024K)]
  0x000001b88903e650 WorkerThread "G1 Conc#1"                       [id=10248, stack(0x0000003689c00000,0x0000003689d00000) (1024K)]
  0x000001b88903f4d0 WorkerThread "G1 Conc#2"                       [id=6896, stack(0x0000003689d00000,0x0000003689e00000) (1024K)]
  0x000001b8423969b0 ConcurrentGCThread "G1 Refine#0"               [id=2008, stack(0x0000003687f00000,0x0000003688000000) (1024K)]
  0x000001b842397ef0 ConcurrentGCThread "G1 Service"                [id=11812, stack(0x0000003688000000,0x0000003688100000) (1024K)]
Total: 18

Threads with active compile tasks:
C2 CompilerThread0    20764 6477       4       org.springframework.beans.factory.support.AbstractBeanFactory::isTypeMatch (745 bytes)
Total: 1

VM state: not at safepoint (normal execution)

VM Mutex/Monitor currently owned by a thread: None

Heap address: 0x0000000082600000, size: 2010 MB, Compressed Oops mode: 32-bit

CDS archive(s) mapped at: [0x000001b843000000-0x000001b843c90000-0x000001b843c90000), size 13172736, SharedBaseAddress: 0x000001b843000000, ArchiveRelocationMode: 1.
Compressed class space mapped at: 0x000001b844000000-0x000001b884000000, reserved size: 1073741824
Narrow klass base: 0x000001b843000000, Narrow klass shift: 0, Narrow klass range: 0x100000000

GC Precious Log:
 CardTable entry size: 512
 Card Set container configuration: InlinePtr #cards 5 size 8 Array Of Cards #cards 12 size 40 Howl #buckets 4 coarsen threshold 1843 Howl Bitmap #cards 512 size 80 coarsen threshold 460 Card regions per heap region 1 cards per card region 2048
 CPUs: 12 total, 12 available
 Memory: 8034M
 Large Page Support: Disabled
 NUMA Support: Disabled
 Compressed Oops: Enabled (32-bit)
 Heap Region Size: 1M
 Heap Min Capacity: 8M
 Heap Initial Capacity: 126M
 Heap Max Capacity: 2010M
 Pre-touch: Disabled
 Parallel Workers: 10
 Concurrent Workers: 3
 Concurrent Refinement Workers: 10
 Periodic GC: Disabled

Heap:
 garbage-first heap   total 66560K, used 60198K [0x0000000082600000, 0x0000000100000000)
  region size 1024K, 20 young (20480K), 3 survivors (3072K)
 Metaspace       used 79911K, committed 80640K, reserved 1179648K
  class space    used 10943K, committed 11264K, reserved 1048576K

Heap Regions: E=young(eden), S=young(survivor), O=old, HS=humongous(starts), HC=humongous(continues), CS=collection set, F=free, TAMS=top-at-mark-start, PB=parsable bottom
|   0|0x0000000082600000, 0x0000000082700000, 0x0000000082700000|100%|HS|  |TAMS 0x0000000082600000| PB 0x0000000082600000| Complete 
|   1|0x0000000082700000, 0x0000000082800000, 0x0000000082800000|100%|HS|  |TAMS 0x0000000082700000| PB 0x0000000082700000| Complete 
|   2|0x0000000082800000, 0x0000000082900000, 0x0000000082900000|100%| O|  |TAMS 0x0000000082800000| PB 0x0000000082800000| Untracked 
|   3|0x0000000082900000, 0x0000000082a00000, 0x0000000082a00000|100%| O|  |TAMS 0x0000000082900000| PB 0x0000000082900000| Untracked 
|   4|0x0000000082a00000, 0x0000000082b00000, 0x0000000082b00000|100%| O|  |TAMS 0x0000000082a00000| PB 0x0000000082a00000| Untracked 
|   5|0x0000000082b00000, 0x0000000082c00000, 0x0000000082c00000|100%| O|  |TAMS 0x0000000082b00000| PB 0x0000000082b00000| Untracked 
|   6|0x0000000082c00000, 0x0000000082d00000, 0x0000000082d00000|100%| O|  |TAMS 0x0000000082c00000| PB 0x0000000082c00000| Untracked 
|   7|0x0000000082d00000, 0x0000000082e00000, 0x0000000082e00000|100%| O|  |TAMS 0x0000000082d00000| PB 0x0000000082d00000| Untracked 
|   8|0x0000000082e00000, 0x0000000082f00000, 0x0000000082f00000|100%| O|  |TAMS 0x0000000082e00000| PB 0x0000000082e00000| Untracked 
|   9|0x0000000082f00000, 0x0000000083000000, 0x0000000083000000|100%| O|  |TAMS 0x0000000082f00000| PB 0x0000000082f00000| Untracked 
|  10|0x0000000083000000, 0x0000000083100000, 0x0000000083100000|100%| O|  |TAMS 0x0000000083000000| PB 0x0000000083000000| Untracked 
|  11|0x0000000083100000, 0x0000000083200000, 0x0000000083200000|100%| O|  |TAMS 0x0000000083100000| PB 0x0000000083100000| Untracked 
|  12|0x0000000083200000, 0x0000000083300000, 0x0000000083300000|100%| O|  |TAMS 0x0000000083200000| PB 0x0000000083200000| Untracked 
|  13|0x0000000083300000, 0x0000000083400000, 0x0000000083400000|100%| O|  |TAMS 0x0000000083300000| PB 0x0000000083300000| Untracked 
|  14|0x0000000083400000, 0x0000000083500000, 0x0000000083500000|100%| O|  |TAMS 0x0000000083400000| PB 0x0000000083400000| Untracked 
|  15|0x0000000083500000, 0x0000000083600000, 0x0000000083600000|100%| O|Cm|TAMS 0x0000000083500000| PB 0x0000000083500000| Complete 
|  16|0x0000000083600000, 0x0000000083700000, 0x0000000083700000|100%| O|  |TAMS 0x0000000083600000| PB 0x0000000083600000| Untracked 
|  17|0x0000000083700000, 0x0000000083800000, 0x0000000083800000|100%| O|  |TAMS 0x0000000083700000| PB 0x0000000083700000| Untracked 
|  18|0x0000000083800000, 0x0000000083900000, 0x0000000083900000|100%| O|  |TAMS 0x0000000083800000| PB 0x0000000083800000| Untracked 
|  19|0x0000000083900000, 0x0000000083a00000, 0x0000000083a00000|100%| O|  |TAMS 0x0000000083900000| PB 0x0000000083900000| Untracked 
|  20|0x0000000083a00000, 0x0000000083b00000, 0x0000000083b00000|100%| O|  |TAMS 0x0000000083a00000| PB 0x0000000083a00000| Untracked 
|  21|0x0000000083b00000, 0x0000000083c00000, 0x0000000083c00000|100%| O|  |TAMS 0x0000000083b00000| PB 0x0000000083b00000| Untracked 
|  22|0x0000000083c00000, 0x0000000083d00000, 0x0000000083d00000|100%| O|  |TAMS 0x0000000083c00000| PB 0x0000000083c00000| Untracked 
|  23|0x0000000083d00000, 0x0000000083e00000, 0x0000000083e00000|100%| O|  |TAMS 0x0000000083d00000| PB 0x0000000083d00000| Untracked 
|  24|0x0000000083e00000, 0x0000000083f00000, 0x0000000083f00000|100%| O|  |TAMS 0x0000000083e00000| PB 0x0000000083e00000| Untracked 
|  25|0x0000000083f00000, 0x0000000084000000, 0x0000000084000000|100%| O|  |TAMS 0x0000000083f00000| PB 0x0000000083f00000| Untracked 
|  26|0x0000000084000000, 0x0000000084100000, 0x0000000084100000|100%| O|  |TAMS 0x0000000084000000| PB 0x0000000084000000| Untracked 
|  27|0x0000000084100000, 0x0000000084200000, 0x0000000084200000|100%| O|  |TAMS 0x0000000084100000| PB 0x0000000084100000| Untracked 
|  28|0x0000000084200000, 0x0000000084300000, 0x0000000084300000|100%| O|  |TAMS 0x0000000084200000| PB 0x0000000084200000| Untracked 
|  29|0x0000000084300000, 0x0000000084400000, 0x0000000084400000|100%| O|  |TAMS 0x0000000084300000| PB 0x0000000084300000| Untracked 
|  30|0x0000000084400000, 0x0000000084500000, 0x0000000084500000|100%| O|  |TAMS 0x0000000084400000| PB 0x0000000084400000| Untracked 
|  31|0x0000000084500000, 0x0000000084600000, 0x0000000084600000|100%|HS|  |TAMS 0x0000000084500000| PB 0x0000000084500000| Complete 
|  32|0x0000000084600000, 0x0000000084700000, 0x0000000084700000|100%|HS|  |TAMS 0x0000000084600000| PB 0x0000000084600000| Complete 
|  33|0x0000000084700000, 0x0000000084800000, 0x0000000084800000|100%| O|  |TAMS 0x0000000084700000| PB 0x0000000084700000| Untracked 
|  34|0x0000000084800000, 0x0000000084900000, 0x0000000084900000|100%|HS|  |TAMS 0x0000000084800000| PB 0x0000000084800000| Complete 
|  35|0x0000000084900000, 0x000000008492b300, 0x0000000084a00000| 16%| O|  |TAMS 0x0000000084900000| PB 0x0000000084900000| Untracked 
|  36|0x0000000084a00000, 0x0000000084b00000, 0x0000000084b00000|100%|HS|  |TAMS 0x0000000084a00000| PB 0x0000000084a00000| Complete 
|  37|0x0000000084b00000, 0x0000000084c00000, 0x0000000084c00000|100%|HS|  |TAMS 0x0000000084b00000| PB 0x0000000084b00000| Complete 
|  38|0x0000000084c00000, 0x0000000084d00000, 0x0000000084d00000|100%|HS|  |TAMS 0x0000000084c00000| PB 0x0000000084c00000| Complete 
|  39|0x0000000084d00000, 0x0000000084e00000, 0x0000000084e00000|100%|HS|  |TAMS 0x0000000084d00000| PB 0x0000000084d00000| Complete 
|  40|0x0000000084e00000, 0x0000000084f00000, 0x0000000084f00000|100%|HS|  |TAMS 0x0000000084e00000| PB 0x0000000084e00000| Complete 
|  41|0x0000000084f00000, 0x0000000085000000, 0x0000000085000000|100%|HS|  |TAMS 0x0000000084f00000| PB 0x0000000084f00000| Complete 
|  42|0x0000000085000000, 0x0000000085000000, 0x0000000085100000|  0%| F|  |TAMS 0x0000000085000000| PB 0x0000000085000000| Untracked 
|  43|0x0000000085100000, 0x0000000085100000, 0x0000000085200000|  0%| F|  |TAMS 0x0000000085100000| PB 0x0000000085100000| Untracked 
|  44|0x0000000085200000, 0x0000000085200000, 0x0000000085300000|  0%| F|  |TAMS 0x0000000085200000| PB 0x0000000085200000| Untracked 
|  45|0x0000000085300000, 0x00000000853785b8, 0x0000000085400000| 47%| E|  |TAMS 0x0000000085300000| PB 0x0000000085300000| Complete 
|  46|0x0000000085400000, 0x00000000854b2d28, 0x0000000085500000| 69%| E|  |TAMS 0x0000000085400000| PB 0x0000000085400000| Complete 
|  47|0x0000000085500000, 0x0000000085600000, 0x0000000085600000|100%| E|CS|TAMS 0x0000000085500000| PB 0x0000000085500000| Complete 
|  48|0x0000000085600000, 0x000000008569e678, 0x0000000085700000| 61%| S|CS|TAMS 0x0000000085600000| PB 0x0000000085600000| Complete 
|  49|0x0000000085700000, 0x0000000085800000, 0x0000000085800000|100%| S|CS|TAMS 0x0000000085700000| PB 0x0000000085700000| Complete 
|  50|0x0000000085800000, 0x0000000085900000, 0x0000000085900000|100%| S|CS|TAMS 0x0000000085800000| PB 0x0000000085800000| Complete 
|  51|0x0000000085900000, 0x0000000085a00000, 0x0000000085a00000|100%| E|CS|TAMS 0x0000000085900000| PB 0x0000000085900000| Complete 
|  52|0x0000000085a00000, 0x0000000085b00000, 0x0000000085b00000|100%| E|CS|TAMS 0x0000000085a00000| PB 0x0000000085a00000| Complete 
|  53|0x0000000085b00000, 0x0000000085c00000, 0x0000000085c00000|100%| E|CS|TAMS 0x0000000085b00000| PB 0x0000000085b00000| Complete 
|  54|0x0000000085c00000, 0x0000000085d00000, 0x0000000085d00000|100%| E|CS|TAMS 0x0000000085c00000| PB 0x0000000085c00000| Complete 
|  55|0x0000000085d00000, 0x0000000085e00000, 0x0000000085e00000|100%| E|CS|TAMS 0x0000000085d00000| PB 0x0000000085d00000| Complete 
|  56|0x0000000085e00000, 0x0000000085f00000, 0x0000000085f00000|100%| E|CS|TAMS 0x0000000085e00000| PB 0x0000000085e00000| Complete 
|  87|0x0000000087d00000, 0x0000000087e00000, 0x0000000087e00000|100%| E|CS|TAMS 0x0000000087d00000| PB 0x0000000087d00000| Complete 
|  88|0x0000000087e00000, 0x0000000087f00000, 0x0000000087f00000|100%| E|CS|TAMS 0x0000000087e00000| PB 0x0000000087e00000| Complete 
|  89|0x0000000087f00000, 0x0000000088000000, 0x0000000088000000|100%| E|CS|TAMS 0x0000000087f00000| PB 0x0000000087f00000| Complete 
|  93|0x0000000088300000, 0x0000000088400000, 0x0000000088400000|100%| E|CS|TAMS 0x0000000088300000| PB 0x0000000088300000| Complete 
|  94|0x0000000088400000, 0x0000000088500000, 0x0000000088500000|100%| E|CS|TAMS 0x0000000088400000| PB 0x0000000088400000| Complete 
|  95|0x0000000088500000, 0x0000000088600000, 0x0000000088600000|100%| E|CS|TAMS 0x0000000088500000| PB 0x0000000088500000| Complete 
| 124|0x000000008a200000, 0x000000008a300000, 0x000000008a300000|100%| E|CS|TAMS 0x000000008a200000| PB 0x000000008a200000| Complete 
| 125|0x000000008a300000, 0x000000008a400000, 0x000000008a400000|100%| E|CS|TAMS 0x000000008a300000| PB 0x000000008a300000| Complete 

Card table byte_map: [0x000001b83d4a0000,0x000001b83d890000] _byte_map_base: 0x000001b83d08d000

Marking Bits: (CMBitMap*) 0x000001b8237ccee0
 Bits: [0x000001b83d890000, 0x000001b83f7f8000)

Polling page: 0x000001b823830000

Metaspace:

Usage:
  Non-class:     67.35 MB used.
      Class:     10.69 MB used.
       Both:     78.04 MB used.

Virtual space:
  Non-class space:      128.00 MB reserved,      67.75 MB ( 53%) committed,  2 nodes.
      Class space:        1.00 GB reserved,      11.00 MB (  1%) committed,  1 nodes.
             Both:        1.12 GB reserved,      78.75 MB (  7%) committed. 

Chunk freelists:
   Non-Class:  12.28 MB
       Class:  4.91 MB
        Both:  17.19 MB

MaxMetaspaceSize: unlimited
CompressedClassSpaceSize: 1.00 GB
Initial GC threshold: 21.00 MB
Current GC threshold: 129.06 MB
CDS: on
 - commit_granule_bytes: 65536.
 - commit_granule_words: 8192.
 - virtual_space_node_default_size: 8388608.
 - enlarge_chunks_in_place: 1.
 - use_allocation_guard: 0.


Internal statistics:

num_allocs_failed_limit: 9.
num_arena_births: 1058.
num_arena_deaths: 0.
num_vsnodes_births: 3.
num_vsnodes_deaths: 0.
num_space_committed: 1260.
num_space_uncommitted: 0.
num_chunks_returned_to_freelist: 9.
num_chunks_taken_from_freelist: 3839.
num_chunk_merges: 6.
num_chunk_splits: 2782.
num_chunks_enlarged: 2191.
num_inconsistent_stats: 0.

CodeHeap 'non-profiled nmethods': size=120000Kb used=4190Kb max_used=4279Kb free=115809Kb
 bounds [0x000001b834ef0000, 0x000001b835320000, 0x000001b83c420000]
CodeHeap 'profiled nmethods': size=120000Kb used=10560Kb max_used=10569Kb free=109439Kb
 bounds [0x000001b82d420000, 0x000001b82de80000, 0x000001b834950000]
CodeHeap 'non-nmethods': size=5760Kb used=1759Kb max_used=1816Kb free=4000Kb
 bounds [0x000001b834950000, 0x000001b834bc0000, 0x000001b834ef0000]
 total_blobs=6436 nmethods=5665 adapters=675
 compilation: enabled
              stopped_count=0, restarted_count=0
 full_count=0

Compilation events (20 events):
Event: 19.547 Thread 0x000001b842533a80 6620       1       java.lang.invoke.DirectMethodHandle$Special::isInvokeSpecial (2 bytes)
Event: 19.548 Thread 0x000001b842533a80 nmethod 6620 0x000001b834ff4d90 code [0x000001b834ff4f20, 0x000001b834ff4fe8]
Event: 19.555 Thread 0x000001b8897f58f0 nmethod 6590 0x000001b835265510 code [0x000001b835265980, 0x000001b835267db0]
Event: 19.557 Thread 0x000001b8897f58f0 6565       4       java.util.concurrent.locks.AbstractQueuedSynchronizer::signalNext (34 bytes)
Event: 19.558 Thread 0x000001b8897f58f0 nmethod 6565 0x000001b834ff4a10 code [0x000001b834ff4ba0, 0x000001b834ff4c90]
Event: 19.558 Thread 0x000001b8897f58f0 6542 %     4       com.sun.crypto.provider.GHASH::processBlocks @ 3 (26 bytes)
Event: 19.560 Thread 0x000001b842533a80 6621   !   3       sun.security.ssl.SSLSocketImpl::readApplicationRecord (138 bytes)
Event: 19.561 Thread 0x000001b842533a80 nmethod 6621 0x000001b82d760810 code [0x000001b82d760b00, 0x000001b82d761878]
Event: 19.565 Thread 0x000001b842533a80 6622       1       org.hibernate.metamodel.mapping.internal.AbstractAttributeMapping::getDeclaringType (5 bytes)
Event: 19.565 Thread 0x000001b842533a80 nmethod 6622 0x000001b834ff4710 code [0x000001b834ff48a0, 0x000001b834ff4968]
Event: 19.566 Thread 0x000001b88a895fb0 nmethod 6519 0x000001b835161010 code [0x000001b835161580, 0x000001b835165d58]
Event: 19.569 Thread 0x000001b88a895fb0 6523       4       com.sun.crypto.provider.GHASH::processBlock (37 bytes)
Event: 19.570 Thread 0x000001b8897f58f0 nmethod 6542% 0x000001b83512f690 code [0x000001b83512f820, 0x000001b83512feb8]
Event: 19.570 Thread 0x000001b8897f58f0 6508       4       java.util.HashSet::contains (9 bytes)
Event: 19.577 Thread 0x000001b88a895fb0 nmethod 6523 0x000001b834f81990 code [0x000001b834f81b20, 0x000001b834f820e0]
Event: 19.577 Thread 0x000001b88a895fb0 6517       4       java.lang.invoke.MethodType::<init> (15 bytes)
Event: 19.577 Thread 0x000001b8897f58f0 nmethod 6508 0x000001b83521ad10 code [0x000001b83521aee0, 0x000001b83521b4d0]
Event: 19.577 Thread 0x000001b8897f58f0 6518       4       java.lang.invoke.MethodHandles$Lookup::checkAccess (200 bytes)
Event: 19.578 Thread 0x000001b88a895fb0 nmethod 6517 0x000001b83512f190 code [0x000001b83512f320, 0x000001b83512f590]
Event: 19.579 Thread 0x000001b8897f58f0 nmethod 6518 0x000001b83521a690 code [0x000001b83521a840, 0x000001b83521ab10]

GC Heap History (20 events):
Event: 4.740 GC heap before
{Heap before GC invocations=9 (full 0):
 garbage-first heap   total 55296K, used 46392K [0x0000000082600000, 0x0000000100000000)
  region size 1024K, 28 young (28672K), 3 survivors (3072K)
 Metaspace       used 45706K, committed 46208K, reserved 1114112K
  class space    used 5934K, committed 6144K, reserved 1048576K
}
Event: 4.744 GC heap after
{Heap after GC invocations=10 (full 0):
 garbage-first heap   total 55296K, used 23354K [0x0000000082600000, 0x0000000100000000)
  region size 1024K, 4 young (4096K), 4 survivors (4096K)
 Metaspace       used 45706K, committed 46208K, reserved 1114112K
  class space    used 5934K, committed 6144K, reserved 1048576K
}
Event: 5.280 GC heap before
{Heap before GC invocations=10 (full 0):
 garbage-first heap   total 55296K, used 44858K [0x0000000082600000, 0x0000000100000000)
  region size 1024K, 26 young (26624K), 4 survivors (4096K)
 Metaspace       used 51822K, committed 52416K, reserved 1114112K
  class space    used 6702K, committed 6976K, reserved 1048576K
}
Event: 5.283 GC heap after
{Heap after GC invocations=11 (full 0):
 garbage-first heap   total 55296K, used 24371K [0x0000000082600000, 0x0000000100000000)
  region size 1024K, 2 young (2048K), 2 survivors (2048K)
 Metaspace       used 51822K, committed 52416K, reserved 1114112K
  class space    used 6702K, committed 6976K, reserved 1048576K
}
Event: 5.682 GC heap before
{Heap before GC invocations=11 (full 0):
 garbage-first heap   total 55296K, used 45875K [0x0000000082600000, 0x0000000100000000)
  region size 1024K, 24 young (24576K), 2 survivors (2048K)
 Metaspace       used 58970K, committed 59584K, reserved 1114112K
  class space    used 7797K, committed 8064K, reserved 1048576K
}
Event: 5.685 GC heap after
{Heap after GC invocations=12 (full 0):
 garbage-first heap   total 55296K, used 25624K [0x0000000082600000, 0x0000000100000000)
  region size 1024K, 3 young (3072K), 3 survivors (3072K)
 Metaspace       used 58970K, committed 59584K, reserved 1114112K
  class space    used 7797K, committed 8064K, reserved 1048576K
}
Event: 5.762 GC heap before
{Heap before GC invocations=12 (full 0):
 garbage-first heap   total 55296K, used 30744K [0x0000000082600000, 0x0000000100000000)
  region size 1024K, 9 young (9216K), 3 survivors (3072K)
 Metaspace       used 59836K, committed 60416K, reserved 1114112K
  class space    used 7925K, committed 8192K, reserved 1048576K
}
Event: 5.764 GC heap after
{Heap after GC invocations=13 (full 0):
 garbage-first heap   total 55296K, used 25876K [0x0000000082600000, 0x0000000100000000)
  region size 1024K, 2 young (2048K), 2 survivors (2048K)
 Metaspace       used 59836K, committed 60416K, reserved 1114112K
  class space    used 7925K, committed 8192K, reserved 1048576K
}
Event: 6.506 GC heap before
{Heap before GC invocations=14 (full 0):
 garbage-first heap   total 55296K, used 48404K [0x0000000082600000, 0x0000000100000000)
  region size 1024K, 24 young (24576K), 2 survivors (2048K)
 Metaspace       used 65413K, committed 66048K, reserved 1114112K
  class space    used 8687K, committed 8960K, reserved 1048576K
}
Event: 6.510 GC heap after
{Heap after GC invocations=15 (full 0):
 garbage-first heap   total 55296K, used 27421K [0x0000000082600000, 0x0000000100000000)
  region size 1024K, 3 young (3072K), 3 survivors (3072K)
 Metaspace       used 65413K, committed 66048K, reserved 1114112K
  class space    used 8687K, committed 8960K, reserved 1048576K
}
Event: 6.852 GC heap before
{Heap before GC invocations=15 (full 0):
 garbage-first heap   total 55296K, used 46877K [0x0000000082600000, 0x0000000100000000)
  region size 1024K, 23 young (23552K), 3 survivors (3072K)
 Metaspace       used 68289K, committed 68928K, reserved 1114112K
  class space    used 9228K, committed 9536K, reserved 1048576K
}
Event: 6.856 GC heap after
{Heap after GC invocations=16 (full 0):
 garbage-first heap   total 55296K, used 28893K [0x0000000082600000, 0x0000000100000000)
  region size 1024K, 2 young (2048K), 2 survivors (2048K)
 Metaspace       used 68289K, committed 68928K, reserved 1114112K
  class space    used 9228K, committed 9536K, reserved 1048576K
}
Event: 7.095 GC heap before
{Heap before GC invocations=16 (full 0):
 garbage-first heap   total 55296K, used 47325K [0x0000000082600000, 0x0000000100000000)
  region size 1024K, 21 young (21504K), 2 survivors (2048K)
 Metaspace       used 70044K, committed 70720K, reserved 1114112K
  class space    used 9598K, committed 9920K, reserved 1048576K
}
Event: 7.098 GC heap after
{Heap after GC invocations=17 (full 0):
 garbage-first heap   total 66560K, used 29813K [0x0000000082600000, 0x0000000100000000)
  region size 1024K, 3 young (3072K), 3 survivors (3072K)
 Metaspace       used 70044K, committed 70720K, reserved 1114112K
  class space    used 9598K, committed 9920K, reserved 1048576K
}
Event: 7.348 GC heap before
{Heap before GC invocations=18 (full 0):
 garbage-first heap   total 66560K, used 57461K [0x0000000082600000, 0x0000000100000000)
  region size 1024K, 31 young (31744K), 3 survivors (3072K)
 Metaspace       used 71735K, committed 72512K, reserved 1114112K
  class space    used 9825K, committed 10176K, reserved 1048576K
}
Event: 7.352 GC heap after
{Heap after GC invocations=19 (full 0):
 garbage-first heap   total 66560K, used 30857K [0x0000000082600000, 0x0000000100000000)
  region size 1024K, 3 young (3072K), 3 survivors (3072K)
 Metaspace       used 71735K, committed 72512K, reserved 1114112K
  class space    used 9825K, committed 10176K, reserved 1048576K
}
Event: 7.959 GC heap before
{Heap before GC invocations=19 (full 0):
 garbage-first heap   total 66560K, used 58505K [0x0000000082600000, 0x0000000100000000)
  region size 1024K, 30 young (30720K), 3 survivors (3072K)
 Metaspace       used 75322K, committed 76096K, reserved 1179648K
  class space    used 10322K, committed 10688K, reserved 1048576K
}
Event: 7.965 GC heap after
{Heap after GC invocations=20 (full 0):
 garbage-first heap   total 66560K, used 32834K [0x0000000082600000, 0x0000000100000000)
  region size 1024K, 4 young (4096K), 4 survivors (4096K)
 Metaspace       used 75322K, committed 76096K, reserved 1179648K
  class space    used 10322K, committed 10688K, reserved 1048576K
}
Event: 19.415 GC heap before
{Heap before GC invocations=20 (full 0):
 garbage-first heap   total 66560K, used 45122K [0x0000000082600000, 0x0000000100000000)
  region size 1024K, 18 young (18432K), 4 survivors (4096K)
 Metaspace       used 78461K, committed 79168K, reserved 1179648K
  class space    used 10765K, committed 11072K, reserved 1048576K
}
Event: 19.420 GC heap after
{Heap after GC invocations=21 (full 0):
 garbage-first heap   total 66560K, used 35622K [0x0000000082600000, 0x0000000100000000)
  region size 1024K, 3 young (3072K), 3 survivors (3072K)
 Metaspace       used 78461K, committed 79168K, reserved 1179648K
  class space    used 10765K, committed 11072K, reserved 1048576K
}

Dll operation events (14 events):
Event: 0.011 Loaded shared library C:\Program Files\Java\jdk-21\bin\java.dll
Event: 0.047 Loaded shared library C:\Program Files\Java\jdk-21\bin\jsvml.dll
Event: 0.118 Loaded shared library C:\Program Files\Java\jdk-21\bin\zip.dll
Event: 0.121 Loaded shared library C:\Program Files\Java\jdk-21\bin\instrument.dll
Event: 0.125 Loaded shared library C:\Program Files\Java\jdk-21\bin\net.dll
Event: 0.127 Loaded shared library C:\Program Files\Java\jdk-21\bin\nio.dll
Event: 0.130 Loaded shared library C:\Program Files\Java\jdk-21\bin\zip.dll
Event: 0.270 Loaded shared library C:\Program Files\JetBrains\IntelliJ IDEA Community Edition 2024.3\bin\breakgen64.dll
Event: 0.279 Loaded shared library C:\Program Files\Java\jdk-21\bin\extnet.dll
Event: 0.368 Loaded shared library C:\Program Files\Java\jdk-21\bin\jimage.dll
Event: 0.694 Loaded shared library C:\Program Files\Java\jdk-21\bin\management.dll
Event: 0.696 Loaded shared library C:\Program Files\Java\jdk-21\bin\management_ext.dll
Event: 1.928 Loaded shared library C:\Program Files\Java\jdk-21\bin\sunmscapi.dll
Event: 4.186 Loaded shared library C:\Program Files\Java\jdk-21\bin\verify.dll

Deoptimization events (20 events):
Event: 19.249 Thread 0x000001b8884669b0 Uncommon trap: trap_request=0xffffff45 fr.pc=0x000001b8350a0f44 relative=0x0000000000000204
Event: 19.249 Thread 0x000001b8884669b0 Uncommon trap: reason=unstable_if action=reinterpret pc=0x000001b8350a0f44 method=java.util.HashMap.getNode(Ljava/lang/Object;)Ljava/util/HashMap$Node; @ 66 c2
Event: 19.249 Thread 0x000001b8884669b0 DEOPT PACKING pc=0x000001b8350a0f44 sp=0x000000368a8fd0c0
Event: 19.249 Thread 0x000001b8884669b0 DEOPT UNPACKING pc=0x000001b8349a46a2 sp=0x000000368a8fcfc8 mode 2
Event: 19.255 Thread 0x000001b8884669b0 Uncommon trap: trap_request=0xffffffde fr.pc=0x000001b8352ca0b8 relative=0x0000000000003338
Event: 19.255 Thread 0x000001b8884669b0 Uncommon trap: reason=class_check action=maybe_recompile pc=0x000001b8352ca0b8 method=org.springframework.core.annotation.AnnotatedElementUtils.getAnnotationAttributes(Lorg/springframework/core/annotation/MergedAnnotation;ZZ)Lorg/springframework/core/anno
Event: 19.255 Thread 0x000001b8884669b0 DEOPT PACKING pc=0x000001b8352ca0b8 sp=0x000000368a8fca60
Event: 19.255 Thread 0x000001b8884669b0 DEOPT UNPACKING pc=0x000001b8349a46a2 sp=0x000000368a8fca18 mode 2
Event: 19.255 Thread 0x000001b8884669b0 Uncommon trap: trap_request=0xffffff45 fr.pc=0x000001b8352f6324 relative=0x00000000000021c4
Event: 19.255 Thread 0x000001b8884669b0 Uncommon trap: reason=unstable_if action=reinterpret pc=0x000001b8352f6324 method=org.springframework.transaction.annotation.SpringTransactionAnnotationParser.parseTransactionAnnotation(Ljava/lang/reflect/AnnotatedElement;)Lorg/springframework/transaction
Event: 19.255 Thread 0x000001b8884669b0 DEOPT PACKING pc=0x000001b8352f6324 sp=0x000000368a8fcb40
Event: 19.255 Thread 0x000001b8884669b0 DEOPT UNPACKING pc=0x000001b8349a46a2 sp=0x000000368a8fcb10 mode 2
Event: 19.273 Thread 0x000001b8884669b0 Uncommon trap: trap_request=0xffffff45 fr.pc=0x000001b8350a3f14 relative=0x0000000000000614
Event: 19.273 Thread 0x000001b8884669b0 Uncommon trap: reason=unstable_if action=reinterpret pc=0x000001b8350a3f14 method=java.util.WeakHashMap.remove(Ljava/lang/Object;)Ljava/lang/Object; @ 92 c2
Event: 19.273 Thread 0x000001b8884669b0 DEOPT PACKING pc=0x000001b8350a3f14 sp=0x000000368a8f94e0
Event: 19.273 Thread 0x000001b8884669b0 DEOPT UNPACKING pc=0x000001b8349a46a2 sp=0x000000368a8f9480 mode 2
Event: 19.436 Thread 0x000001b888dd2c50 Uncommon trap: trap_request=0xffffff45 fr.pc=0x000001b8351396a0 relative=0x0000000000000560
Event: 19.436 Thread 0x000001b888dd2c50 Uncommon trap: reason=unstable_if action=reinterpret pc=0x000001b8351396a0 method=java.util.Arrays$ArrayList.indexOf(Ljava/lang/Object;)I @ 6 c2
Event: 19.436 Thread 0x000001b888dd2c50 DEOPT PACKING pc=0x000001b8351396a0 sp=0x000000368a5fcc80
Event: 19.436 Thread 0x000001b888dd2c50 DEOPT UNPACKING pc=0x000001b8349a46a2 sp=0x000000368a5fcc10 mode 2

Classes loaded (20 events):
Event: 17.110 Loading class sun/nio/cs/ThreadLocalCoders$Cache done
Event: 17.110 Loading class sun/nio/cs/ThreadLocalCoders$1 done
Event: 17.110 Loading class sun/nio/cs/ThreadLocalCoders$2
Event: 17.110 Loading class sun/nio/cs/ThreadLocalCoders$2 done
Event: 17.110 Loading class sun/nio/cs/ISO_8859_1$Decoder
Event: 17.110 Loading class sun/nio/cs/ISO_8859_1$Decoder done
Event: 18.182 Loading class java/util/concurrent/locks/ReentrantReadWriteLock$Sync$HoldCounter
Event: 18.182 Loading class java/util/concurrent/locks/ReentrantReadWriteLock$Sync$HoldCounter done
Event: 19.215 Loading class java/time/format/DateTimeFormatterBuilder$ZoneTextPrinterParser
Event: 19.215 Loading class java/time/format/DateTimeFormatterBuilder$ZoneTextPrinterParser done
Event: 19.215 Loading class java/time/format/DateTimeFormatterBuilder$ReducedPrinterParser
Event: 19.215 Loading class java/time/format/DateTimeFormatterBuilder$ReducedPrinterParser done
Event: 19.304 Loading class java/util/AbstractMap$SimpleEntry
Event: 19.304 Loading class java/util/AbstractMap$SimpleEntry done
Event: 19.488 Loading class java/util/stream/LongStream
Event: 19.488 Loading class java/util/stream/LongStream done
Event: 19.488 Loading class java/util/stream/DoubleStream
Event: 19.489 Loading class java/util/stream/DoubleStream done
Event: 19.524 Loading class jdk/internal/reflect/MethodHandleBooleanFieldAccessorImpl
Event: 19.524 Loading class jdk/internal/reflect/MethodHandleBooleanFieldAccessorImpl done

Classes unloaded (0 events):
No events

Classes redefined (0 events):
No events

Internal exceptions (20 events):
Event: 6.359 Thread 0x000001b888802090 Exception <a 'java/lang/IncompatibleClassChangeError'{0x00000000849b3b90}: Found class java.lang.Object, but interface was expected> (0x00000000849b3b90) 
thrown [s\open\src\hotspot\share\interpreter\linkResolver.cpp, line 840]
Event: 6.403 Thread 0x000001b888802090 Exception <a 'java/lang/IncompatibleClassChangeError'{0x00000000847329c8}: Found class java.lang.Object, but interface was expected> (0x00000000847329c8) 
thrown [s\open\src\hotspot\share\interpreter\linkResolver.cpp, line 840]
Event: 6.562 Thread 0x000001b888802090 Exception <a 'java/lang/IncompatibleClassChangeError'{0x000000008856ca60}: Found class java.lang.Object, but interface was expected> (0x000000008856ca60) 
thrown [s\open\src\hotspot\share\interpreter\linkResolver.cpp, line 840]
Event: 7.401 Thread 0x000001b888802090 Exception <a 'java/lang/NoSuchMethodError'{0x0000000088538e10}: 'java.lang.Object java.lang.invoke.DirectMethodHandle$Holder.invokeInterface(java.lang.Object, java.lang.Object, java.lang.Object, java.lang.Object)'> (0x0000000088538e10) 
thrown [s\open\src\hotspot\share\interpreter\linkResolver.cpp, line 773]
Event: 7.441 Thread 0x000001b888802090 Exception <a 'java/lang/NoSuchMethodError'{0x00000000884dcd78}: 'java.lang.Object java.lang.invoke.DirectMethodHandle$Holder.newInvokeSpecial(java.lang.Object, java.lang.Object, java.lang.Object, java.lang.Object, java.lang.Object, java.lang.Object, java.lang.Object, java.lang.Object)'> (0x00000000884dcd78) 
thrown [s\open\src\hotspot\share\interpreter\linkResolver.cpp, line 773]
Event: 7.647 Thread 0x000001b888802090 Exception <a 'java/lang/IncompatibleClassChangeError'{0x000000008592b1a8}: Found class java.lang.Object, but interface was expected> (0x000000008592b1a8) 
thrown [s\open\src\hotspot\share\interpreter\linkResolver.cpp, line 840]
Event: 7.691 Thread 0x000001b888802090 Exception <a 'java/lang/NoSuchMethodError'{0x00000000858c2ef8}: 'void java.lang.invoke.DirectMethodHandle$Holder.invokeVirtual(java.lang.Object, java.lang.Object, long)'> (0x00000000858c2ef8) 
thrown [s\open\src\hotspot\share\interpreter\linkResolver.cpp, line 773]
Event: 7.740 Thread 0x000001b888802090 Exception <a 'java/lang/NoSuchMethodError'{0x0000000085527878}: 'int java.lang.invoke.DirectMethodHandle$Holder.invokeStaticInit(java.lang.Object, java.lang.Object, java.lang.Object, java.lang.Object)'> (0x0000000085527878) 
thrown [s\open\src\hotspot\share\interpreter\linkResolver.cpp, line 773]
Event: 7.774 Thread 0x000001b888802090 Exception <a 'java/lang/NoSuchMethodError'{0x0000000085471468}: 'java.lang.Object java.lang.invoke.Invokers$Holder.invoke_MT(java.lang.Object, java.lang.Object, java.lang.Object, java.lang.Object, java.lang.Object, java.lang.Object, java.lang.Object, java.lang.Object, java.lang.Object)'> (0x0000000085471468) 
thrown [s\open\src\hotspot\share\interpreter\linkResolver.cpp, line 773]
Event: 7.795 Thread 0x000001b888802090 Exception <a 'java/lang/IncompatibleClassChangeError'{0x00000000853197d0}: Found class java.lang.Object, but interface was expected> (0x00000000853197d0) 
thrown [s\open\src\hotspot\share\interpreter\linkResolver.cpp, line 840]
Event: 7.808 Thread 0x000001b888802090 Implicit null exception at 0x000001b83507786b to 0x000001b835077ae4
Event: 7.833 Thread 0x000001b888802090 Exception <a 'java/lang/NoSuchMethodError'{0x00000000852730d8}: 'java.lang.Object java.lang.invoke.Invokers$Holder.invoke_MT(java.lang.Object, java.lang.Object, java.lang.Object, java.lang.Object, java.lang.Object, java.lang.Object, java.lang.Object, java.lang.Object, java.lang.Object, java.lang.Object, java.lang.Object)'> (0x00000000852730d8) 
thrown [s\open\src\hotspot\share\interpreter\linkResolver.cpp, line 773]
Event: 7.921 Thread 0x000001b888802090 Exception <a 'java/lang/NoSuchMethodError'{0x0000000084e62600}: 'java.lang.Object java.lang.invoke.DirectMethodHandle$Holder.newInvokeSpecial(java.lang.Object, java.lang.Object, int, java.lang.Object, java.lang.Object)'> (0x0000000084e62600) 
thrown [s\open\src\hotspot\share\interpreter\linkResolver.cpp, line 773]
Event: 17.106 Thread 0x000001b8884669b0 Exception <a 'java/lang/NoSuchMethodError'{0x00000000884282d8}: 'java.lang.Object java.lang.invoke.DirectMethodHandle$Holder.invokeSpecial(java.lang.Object, java.lang.Object, java.lang.Object, java.lang.Object, java.lang.Object, long)'> (0x00000000884282d8) 
thrown [s\open\src\hotspot\share\interpreter\linkResolver.cpp, line 773]
Event: 17.106 Thread 0x000001b8884669b0 Exception <a 'java/lang/NoSuchMethodError'{0x000000008842ba60}: 'java.lang.Object java.lang.invoke.Invokers$Holder.linkToTargetMethod(java.lang.Object, java.lang.Object, java.lang.Object, long, java.lang.Object)'> (0x000000008842ba60) 
thrown [s\open\src\hotspot\share\interpreter\linkResolver.cpp, line 773]
Event: 19.296 Thread 0x000001b8884669b0 Exception <a 'java/lang/IncompatibleClassChangeError'{0x0000000085deb5b0}: Found class java.lang.Object, but interface was expected> (0x0000000085deb5b0) 
thrown [s\open\src\hotspot\share\interpreter\linkResolver.cpp, line 840]
Event: 19.404 Thread 0x000001b888dd2c50 Exception <a 'java/lang/IncompatibleClassChangeError'{0x0000000085aef880}: Found class java.lang.Object, but interface was expected> (0x0000000085aef880) 
thrown [s\open\src\hotspot\share\interpreter\linkResolver.cpp, line 840]
Event: 19.436 Thread 0x000001b888dd2c50 Implicit null exception at 0x000001b835139188 to 0x000001b835139684
Event: 19.524 Thread 0x000001b8884669b0 Exception <a 'java/lang/NoSuchMethodError'{0x00000000884a3a90}: 'void java.lang.invoke.Invokers$Holder.invokeExact_MT(java.lang.Object, java.lang.Object, int, java.lang.Object)'> (0x00000000884a3a90) 
thrown [s\open\src\hotspot\share\interpreter\linkResolver.cpp, line 773]
Event: 19.551 Thread 0x000001b8884669b0 Exception <a 'java/lang/NoSuchMethodError'{0x0000000087e5bb28}: 'void java.lang.invoke.DirectMethodHandle$Holder.invokeSpecialIFC(java.lang.Object, java.lang.Object, int, java.lang.Object, java.lang.Object, java.lang.Object, java.lang.Object)'> (0x0000000087e5bb28) 
thrown [s\open\src\hotspot\share\interpreter\linkResolver.cpp, line 773]

ZGC Phase Switch (0 events):
No events

VM Operations (20 events):
Event: 15.025 Executing VM operation: Cleanup done
Event: 17.039 Executing VM operation: Cleanup
Event: 17.071 Executing VM operation: Cleanup done
Event: 17.116 Executing VM operation: HandshakeAllThreads (Deoptimize)
Event: 17.116 Executing VM operation: HandshakeAllThreads (Deoptimize) done
Event: 17.123 Executing VM operation: HandshakeAllThreads (Deoptimize)
Event: 17.123 Executing VM operation: HandshakeAllThreads (Deoptimize) done
Event: 18.137 Executing VM operation: Cleanup
Event: 18.169 Executing VM operation: Cleanup done
Event: 19.180 Executing VM operation: Cleanup
Event: 19.180 Executing VM operation: Cleanup done
Event: 19.414 Executing VM operation: G1TryInitiateConcMark (G1 Humongous Allocation)
Event: 19.420 Executing VM operation: G1TryInitiateConcMark (G1 Humongous Allocation) done
Event: 19.420 Executing VM operation: HandshakeAllThreads (Deoptimize)
Event: 19.420 Executing VM operation: HandshakeAllThreads (Deoptimize) done
Event: 19.443 Executing VM operation: G1PauseRemark
Event: 19.449 Executing VM operation: G1PauseRemark done
Event: 19.464 Executing VM operation: G1PauseCleanup
Event: 19.465 Executing VM operation: G1PauseCleanup done
Event: 20.470 Executing VM operation: Cleanup

Events (20 events):
Event: 19.448 Thread 0x000001b8424db4b0 flushing nmethod 0x000001b82d80ab90
Event: 19.448 Thread 0x000001b8424db4b0 flushing nmethod 0x000001b82d8cb510
Event: 19.448 Thread 0x000001b8424db4b0 flushing nmethod 0x000001b82d8cc710
Event: 19.448 Thread 0x000001b8424db4b0 flushing nmethod 0x000001b82da09010
Event: 19.448 Thread 0x000001b8424db4b0 flushing nmethod 0x000001b82db0d010
Event: 19.448 Thread 0x000001b8424db4b0 flushing nmethod 0x000001b83512f190
Event: 19.448 Thread 0x000001b8424db4b0 flushing nmethod 0x000001b8351ea010
Event: 19.448 Thread 0x000001b8424db4b0 flushing nmethod 0x000001b8351ec590
Event: 19.448 Thread 0x000001b8424db4b0 flushing nmethod 0x000001b82d5bb910
Event: 19.448 Thread 0x000001b8424db4b0 flushing nmethod 0x000001b82d5bc790
Event: 19.448 Thread 0x000001b8424db4b0 flushing nmethod 0x000001b82d5bea90
Event: 19.448 Thread 0x000001b8424db4b0 flushing nmethod 0x000001b82d655a10
Event: 19.448 Thread 0x000001b8424db4b0 flushing nmethod 0x000001b82d67d010
Event: 19.448 Thread 0x000001b8424db4b0 flushing nmethod 0x000001b82d7e5810
Event: 19.448 Thread 0x000001b8424db4b0 flushing nmethod 0x000001b82d9f6e90
Event: 19.448 Thread 0x000001b8424db4b0 flushing nmethod 0x000001b82db27690
Event: 19.448 Thread 0x000001b8424db4b0 flushing nmethod 0x000001b82db29b10
Event: 19.448 Thread 0x000001b8424db4b0 flushing nmethod 0x000001b82db53490
Event: 19.448 Thread 0x000001b8424db4b0 flushing nmethod 0x000001b82db71210
Event: 19.448 Thread 0x000001b8424db4b0 flushing nmethod 0x000001b82dc7a990


Dynamic libraries:
0x00007ff64a1a0000 - 0x00007ff64a1b0000 	C:\Program Files\Java\jdk-21\bin\java.exe
0x00007ffc7cde0000 - 0x00007ffc7d043000 	C:\WINDOWS\SYSTEM32\ntdll.dll
0x00007ffc7ba20000 - 0x00007ffc7bae8000 	C:\WINDOWS\System32\KERNEL32.DLL
0x00007ffc7a1b0000 - 0x00007ffc7a562000 	C:\WINDOWS\System32\KERNELBASE.dll
0x00007ffc7a770000 - 0x00007ffc7a8bb000 	C:\WINDOWS\System32\ucrtbase.dll
0x00007ffc77160000 - 0x00007ffc7717b000 	C:\Program Files\Java\jdk-21\bin\VCRUNTIME140.dll
0x00007ffc75150000 - 0x00007ffc75169000 	C:\Program Files\Java\jdk-21\bin\jli.dll
0x00007ffc7cbf0000 - 0x00007ffc7cca4000 	C:\WINDOWS\System32\ADVAPI32.dll
0x00007ffc7b340000 - 0x00007ffc7b3e9000 	C:\WINDOWS\System32\msvcrt.dll
0x00007ffc7b0b0000 - 0x00007ffc7b156000 	C:\WINDOWS\System32\sechost.dll
0x00007ffc7bb20000 - 0x00007ffc7bc36000 	C:\WINDOWS\System32\RPCRT4.dll
0x00007ffc7b160000 - 0x00007ffc7b328000 	C:\WINDOWS\System32\USER32.dll
0x00007ffc7ac10000 - 0x00007ffc7ac37000 	C:\WINDOWS\System32\win32u.dll
0x00007ffc5c740000 - 0x00007ffc5c9d0000 	C:\WINDOWS\WinSxS\amd64_microsoft.windows.common-controls_6595b64144ccf1df_6.0.26100.2454_none_3e0b68a2e331ad60\COMCTL32.dll
0x00007ffc7baf0000 - 0x00007ffc7bb1a000 	C:\WINDOWS\System32\GDI32.dll
0x00007ffc7aae0000 - 0x00007ffc7ac0b000 	C:\WINDOWS\System32\gdi32full.dll
0x00007ffc7a6c0000 - 0x00007ffc7a763000 	C:\WINDOWS\System32\msvcp_win.dll
0x00007ffc73010000 - 0x00007ffc7301b000 	C:\WINDOWS\SYSTEM32\VERSION.dll
0x00007ffc7b8b0000 - 0x00007ffc7b8df000 	C:\WINDOWS\System32\IMM32.DLL
0x00007ffc77110000 - 0x00007ffc7711c000 	C:\Program Files\Java\jdk-21\bin\vcruntime140_1.dll
0x00007ffc66da0000 - 0x00007ffc66e2e000 	C:\Program Files\Java\jdk-21\bin\msvcp140.dll
0x00007ffc0e120000 - 0x00007ffc0ee38000 	C:\Program Files\Java\jdk-21\bin\server\jvm.dll
0x00007ffc7aca0000 - 0x00007ffc7ad14000 	C:\WINDOWS\System32\WS2_32.dll
0x00007ffc79900000 - 0x00007ffc7994e000 	C:\WINDOWS\SYSTEM32\POWRPROF.dll
0x00007ffc69cd0000 - 0x00007ffc69d06000 	C:\WINDOWS\SYSTEM32\WINMM.dll
0x00007ffc798e0000 - 0x00007ffc798f4000 	C:\WINDOWS\SYSTEM32\UMPDC.dll
0x00007ffc78ff0000 - 0x00007ffc7900a000 	C:\WINDOWS\SYSTEM32\kernel.appcore.dll
0x00007ffc770f0000 - 0x00007ffc770fa000 	C:\Program Files\Java\jdk-21\bin\jimage.dll
0x00007ffc69080000 - 0x00007ffc692c1000 	C:\WINDOWS\SYSTEM32\DBGHELP.DLL
0x00007ffc7ad20000 - 0x00007ffc7b09e000 	C:\WINDOWS\System32\combase.dll
0x00007ffc7ccb0000 - 0x00007ffc7cd86000 	C:\WINDOWS\System32\OLEAUT32.dll
0x00007ffc632a0000 - 0x00007ffc632d9000 	C:\WINDOWS\SYSTEM32\dbgcore.DLL
0x00007ffc7a8c0000 - 0x00007ffc7a959000 	C:\WINDOWS\System32\bcryptPrimitives.dll
0x00007ffc75210000 - 0x00007ffc7521f000 	C:\Program Files\Java\jdk-21\bin\instrument.dll
0x00007ffc74270000 - 0x00007ffc7428f000 	C:\Program Files\Java\jdk-21\bin\java.dll
0x00007ffc7c030000 - 0x00007ffc7c730000 	C:\WINDOWS\System32\SHELL32.dll
0x00007ffc77f00000 - 0x00007ffc78731000 	C:\WINDOWS\SYSTEM32\windows.storage.dll
0x00007ffc7bf50000 - 0x00007ffc7c02a000 	C:\WINDOWS\System32\SHCORE.dll
0x00007ffc7b8f0000 - 0x00007ffc7b94d000 	C:\WINDOWS\System32\shlwapi.dll
0x00007ffc7a0c0000 - 0x00007ffc7a0ee000 	C:\WINDOWS\SYSTEM32\profapi.dll
0x00007ffc26af0000 - 0x00007ffc26bc7000 	C:\Program Files\Java\jdk-21\bin\jsvml.dll
0x00007ffc721b0000 - 0x00007ffc721c8000 	C:\Program Files\Java\jdk-21\bin\zip.dll
0x00007ffc74920000 - 0x00007ffc74930000 	C:\Program Files\Java\jdk-21\bin\net.dll
0x00007ffc72d10000 - 0x00007ffc72e36000 	C:\WINDOWS\SYSTEM32\WINHTTP.dll
0x00007ffc794f0000 - 0x00007ffc79558000 	C:\WINDOWS\system32\mswsock.dll
0x00007ffc724f0000 - 0x00007ffc72506000 	C:\Program Files\Java\jdk-21\bin\nio.dll
0x00007ffc66d80000 - 0x00007ffc66d9a000 	C:\Program Files\JetBrains\IntelliJ IDEA Community Edition 2024.3\bin\breakgen64.dll
0x00007ffc74260000 - 0x00007ffc74269000 	C:\Program Files\Java\jdk-21\bin\extnet.dll
0x00007ffc67050000 - 0x00007ffc6705a000 	C:\Program Files\Java\jdk-21\bin\management.dll
0x00007ffc66d70000 - 0x00007ffc66d7b000 	C:\Program Files\Java\jdk-21\bin\management_ext.dll
0x00007ffc7b3f0000 - 0x00007ffc7b3f8000 	C:\WINDOWS\System32\PSAPI.DLL
0x00007ffc721a0000 - 0x00007ffc721ae000 	C:\Program Files\Java\jdk-21\bin\sunmscapi.dll
0x00007ffc7a960000 - 0x00007ffc7aad6000 	C:\WINDOWS\System32\CRYPT32.dll
0x00007ffc79aa0000 - 0x00007ffc79ad0000 	C:\WINDOWS\SYSTEM32\ncrypt.dll
0x00007ffc79a50000 - 0x00007ffc79a8f000 	C:\WINDOWS\SYSTEM32\NTASN1.dll
0x00007ffc79800000 - 0x00007ffc7981c000 	C:\WINDOWS\SYSTEM32\CRYPTSP.dll
0x00007ffc78f50000 - 0x00007ffc78f88000 	C:\WINDOWS\system32\rsaenh.dll
0x00007ffc79590000 - 0x00007ffc795bb000 	C:\WINDOWS\SYSTEM32\USERENV.dll
0x00007ffc79ae0000 - 0x00007ffc79b06000 	C:\WINDOWS\SYSTEM32\bcrypt.dll
0x00007ffc79820000 - 0x00007ffc7982c000 	C:\WINDOWS\SYSTEM32\CRYPTBASE.dll
0x00007ffc78a30000 - 0x00007ffc78a62000 	C:\WINDOWS\SYSTEM32\IPHLPAPI.DLL
0x00007ffc7bd30000 - 0x00007ffc7bd3a000 	C:\WINDOWS\System32\NSI.dll
0x00007ffc66d60000 - 0x00007ffc66d70000 	C:\Program Files\Java\jdk-21\bin\verify.dll
0x00007ffc78ac0000 - 0x00007ffc78be5000 	C:\WINDOWS\SYSTEM32\DNSAPI.dll
0x00007ffc6b6d0000 - 0x00007ffc6b6db000 	C:\Windows\System32\rasadhlp.dll
0x00007ffc6e070000 - 0x00007ffc6e0f5000 	C:\WINDOWS\System32\fwpuclnt.dll
0x00007ffc72430000 - 0x00007ffc72438000 	C:\WINDOWS\system32\wshunix.dll

dbghelp: loaded successfully - version: 4.0.5 - missing functions: none
symbol engine: initialized successfully - sym options: 0x614 - pdb path: .;C:\Program Files\Java\jdk-21\bin;C:\WINDOWS\SYSTEM32;C:\WINDOWS\WinSxS\amd64_microsoft.windows.common-controls_6595b64144ccf1df_6.0.26100.2454_none_3e0b68a2e331ad60;C:\Program Files\Java\jdk-21\bin\server;C:\Program Files\JetBrains\IntelliJ IDEA Community Edition 2024.3\bin

VM Arguments:
jvm_args: -javaagent:C:\Program Files\JetBrains\IntelliJ IDEA Community Edition 2024.3\lib\idea_rt.jar=11983:C:\Program Files\JetBrains\IntelliJ IDEA Community Edition 2024.3\bin -Dfile.encoding=UTF-8 -Dsun.stdout.encoding=UTF-8 -Dsun.stderr.encoding=UTF-8 
java_command: com.sahan.Hotel.Management.HotelManagementApplication
java_class_path (initial): D:\SpringBoot\Hotel-Management\target\classes;C:\Users\Sahan\.m2\repository\org\springframework\boot\spring-boot-starter-data-jpa\3.4.1\spring-boot-starter-data-jpa-3.4.1.jar;C:\Users\Sahan\.m2\repository\org\springframework\boot\spring-boot-starter\3.4.1\spring-boot-starter-3.4.1.jar;C:\Users\Sahan\.m2\repository\org\springframework\boot\spring-boot-starter-logging\3.4.1\spring-boot-starter-logging-3.4.1.jar;C:\Users\Sahan\.m2\repository\ch\qos\logback\logback-classic\1.5.12\logback-classic-1.5.12.jar;C:\Users\Sahan\.m2\repository\ch\qos\logback\logback-core\1.5.12\logback-core-1.5.12.jar;C:\Users\Sahan\.m2\repository\org\apache\logging\log4j\log4j-to-slf4j\2.24.3\log4j-to-slf4j-2.24.3.jar;C:\Users\Sahan\.m2\repository\org\apache\logging\log4j\log4j-api\2.24.3\log4j-api-2.24.3.jar;C:\Users\Sahan\.m2\repository\org\slf4j\jul-to-slf4j\2.0.16\jul-to-slf4j-2.0.16.jar;C:\Users\Sahan\.m2\repository\jakarta\annotation\jakarta.annotation-api\2.1.1\jakarta.annotation-api-2.1.1.jar;C:\Users\Sahan\.m2\repository\org\yaml\snakeyaml\2.3\snakeyaml-2.3.jar;C:\Users\Sahan\.m2\repository\org\springframework\boot\spring-boot-starter-jdbc\3.4.1\spring-boot-starter-jdbc-3.4.1.jar;C:\Users\Sahan\.m2\repository\com\zaxxer\HikariCP\5.1.0\HikariCP-5.1.0.jar;C:\Users\Sahan\.m2\repository\org\springframework\spring-jdbc\6.2.1\spring-jdbc-6.2.1.jar;C:\Users\Sahan\.m2\repository\org\hibernate\orm\hibernate-core\6.6.4.Final\hibernate-core-6.6.4.Final.jar;C:\Users\Sahan\.m2\repository\jakarta\persistence\jakarta.persistence-api\3.1.0\jakarta.persistence-api-3.1.0.jar;C:\Users\Sahan\.m2\repository\jakarta\transaction\jakarta.transaction-api\2.0.1\jakarta.transaction-api-2.0.1.jar;C:\Users\Sahan\.m2\repository\org\jboss\logging\jboss-logging\3.6.1.Final\jboss-logging-3.6.1.Final.jar;C:\Users\Sahan\.m2\repository\org\hibernate\common\hibernate-commons-annotations\7.0.3.Final\hibernate-commons-annotations-7.0.3.Final.jar;C:\Users\Sahan\.m2\repository\io\smallrye\jandex\3.2.0\jandex-3.2.0.jar;C:\Users\Sahan\.m2\repository\com\fasterxml\classmate\1.7.0\classmate-1.7.0.jar;C:\Users\Sahan\.m2\repository\net\bytebuddy\byte-buddy\1.15.11\byte-buddy-1.15.11.jar;C:\Users\Sahan\.m2\repository\org\glassfish\jaxb\jaxb-runtime\4.0.5\jaxb-runtime-4.0.5.jar;C:\Users\Sahan\.m2\repository\org\glassfish\jaxb\jaxb-core\4.0.5\jaxb-core-4.0.5.jar;C:\Users\Sahan\.m2\repository\org\eclipse\angus\angus-activation\2.0.2\angus-activation-2.0.2.jar;C:\Users\Sahan\.m2\repository\org\glassfish\jaxb\txw2\4.0.5\txw2-4.0.5.jar;C:\Users\Sahan\.m2\repository\com\sun\istack\istack-commons-runtime\4.1.2\istack-commons-runtime-4.1.2.jar;C:\Users\Sahan\.m2\repository\jakarta\inject\jakarta.inject-api\2.0.1\jakarta.inject-api-2.0.1.jar;C:\Users\Sahan\.m2\repository\org\antlr\antlr4-runtime\4.13.0\antlr4-runtime-4.13.0.jar;C:\Users\Sahan\.m2\repository\org\springframework\data\spring-data-jpa\3.4.1\spring-data-jpa-3.4.1.jar;C:\Users\Sahan\.m2\repository\org\springframework\data\spring-data-commons\3.4.1\spring-data-commons-3.4.1.jar;C:\Users\Sahan\.m2\repository\org\springframework\spring-orm\6.2.1\spring-orm-6.2.1.jar;C:\Users\Sahan\.m2\repository\org\springframework\spring-context\6.2.1\spring-context-6.2.1.jar;C:\Users\Sahan\.m2\repository\org\springframework\spring-aop\6.2.1\spring-aop-6.2.1.jar;C:\Users\Sahan\.m2\repository\org\springframework\spring-tx\6.2.1\spring-tx-6.2.1.jar;C:\Users\Sahan\.m2\repository\org\springframework\spring-beans\6.2.1\spring-beans-6.2.1.jar;C:\Users\Sahan\.m2\repository\org\slf4j\slf4j-api\2.0.16\slf4j-api-2.0.16.jar;C:\Users\Sahan\.m2\repository\org\springframework\spring-aspects\6.2.1\spring-aspects-6.2.1.jar;C:\Users\Sahan\.m2\repository\org\aspectj\aspectjweaver\1.9.22.1\aspectjweaver-1.9.22.1.jar;C:\Users\Sahan\.m2\repository\org\springframework\boot\spring-boot-starter-validation\3.4.1\spring-boot-starter-validation-3.4.1.jar;C:\Users\Sahan\.m2\repository\org\apache\tomcat\embed\tomcat-embed-el\10.1.34\tomcat-embed-el-10.1.34.jar;C:\Users\Sahan\.m2\repository\org\hibernate\validator\hibernate-validator\8.0.2.Final\hibernate-validator-8.0.2.Final.jar;C:\Users\Sahan\.m2\repository\jakarta\validation\jakarta.validation-api\3.0.2\jakarta.validation-api-3.0.2.jar;C:\Users\Sahan\.m2\repository\com\fasterxml\jackson\core\jackson-databind\2.18.1\jackson-databind-2.18.1.jar;C:\Users\Sahan\.m2\repository\com\fasterxml\jackson\core\jackson-annotations\2.18.2\jackson-annotations-2.18.2.jar;C:\Users\Sahan\.m2\repository\com\fasterxml\jackson\core\jackson-core\2.18.2\jackson-core-2.18.2.jar;C:\Users\Sahan\.m2\repository\org\apache\commons\commons-lang3\3.17.0\commons-lang3-3.17.0.jar;C:\Users\Sahan\.m2\repository\org\springframework\boot\spring-boot-starter-web\3.4.1\spring-boot-starter-web-3.4.1.jar;C:\Users\Sahan\.m2\repository\org\springframework\boot\spring-boot-starter-json\3.4.1\spring-boot-starter-json-3.4.1.jar;C:\Users\Sahan\.m2\repository\com\fasterxml\jackson\datatype\jackson-datatype-jdk8\2.18.2\jackson-datatype-jdk8-2.18.2.jar;C:\Users\Sahan\.m2\repository\com\fasterxml\jackson\datatype\jackson-datatype-jsr310\2.18.2\jackson-datatype-jsr310-2.18.2.jar;C:\Users\Sahan\.m2\repository\com\fasterxml\jackson\module\jackson-module-parameter-names\2.18.2\jackson-module-parameter-names-2.18.2.jar;C:\Users\Sahan\.m2\repository\org\springframework\boot\spring-boot-starter-tomcat\3.4.1\spring-boot-starter-tomcat-3.4.1.jar;C:\Users\Sahan\.m2\repository\org\apache\tomcat\embed\tomcat-embed-core\10.1.34\tomcat-embed-core-10.1.34.jar;C:\Users\Sahan\.m2\repository\org\apache\tomcat\embed\tomcat-embed-websocket\10.1.34\tomcat-embed-websocket-10.1.34.jar;C:\Users\Sahan\.m2\repository\org\springframework\spring-web\6.2.1\spring-web-6.2.1.jar;C:\Users\Sahan\.m2\repository\io\micrometer\micrometer-observation\1.14.2\micrometer-observation-1.14.2.jar;C:\Users\Sahan\.m2\repository\io\micrometer\micrometer-commons\1.14.2\micrometer-commons-1.14.2.jar;C:\Users\Sahan\.m2\repository\org\springframework\spring-webmvc\6.2.1\spring-webmvc-6.2.1.jar;C:\Users\Sahan\.m2\repository\org\springframework\spring-expression\6.2.1\spring-expression-6.2.1.jar;C:\Users\Sahan\.m2\repository\org\springframework\boot\spring-boot-devtools\3.4.1\spring-boot-devtools-3.4.1.jar;C:\Users\Sahan\.m2\repository\org\springframework\boot\spring-boot\3.4.1\spring-boot-3.4.1.jar;C:\Users\Sahan\.m2\repository\org\springframework\boot\spring-boot-autoconfigure\3.4.1\spring-boot-autoconfigure-3.4.1.jar;C:\Users\Sahan\.m2\repository\com\mysql\mysql-connector-j\9.1.0\mysql-connector-j-9.1.0.jar;C:\Users\Sahan\.m2\repository\org\projectlombok\lombok\1.18.36\lombok-1.18.36.jar;C:\Users\Sahan\.m2\repository\jakarta\xml\bind\jakarta.xml.bind-api\4.0.2\jakarta.xml.bind-api-4.0.2.jar;C:\Users\Sahan\.m2\repository\jakarta\activation\jakarta.activation-api\2.1.3\jakarta.activation-api-2.1.3.jar;C:\Users\Sahan\.m2\repository\org\springframework\spring-core\6.2.1\spring-core-6.2.1.jar;C:\Users\Sahan\.m2\repository\org\springframework\spring-jcl\6.2.1\spring-jcl-6.2.1.jar
Launcher Type: SUN_STANDARD

[Global flags]
     intx CICompilerCount                          = 4                                         {product} {ergonomic}
     uint ConcGCThreads                            = 3                                         {product} {ergonomic}
     uint G1ConcRefinementThreads                  = 10                                        {product} {ergonomic}
   size_t G1HeapRegionSize                         = 1048576                                   {product} {ergonomic}
    uintx GCDrainStackTargetSize                   = 64                                        {product} {ergonomic}
   size_t InitialHeapSize                          = 132120576                                 {product} {ergonomic}
   size_t MarkStackSize                            = 4194304                                   {product} {ergonomic}
   size_t MaxHeapSize                              = 2107637760                                {product} {ergonomic}
   size_t MaxNewSize                               = 1264582656                                {product} {ergonomic}
   size_t MinHeapDeltaBytes                        = 1048576                                   {product} {ergonomic}
   size_t MinHeapSize                              = 8388608                                   {product} {ergonomic}
    uintx NonNMethodCodeHeapSize                   = 5839372                                {pd product} {ergonomic}
    uintx NonProfiledCodeHeapSize                  = 122909434                              {pd product} {ergonomic}
    uintx ProfiledCodeHeapSize                     = 122909434                              {pd product} {ergonomic}
    uintx ReservedCodeCacheSize                    = 251658240                              {pd product} {ergonomic}
     bool SegmentedCodeCache                       = true                                      {product} {ergonomic}
   size_t SoftMaxHeapSize                          = 2107637760                             {manageable} {ergonomic}
     bool UseCompressedOops                        = true                           {product lp64_product} {ergonomic}
     bool UseG1GC                                  = true                                      {product} {ergonomic}
     bool UseLargePagesIndividualAllocation        = false                                  {pd product} {ergonomic}

Logging:
Log output configuration:
 #0: stdout all=warning uptime,level,tags foldmultilines=false
 #1: stderr all=off uptime,level,tags foldmultilines=false

Environment Variables:
PATH=C:\Program Files\Common Files\Oracle\Java\javapath;C:\WINDOWS\system32;C:\WINDOWS;C:\WINDOWS\System32\Wbem;C:\WINDOWS\System32\WindowsPowerShell\v1.0\;C:\WINDOWS\System32\OpenSSH\;C:\Program Files\dotnet\;C:\Program Files (x86)\dotnet\;C:\Program Files (x86)\NVIDIA Corporation\PhysX\Common;C:\Program Files\NVIDIA Corporation\NVIDIA NvDLISR;C:\Program Files\nodejs\;C:\Program Files\Git\cmd;C:\Users\Sahan\AppData\Local\Microsoft\WindowsApps;C:\Users\Sahan\AppData\Local\Programs\Microsoft VS Code\bin;C:\Users\Sahan\AppData\Roaming\npm;
USERNAME=Sahan
OS=Windows_NT
PROCESSOR_IDENTIFIER=Intel64 Family 6 Model 158 Stepping 10, GenuineIntel
TMP=C:\Users\Sahan\AppData\Local\Temp
TEMP=C:\Users\Sahan\AppData\Local\Temp




Periodic native trim disabled

---------------  S Y S T E M  ---------------

OS:
 Windows 11 , 64 bit Build 26100 (10.0.26100.2454)
OS uptime: 2 days 2:51 hours

CPU: total 12 (initial active 12) (6 cores per cpu, 2 threads per core) family 6 model 158 stepping 10 microcode 0xde, cx8, cmov, fxsr, ht, mmx, 3dnowpref, sse, sse2, sse3, ssse3, sse4.1, sse4.2, popcnt, lzcnt, tsc, tscinvbit, avx, avx2, aes, erms, clmul, bmi1, bmi2, adx, fma, vzeroupper, clflush, clflushopt, rdtscp, f16c
Processor Information for all 12 processors :
  Max Mhz: 2208, Current Mhz: 2208, Mhz Limit: 2208

Memory: 4k page, system-wide physical 8034M (709M free)
TotalPageFile size 12130M (AvailPageFile size 74M)
current process WorkingSet (physical memory assigned to process): 270M, peak: 305M
current process commit charge ("private bytes"): 308M, peak: 343M

vm_info: Java HotSpot(TM) 64-Bit Server VM (21.0.5+9-LTS-239) for windows-amd64 JRE (21.0.5+9-LTS-239), built on 2024-09-30T05:17:38Z by "mach5one" with MS VC++ 17.6 (VS2022)

END.
