#
# There is insufficient memory for the Java Runtime Environment to continue.
# Native memory allocation (mmap) failed to map 23068672 bytes for G1 virtual space
# Possible reasons:
#   The system is out of physical RAM or swap space
#   The process is running with CompressedOops enabled, and the Java Heap may be blocking the growth of the native heap
# Possible solutions:
#   Reduce memory load on the system
#   Increase physical memory or swap space
#   Check if swap backing store is full
#   Decrease Java heap size (-Xmx/-Xms)
#   Decrease number of Java threads
#   Decrease Java thread stack sizes (-Xss)
#   Set larger code cache with -XX:ReservedCodeCacheSize=
#   JVM is running with Unscaled Compressed Oops mode in which the Java heap is
#     placed in the first 4GB address space. The Java Heap base address is the
#     maximum limit for the native heap growth. Please use -XX:HeapBaseMinAddress
#     to set the Java Heap base and to place the Java Heap above 4GB virtual address.
# This output file may be truncated or incomplete.
#
#  Out of Memory Error (os_windows.cpp:3600), pid=1676, tid=15804
#
# JRE version: Java(TM) SE Runtime Environment (21.0.5+9) (build 21.0.5+9-LTS-239)
# Java VM: Java HotSpot(TM) 64-Bit Server VM (21.0.5+9-LTS-239, mixed mode, sharing, tiered, compressed oops, compressed class ptrs, g1 gc, windows-amd64)
# No core dump will be written. Minidumps are not enabled by default on client versions of Windows
#

---------------  S U M M A R Y ------------

Command Line: -javaagent:C:\Program Files\JetBrains\IntelliJ IDEA Community Edition 2024.3\lib\idea_rt.jar=9411:C:\Program Files\JetBrains\IntelliJ IDEA Community Edition 2024.3\bin -Dfile.encoding=UTF-8 -Dsun.stdout.encoding=UTF-8 -Dsun.stderr.encoding=UTF-8 com.sahan.Hotel.Management.HotelManagementApplication

Host: Intel(R) Core(TM) i7-8750H CPU @ 2.20GHz, 12 cores, 7G,  Windows 11 , 64 bit Build 26100 (10.0.26100.2454)
Time: Fri Dec 27 10:33:26 2024 GMT Standard Time elapsed time: 10.352380 seconds (0d 0h 0m 10s)

---------------  T H R E A D  ---------------

Current thread (0x0000019a240ea130):  VMThread "VM Thread"          [id=15804, stack(0x0000001a30400000,0x0000001a30500000) (1024K)]

Stack: [0x0000001a30400000,0x0000001a30500000]
Native frames: (J=compiled Java code, j=interpreted, Vv=VM code, C=native code)
V  [jvm.dll+0x6ca289]
V  [jvm.dll+0x854a51]
V  [jvm.dll+0x856f7e]
V  [jvm.dll+0x857653]
V  [jvm.dll+0x27dd26]
V  [jvm.dll+0x6c6a25]
V  [jvm.dll+0x6bb5aa]
V  [jvm.dll+0x35359a]
V  [jvm.dll+0x35b1f6]
V  [jvm.dll+0x3adade]
V  [jvm.dll+0x3add88]
V  [jvm.dll+0x3278fc]
V  [jvm.dll+0x327987]
V  [jvm.dll+0x36c26c]
V  [jvm.dll+0x36aabe]
V  [jvm.dll+0x3270c1]
V  [jvm.dll+0x36a1da]
V  [jvm.dll+0x85d420]
V  [jvm.dll+0x85e7a4]
V  [jvm.dll+0x85ece0]
V  [jvm.dll+0x85ef83]
V  [jvm.dll+0x7fee9b]
V  [jvm.dll+0x6c896d]
C  [ucrtbase.dll+0x14ea0]
C  [KERNEL32.DLL+0x2e8d7]
C  [ntdll.dll+0xdfbcc]

VM_Operation (0x0000001a313fb2e0): G1CollectForAllocation, mode: safepoint, requested by thread 0x0000019a249b3ef0


---------------  P R O C E S S  ---------------

Threads class SMR info:
_java_thread_list=0x0000019a6b6c5500, length=22, elements={
0x0000019a079af050, 0x0000019a24101b50, 0x0000019a241027a0, 0x0000019a2410b6e0,
0x0000019a2410c390, 0x0000019a2410d270, 0x0000019a2410ded0, 0x0000019a2489d8d0,
0x0000019a248be4a0, 0x0000019a249b1790, 0x0000019a249b31d0, 0x0000019a249b24b0,
0x0000019a249b1e20, 0x0000019a249b3ef0, 0x0000019a6c73b550, 0x0000019a6c739480,
0x0000019a6c739b10, 0x0000019a6c738760, 0x0000019a6c73aec0, 0x0000019a6c7380d0,
0x0000019a6e5917d0, 0x0000019a6e502b70
}

Java Threads: ( => current thread )
  0x0000019a079af050 JavaThread "main"                              [_thread_blocked, id=17836, stack(0x0000001a2fd00000,0x0000001a2fe00000) (1024K)]
  0x0000019a24101b50 JavaThread "Reference Handler"          daemon [_thread_blocked, id=6228, stack(0x0000001a30500000,0x0000001a30600000) (1024K)]
  0x0000019a241027a0 JavaThread "Finalizer"                  daemon [_thread_blocked, id=10480, stack(0x0000001a30600000,0x0000001a30700000) (1024K)]
  0x0000019a2410b6e0 JavaThread "Signal Dispatcher"          daemon [_thread_blocked, id=11844, stack(0x0000001a30700000,0x0000001a30800000) (1024K)]
  0x0000019a2410c390 JavaThread "Attach Listener"            daemon [_thread_blocked, id=2612, stack(0x0000001a30800000,0x0000001a30900000) (1024K)]
  0x0000019a2410d270 JavaThread "Service Thread"             daemon [_thread_blocked, id=21432, stack(0x0000001a30900000,0x0000001a30a00000) (1024K)]
  0x0000019a2410ded0 JavaThread "Monitor Deflation Thread"   daemon [_thread_blocked, id=17184, stack(0x0000001a30a00000,0x0000001a30b00000) (1024K)]
  0x0000019a2489d8d0 JavaThread "C2 CompilerThread0"         daemon [_thread_blocked, id=15640, stack(0x0000001a30b00000,0x0000001a30c00000) (1024K)]
  0x0000019a248be4a0 JavaThread "C1 CompilerThread0"         daemon [_thread_blocked, id=3300, stack(0x0000001a30c00000,0x0000001a30d00000) (1024K)]
  0x0000019a249b1790 JavaThread "Common-Cleaner"             daemon [_thread_blocked, id=1692, stack(0x0000001a30d00000,0x0000001a30e00000) (1024K)]
  0x0000019a249b31d0 JavaThread "Monitor Ctrl-Break"         daemon [_thread_in_native, id=2756, stack(0x0000001a31000000,0x0000001a31100000) (1024K)]
  0x0000019a249b24b0 JavaThread "Notification Thread"        daemon [_thread_blocked, id=14848, stack(0x0000001a31100000,0x0000001a31200000) (1024K)]
  0x0000019a249b1e20 JavaThread "Thread-0"                          [_thread_blocked, id=2840, stack(0x0000001a31200000,0x0000001a31300000) (1024K)]
  0x0000019a249b3ef0 JavaThread "restartedMain"                     [_thread_blocked, id=14676, stack(0x0000001a31300000,0x0000001a31400000) (1024K)]
  0x0000019a6c73b550 JavaThread "Catalina-utility-1"                [_thread_blocked, id=8980, stack(0x0000001a31900000,0x0000001a31a00000) (1024K)]
  0x0000019a6c739480 JavaThread "Catalina-utility-2"                [_thread_blocked, id=15548, stack(0x0000001a32000000,0x0000001a32100000) (1024K)]
  0x0000019a6c739b10 JavaThread "container-0"                       [_thread_blocked, id=6112, stack(0x0000001a32100000,0x0000001a32200000) (1024K)]
  0x0000019a6c738760 JavaThread "mysql-cj-abandoned-connection-cleanup" daemon [_thread_blocked, id=16348, stack(0x0000001a32200000,0x0000001a32300000) (1024K)]
  0x0000019a6c73aec0 JavaThread "HikariPool-1 housekeeper"   daemon [_thread_blocked, id=19424, stack(0x0000001a32400000,0x0000001a32500000) (1024K)]
  0x0000019a6c7380d0 JavaThread "HikariPool-1 connection adder" daemon [_thread_blocked, id=6852, stack(0x0000001a32500000,0x0000001a32600000) (1024K)]
  0x0000019a6e5917d0 JavaThread "C2 CompilerThread1"         daemon [_thread_blocked, id=21124, stack(0x0000001a30e00000,0x0000001a30f00000) (1024K)]
  0x0000019a6e502b70 JavaThread "C2 CompilerThread2"         daemon [_thread_blocked, id=15180, stack(0x0000001a30f00000,0x0000001a31000000) (1024K)]
Total: 22

Other Threads:
=>0x0000019a240ea130 VMThread "VM Thread"                           [id=15804, stack(0x0000001a30400000,0x0000001a30500000) (1024K)]
  0x0000019a240d6b80 WatcherThread "VM Periodic Task Thread"        [id=18048, stack(0x0000001a30300000,0x0000001a30400000) (1024K)]
  0x0000019a07a06640 WorkerThread "GC Thread#0"                     [id=6772, stack(0x0000001a2fe00000,0x0000001a2ff00000) (1024K)]
  0x0000019a6a859b80 WorkerThread "GC Thread#1"                     [id=1612, stack(0x0000001a31400000,0x0000001a31500000) (1024K)]
  0x0000019a6a859f20 WorkerThread "GC Thread#2"                     [id=14176, stack(0x0000001a31500000,0x0000001a31600000) (1024K)]
  0x0000019a6a85a2c0 WorkerThread "GC Thread#3"                     [id=13964, stack(0x0000001a31600000,0x0000001a31700000) (1024K)]
  0x0000019a6a868860 WorkerThread "GC Thread#4"                     [id=1540, stack(0x0000001a31700000,0x0000001a31800000) (1024K)]
  0x0000019a6a868c00 WorkerThread "GC Thread#5"                     [id=14932, stack(0x0000001a31800000,0x0000001a31900000) (1024K)]
  0x0000019a6acb6690 WorkerThread "GC Thread#6"                     [id=7616, stack(0x0000001a31a00000,0x0000001a31b00000) (1024K)]
  0x0000019a6acb6e40 WorkerThread "GC Thread#7"                     [id=9272, stack(0x0000001a31b00000,0x0000001a31c00000) (1024K)]
  0x0000019a6afa8a20 WorkerThread "GC Thread#8"                     [id=14116, stack(0x0000001a31c00000,0x0000001a31d00000) (1024K)]
  0x0000019a6afa9160 WorkerThread "GC Thread#9"                     [id=17696, stack(0x0000001a31d00000,0x0000001a31e00000) (1024K)]
  0x0000019a07a58290 ConcurrentGCThread "G1 Main Marker"            [id=4520, stack(0x0000001a2ff00000,0x0000001a30000000) (1024K)]
  0x0000019a07a59530 WorkerThread "G1 Conc#0"                       [id=12028, stack(0x0000001a30000000,0x0000001a30100000) (1024K)]
  0x0000019a6afa8680 WorkerThread "G1 Conc#1"                       [id=12628, stack(0x0000001a31e00000,0x0000001a31f00000) (1024K)]
  0x0000019a6afa7800 WorkerThread "G1 Conc#2"                       [id=2932, stack(0x0000001a31f00000,0x0000001a32000000) (1024K)]
  0x0000019a23fa0c50 ConcurrentGCThread "G1 Refine#0"               [id=9376, stack(0x0000001a30100000,0x0000001a30200000) (1024K)]
  0x0000019a23fa2670 ConcurrentGCThread "G1 Service"                [id=18700, stack(0x0000001a30200000,0x0000001a30300000) (1024K)]
Total: 18

Threads with active compile tasks:
C2 CompilerThread1    10414 6091       4       java.lang.invoke.LambdaForm$Name::replaceNames (175 bytes)
C2 CompilerThread2    10414 6101       4       jdk.internal.org.objectweb.asm.ClassWriter::toByteArray (1517 bytes)
Total: 2

VM state: at safepoint (normal execution)

VM Mutex/Monitor currently owned by a thread:  ([mutex/lock_event])
[0x00007ffd95d1be98] Threads_lock - owner thread: 0x0000019a240ea130
[0x00007ffd95d1bf98] Heap_lock - owner thread: 0x0000019a249b3ef0

Heap address: 0x0000000082600000, size: 2010 MB, Compressed Oops mode: 32-bit

CDS archive(s) mapped at: [0x0000019a25000000-0x0000019a25c90000-0x0000019a25c90000), size 13172736, SharedBaseAddress: 0x0000019a25000000, ArchiveRelocationMode: 1.
Compressed class space mapped at: 0x0000019a26000000-0x0000019a66000000, reserved size: 1073741824
Narrow klass base: 0x0000019a25000000, Narrow klass shift: 0, Narrow klass range: 0x100000000

GC Precious Log:
 CardTable entry size: 512
 Card Set container configuration: InlinePtr #cards 5 size 8 Array Of Cards #cards 12 size 40 Howl #buckets 4 coarsen threshold 1843 Howl Bitmap #cards 512 size 80 coarsen threshold 460 Card regions per heap region 1 cards per card region 2048
 CPUs: 12 total, 12 available
 Memory: 8034M
 Large Page Support: Disabled
 NUMA Support: Disabled
 Compressed Oops: Enabled (32-bit)
 Heap Region Size: 1M
 Heap Min Capacity: 8M
 Heap Initial Capacity: 126M
 Heap Max Capacity: 2010M
 Pre-touch: Disabled
 Parallel Workers: 10
 Concurrent Workers: 3
 Concurrent Refinement Workers: 10
 Periodic GC: Disabled

Heap:
 garbage-first heap   total 73728K, used 30246K [0x0000000082600000, 0x0000000100000000)
  region size 1024K, 1 young (1024K), 1 survivors (1024K)
 Metaspace       used 72168K, committed 72896K, reserved 1114112K
  class space    used 9901K, committed 10240K, reserved 1048576K

Heap Regions: E=young(eden), S=young(survivor), O=old, HS=humongous(starts), HC=humongous(continues), CS=collection set, F=free, TAMS=top-at-mark-start, PB=parsable bottom
|   0|0x0000000082600000, 0x0000000082700000, 0x0000000082700000|100%|HS|  |TAMS 0x0000000082700000| PB 0x0000000082600000| Complete 
|   1|0x0000000082700000, 0x0000000082800000, 0x0000000082800000|100%|HS|  |TAMS 0x0000000082800000| PB 0x0000000082700000| Complete 
|   2|0x0000000082800000, 0x0000000082900000, 0x0000000082900000|100%| O|  |TAMS 0x0000000082900000| PB 0x0000000082800000| Untracked 
|   3|0x0000000082900000, 0x0000000082a00000, 0x0000000082a00000|100%| O|  |TAMS 0x0000000082a00000| PB 0x0000000082900000| Untracked 
|   4|0x0000000082a00000, 0x0000000082b00000, 0x0000000082b00000|100%| O|  |TAMS 0x0000000082b00000| PB 0x0000000082a00000| Untracked 
|   5|0x0000000082b00000, 0x0000000082c00000, 0x0000000082c00000|100%| O|  |TAMS 0x0000000082c00000| PB 0x0000000082b00000| Untracked 
|   6|0x0000000082c00000, 0x0000000082d00000, 0x0000000082d00000|100%| O|  |TAMS 0x0000000082d00000| PB 0x0000000082c00000| Untracked 
|   7|0x0000000082d00000, 0x0000000082e00000, 0x0000000082e00000|100%| O|  |TAMS 0x0000000082e00000| PB 0x0000000082d00000| Untracked 
|   8|0x0000000082e00000, 0x0000000082f00000, 0x0000000082f00000|100%| O|  |TAMS 0x0000000082f00000| PB 0x0000000082e00000| Untracked 
|   9|0x0000000082f00000, 0x0000000083000000, 0x0000000083000000|100%| O|  |TAMS 0x0000000083000000| PB 0x0000000082f00000| Untracked 
|  10|0x0000000083000000, 0x0000000083100000, 0x0000000083100000|100%| O|  |TAMS 0x0000000083100000| PB 0x0000000083000000| Untracked 
|  11|0x0000000083100000, 0x0000000083200000, 0x0000000083200000|100%| O|  |TAMS 0x0000000083200000| PB 0x0000000083100000| Untracked 
|  12|0x0000000083200000, 0x0000000083300000, 0x0000000083300000|100%| O|  |TAMS 0x0000000083300000| PB 0x0000000083200000| Untracked 
|  13|0x0000000083300000, 0x0000000083400000, 0x0000000083400000|100%| O|  |TAMS 0x0000000083400000| PB 0x0000000083300000| Untracked 
|  14|0x0000000083400000, 0x0000000083500000, 0x0000000083500000|100%| O|  |TAMS 0x0000000083500000| PB 0x0000000083400000| Untracked 
|  15|0x0000000083500000, 0x0000000083600000, 0x0000000083600000|100%| O|  |TAMS 0x0000000083600000| PB 0x0000000083500000| Untracked 
|  16|0x0000000083600000, 0x0000000083700000, 0x0000000083700000|100%| O|  |TAMS 0x0000000083700000| PB 0x0000000083600000| Untracked 
|  17|0x0000000083700000, 0x0000000083800000, 0x0000000083800000|100%| O|  |TAMS 0x0000000083800000| PB 0x0000000083700000| Untracked 
|  18|0x0000000083800000, 0x0000000083900000, 0x0000000083900000|100%| O|  |TAMS 0x0000000083900000| PB 0x0000000083800000| Untracked 
|  19|0x0000000083900000, 0x0000000083900000, 0x0000000083a00000|  0%| F|  |TAMS 0x0000000083900000| PB 0x0000000083900000| Untracked 
|  20|0x0000000083a00000, 0x0000000083b00000, 0x0000000083b00000|100%| O|  |TAMS 0x0000000083b00000| PB 0x0000000083a00000| Untracked 
|  21|0x0000000083b00000, 0x0000000083c00000, 0x0000000083c00000|100%| O|  |TAMS 0x0000000083c00000| PB 0x0000000083b00000| Untracked 
|  22|0x0000000083c00000, 0x0000000083d00000, 0x0000000083d00000|100%| O|  |TAMS 0x0000000083d00000| PB 0x0000000083c00000| Untracked 
|  23|0x0000000083d00000, 0x0000000083e00000, 0x0000000083e00000|100%| O|  |TAMS 0x0000000083e00000| PB 0x0000000083d00000| Untracked 
|  24|0x0000000083e00000, 0x0000000083ee7298, 0x0000000083f00000| 90%| O|  |TAMS 0x0000000083e8a648| PB 0x0000000083e00000| Untracked 
|  25|0x0000000083f00000, 0x0000000083f00000, 0x0000000084000000|  0%| F|  |TAMS 0x0000000083f00000| PB 0x0000000083f00000| Untracked 
|  26|0x0000000084000000, 0x0000000084100000, 0x0000000084100000|100%| O|  |TAMS 0x0000000084100000| PB 0x0000000084000000| Untracked 
|  27|0x0000000084100000, 0x0000000084200000, 0x0000000084200000|100%| O|  |TAMS 0x0000000084200000| PB 0x0000000084100000| Untracked 
|  28|0x0000000084200000, 0x0000000084200000, 0x0000000084300000|  0%| F|  |TAMS 0x0000000084200000| PB 0x0000000084200000| Untracked 
|  29|0x0000000084300000, 0x0000000084300000, 0x0000000084400000|  0%| F|  |TAMS 0x0000000084300000| PB 0x0000000084300000| Untracked 
|  30|0x0000000084400000, 0x0000000084400000, 0x0000000084500000|  0%| F|  |TAMS 0x0000000084400000| PB 0x0000000084400000| Untracked 
|  31|0x0000000084500000, 0x0000000084500000, 0x0000000084600000|  0%| F|  |TAMS 0x0000000084500000| PB 0x0000000084500000| Untracked 
|  32|0x0000000084600000, 0x0000000084600000, 0x0000000084700000|  0%| F|  |TAMS 0x0000000084600000| PB 0x0000000084600000| Untracked 
|  33|0x0000000084700000, 0x0000000084700000, 0x0000000084800000|  0%| F|  |TAMS 0x0000000084700000| PB 0x0000000084700000| Untracked 
|  34|0x0000000084800000, 0x0000000084800000, 0x0000000084900000|  0%| F|  |TAMS 0x0000000084800000| PB 0x0000000084800000| Untracked 
|  35|0x0000000084900000, 0x0000000084900000, 0x0000000084a00000|  0%| F|  |TAMS 0x0000000084900000| PB 0x0000000084900000| Untracked 
|  36|0x0000000084a00000, 0x0000000084a00000, 0x0000000084b00000|  0%| F|  |TAMS 0x0000000084a00000| PB 0x0000000084a00000| Untracked 
|  37|0x0000000084b00000, 0x0000000084b00000, 0x0000000084c00000|  0%| F|  |TAMS 0x0000000084b00000| PB 0x0000000084b00000| Untracked 
|  38|0x0000000084c00000, 0x0000000084c00000, 0x0000000084d00000|  0%| F|  |TAMS 0x0000000084c00000| PB 0x0000000084c00000| Untracked 
|  39|0x0000000084d00000, 0x0000000084d00000, 0x0000000084e00000|  0%| F|  |TAMS 0x0000000084d00000| PB 0x0000000084d00000| Untracked 
|  40|0x0000000084e00000, 0x0000000084e00000, 0x0000000084f00000|  0%| F|  |TAMS 0x0000000084e00000| PB 0x0000000084e00000| Untracked 
|  41|0x0000000084f00000, 0x0000000084f00000, 0x0000000085000000|  0%| F|  |TAMS 0x0000000084f00000| PB 0x0000000084f00000| Untracked 
|  42|0x0000000085000000, 0x0000000085000000, 0x0000000085100000|  0%| F|  |TAMS 0x0000000085000000| PB 0x0000000085000000| Untracked 
|  43|0x0000000085100000, 0x0000000085100000, 0x0000000085200000|  0%| F|  |TAMS 0x0000000085100000| PB 0x0000000085100000| Untracked 
|  44|0x0000000085200000, 0x0000000085200000, 0x0000000085300000|  0%| F|  |TAMS 0x0000000085200000| PB 0x0000000085200000| Untracked 
|  45|0x0000000085300000, 0x0000000085300000, 0x0000000085400000|  0%| F|  |TAMS 0x0000000085300000| PB 0x0000000085300000| Untracked 
|  46|0x0000000085400000, 0x0000000085400000, 0x0000000085500000|  0%| F|  |TAMS 0x0000000085400000| PB 0x0000000085400000| Untracked 
|  47|0x0000000085500000, 0x0000000085500000, 0x0000000085600000|  0%| F|  |TAMS 0x0000000085500000| PB 0x0000000085500000| Untracked 
|  48|0x0000000085600000, 0x0000000085600000, 0x0000000085700000|  0%| F|  |TAMS 0x0000000085600000| PB 0x0000000085600000| Untracked 
|  49|0x0000000085700000, 0x0000000085700000, 0x0000000085800000|  0%| F|  |TAMS 0x0000000085700000| PB 0x0000000085700000| Untracked 
|  50|0x0000000085800000, 0x0000000085800000, 0x0000000085900000|  0%| F|  |TAMS 0x0000000085800000| PB 0x0000000085800000| Untracked 
|  51|0x0000000085900000, 0x0000000085900000, 0x0000000085a00000|  0%| F|  |TAMS 0x0000000085900000| PB 0x0000000085900000| Untracked 
|  52|0x0000000085a00000, 0x0000000085a00000, 0x0000000085b00000|  0%| F|  |TAMS 0x0000000085a00000| PB 0x0000000085a00000| Untracked 
|  53|0x0000000085b00000, 0x0000000085b00000, 0x0000000085c00000|  0%| F|  |TAMS 0x0000000085b00000| PB 0x0000000085b00000| Untracked 
|  54|0x0000000085c00000, 0x0000000085c00000, 0x0000000085d00000|  0%| F|  |TAMS 0x0000000085c00000| PB 0x0000000085c00000| Untracked 
|  55|0x0000000085d00000, 0x0000000085d00000, 0x0000000085e00000|  0%| F|  |TAMS 0x0000000085d00000| PB 0x0000000085d00000| Untracked 
|  56|0x0000000085e00000, 0x0000000085e00000, 0x0000000085f00000|  0%| F|  |TAMS 0x0000000085e00000| PB 0x0000000085e00000| Untracked 
|  57|0x0000000085f00000, 0x0000000085f00000, 0x0000000086000000|  0%| F|  |TAMS 0x0000000085f00000| PB 0x0000000085f00000| Untracked 
|  58|0x0000000086000000, 0x0000000086000000, 0x0000000086100000|  0%| F|  |TAMS 0x0000000086000000| PB 0x0000000086000000| Untracked 
|  59|0x0000000086100000, 0x0000000086100000, 0x0000000086200000|  0%| F|  |TAMS 0x0000000086100000| PB 0x0000000086100000| Untracked 
|  60|0x0000000086200000, 0x0000000086200000, 0x0000000086300000|  0%| F|  |TAMS 0x0000000086200000| PB 0x0000000086200000| Untracked 
|  61|0x0000000086300000, 0x0000000086300000, 0x0000000086400000|  0%| F|  |TAMS 0x0000000086300000| PB 0x0000000086300000| Untracked 
|  84|0x0000000087a00000, 0x0000000087a00000, 0x0000000087b00000|  0%| F|  |TAMS 0x0000000087a00000| PB 0x0000000087a00000| Untracked 
|  85|0x0000000087b00000, 0x0000000087b00000, 0x0000000087c00000|  0%| F|  |TAMS 0x0000000087b00000| PB 0x0000000087b00000| Untracked 
|  86|0x0000000087c00000, 0x0000000087c00000, 0x0000000087d00000|  0%| F|  |TAMS 0x0000000087c00000| PB 0x0000000087c00000| Untracked 
|  87|0x0000000087d00000, 0x0000000087da2760, 0x0000000087e00000| 63%| S|CS|TAMS 0x0000000087d00000| PB 0x0000000087d00000| Complete 
|  88|0x0000000087e00000, 0x0000000087e00000, 0x0000000087f00000|  0%| F|  |TAMS 0x0000000087e00000| PB 0x0000000087e00000| Untracked 
|  89|0x0000000087f00000, 0x0000000087f00000, 0x0000000088000000|  0%| F|  |TAMS 0x0000000087f00000| PB 0x0000000087f00000| Untracked 
| 125|0x000000008a300000, 0x000000008a300000, 0x000000008a400000|  0%| F|  |TAMS 0x000000008a300000| PB 0x000000008a300000| Untracked 
|2007|0x00000000ffd00000, 0x00000000ffe00000, 0x00000000ffe00000|100%| O|  |TAMS 0x00000000ffe00000| PB 0x00000000ffd00000| Untracked 
|2008|0x00000000ffe00000, 0x00000000fff00000, 0x00000000fff00000|100%| O|  |TAMS 0x00000000fff00000| PB 0x00000000ffe00000| Untracked 
|2009|0x00000000fff00000, 0x0000000100000000, 0x0000000100000000|100%| O|  |TAMS 0x0000000100000000| PB 0x00000000fff00000| Untracked 

Card table byte_map: [0x0000019a1f770000,0x0000019a1fb60000] _byte_map_base: 0x0000019a1f35d000

Marking Bits: (CMBitMap*) 0x0000019a07a06d40
 Bits: [0x0000019a1fb60000, 0x0000019a21ac8000)

Polling page: 0x0000019a058a0000

Metaspace:

Usage:
  Non-class:     60.81 MB used.
      Class:      9.67 MB used.
       Both:     70.48 MB used.

Virtual space:
  Non-class space:       64.00 MB reserved,      61.19 MB ( 96%) committed,  1 nodes.
      Class space:        1.00 GB reserved,      10.00 MB ( <1%) committed,  1 nodes.
             Both:        1.06 GB reserved,      71.19 MB (  7%) committed. 

Chunk freelists:
   Non-Class:  2.27 MB
       Class:  5.91 MB
        Both:  8.17 MB

MaxMetaspaceSize: unlimited
CompressedClassSpaceSize: 1.00 GB
Initial GC threshold: 21.00 MB
Current GC threshold: 117.94 MB
CDS: on
 - commit_granule_bytes: 65536.
 - commit_granule_words: 8192.
 - virtual_space_node_default_size: 8388608.
 - enlarge_chunks_in_place: 1.
 - use_allocation_guard: 0.


Internal statistics:

num_allocs_failed_limit: 9.
num_arena_births: 920.
num_arena_deaths: 0.
num_vsnodes_births: 2.
num_vsnodes_deaths: 0.
num_space_committed: 1139.
num_space_uncommitted: 0.
num_chunks_returned_to_freelist: 9.
num_chunks_taken_from_freelist: 3424.
num_chunk_merges: 6.
num_chunk_splits: 2495.
num_chunks_enlarged: 1946.
num_inconsistent_stats: 0.

CodeHeap 'non-profiled nmethods': size=120000Kb used=3653Kb max_used=3653Kb free=116347Kb
 bounds [0x0000019a17900000, 0x0000019a17ca0000, 0x0000019a1ee30000]
CodeHeap 'profiled nmethods': size=120000Kb used=9687Kb max_used=10063Kb free=110313Kb
 bounds [0x0000019a0fe30000, 0x0000019a10810000, 0x0000019a17360000]
CodeHeap 'non-nmethods': size=5760Kb used=1727Kb max_used=1818Kb free=4032Kb
 bounds [0x0000019a17360000, 0x0000019a175d0000, 0x0000019a17900000]
 total_blobs=5937 nmethods=5189 adapters=652
 compilation: enabled
              stopped_count=0, restarted_count=0
 full_count=0

Compilation events (20 events):
Event: 8.231 Thread 0x0000019a248be4a0 nmethod 6096 0x0000019a17b90290 code [0x0000019a17b90420, 0x0000019a17b904e8]
Event: 8.235 Thread 0x0000019a248be4a0 6097       3       org.springframework.aop.framework.autoproxy.AutoProxyUtils::isOriginalInstance (55 bytes)
Event: 8.236 Thread 0x0000019a248be4a0 nmethod 6097 0x0000019a0ff99310 code [0x0000019a0ff995a0, 0x0000019a0ff9a168]
Event: 8.238 Thread 0x0000019a6e502b70 nmethod 6094 0x0000019a17af4290 code [0x0000019a17af4480, 0x0000019a17af4cf8]
Event: 8.239 Thread 0x0000019a6e502b70 6050   !   4       java.lang.reflect.Field::declaredAnnotations (82 bytes)
Event: 8.242 Thread 0x0000019a6e502b70 nmethod 6050 0x0000019a17b91c90 code [0x0000019a17b91e60, 0x0000019a17b92360]
Event: 8.242 Thread 0x0000019a6e502b70 6033       4       java.util.ArrayDeque::isEmpty (17 bytes)
Event: 8.242 Thread 0x0000019a6e502b70 nmethod 6033 0x0000019a17b8ff90 code [0x0000019a17b90100, 0x0000019a17b901a0]
Event: 8.242 Thread 0x0000019a6e502b70 6045       4       jdk.internal.reflect.DirectMethodHandleAccessor::isStatic (20 bytes)
Event: 8.242 Thread 0x0000019a6e502b70 nmethod 6045 0x0000019a17b8fc10 code [0x0000019a17b8fd80, 0x0000019a17b8fe18]
Event: 8.244 Thread 0x0000019a248be4a0 6098       1       org.springframework.beans.factory.support.AbstractBeanFactory::getConversionService (5 bytes)
Event: 8.245 Thread 0x0000019a248be4a0 nmethod 6098 0x0000019a17950510 code [0x0000019a179506a0, 0x0000019a17950768]
Event: 8.245 Thread 0x0000019a248be4a0 6100       3       org.springframework.beans.factory.InjectionPoint::getAnnotations (39 bytes)
Event: 8.245 Thread 0x0000019a6e502b70 6099       4       org.springframework.core.annotation.MergedAnnotation::missing (4 bytes)
Event: 8.246 Thread 0x0000019a248be4a0 nmethod 6100 0x0000019a1050a790 code [0x0000019a1050a9e0, 0x0000019a1050b350]
Event: 8.246 Thread 0x0000019a6e502b70 nmethod 6099 0x0000019a17950210 code [0x0000019a17950380, 0x0000019a179503f0]
Event: 8.246 Thread 0x0000019a6e502b70 6101       4       jdk.internal.org.objectweb.asm.ClassWriter::toByteArray (1517 bytes)
Event: 8.247 Thread 0x0000019a248be4a0 6102       3       org.springframework.util.ClassUtils::isAssignableValue (34 bytes)
Event: 8.247 Thread 0x0000019a248be4a0 nmethod 6102 0x0000019a0ffbf890 code [0x0000019a0ffbfa60, 0x0000019a0ffbfdf8]
Event: 8.249 Thread 0x0000019a2489d8d0 nmethod 6087 0x0000019a17c98810 code [0x0000019a17c98ba0, 0x0000019a17c9ac30]

GC Heap History (20 events):
Event: 3.840 GC heap after
{Heap after GC invocations=7 (full 0):
 garbage-first heap   total 61440K, used 20469K [0x0000000082600000, 0x0000000100000000)
  region size 1024K, 2 young (2048K), 2 survivors (2048K)
 Metaspace       used 35419K, committed 35968K, reserved 1114112K
  class space    used 4546K, committed 4800K, reserved 1048576K
}
Event: 4.728 GC heap before
{Heap before GC invocations=8 (full 0):
 garbage-first heap   total 61440K, used 50165K [0x0000000082600000, 0x0000000100000000)
  region size 1024K, 31 young (31744K), 2 survivors (2048K)
 Metaspace       used 47360K, committed 47936K, reserved 1114112K
  class space    used 6125K, committed 6400K, reserved 1048576K
}
Event: 4.732 GC heap after
{Heap after GC invocations=9 (full 0):
 garbage-first heap   total 61440K, used 23167K [0x0000000082600000, 0x0000000100000000)
  region size 1024K, 4 young (4096K), 4 survivors (4096K)
 Metaspace       used 47360K, committed 47936K, reserved 1114112K
  class space    used 6125K, committed 6400K, reserved 1048576K
}
Event: 5.253 GC heap before
{Heap before GC invocations=9 (full 0):
 garbage-first heap   total 61440K, used 50815K [0x0000000082600000, 0x0000000100000000)
  region size 1024K, 32 young (32768K), 4 survivors (4096K)
 Metaspace       used 54676K, committed 55232K, reserved 1114112K
  class space    used 7045K, committed 7296K, reserved 1048576K
}
Event: 5.258 GC heap after
{Heap after GC invocations=10 (full 0):
 garbage-first heap   total 61440K, used 24576K [0x0000000082600000, 0x0000000100000000)
  region size 1024K, 2 young (2048K), 2 survivors (2048K)
 Metaspace       used 54676K, committed 55232K, reserved 1114112K
  class space    used 7045K, committed 7296K, reserved 1048576K
}
Event: 5.551 GC heap before
{Heap before GC invocations=10 (full 0):
 garbage-first heap   total 61440K, used 39936K [0x0000000082600000, 0x0000000100000000)
  region size 1024K, 18 young (18432K), 2 survivors (2048K)
 Metaspace       used 59634K, committed 60160K, reserved 1114112K
  class space    used 7902K, committed 8128K, reserved 1048576K
}
Event: 5.554 GC heap after
{Heap after GC invocations=11 (full 0):
 garbage-first heap   total 61440K, used 25066K [0x0000000082600000, 0x0000000100000000)
  region size 1024K, 3 young (3072K), 3 survivors (3072K)
 Metaspace       used 59634K, committed 60160K, reserved 1114112K
  class space    used 7902K, committed 8128K, reserved 1048576K
}
Event: 6.337 GC heap before
{Heap before GC invocations=12 (full 0):
 garbage-first heap   total 61440K, used 52714K [0x0000000082600000, 0x0000000100000000)
  region size 1024K, 31 young (31744K), 3 survivors (3072K)
 Metaspace       used 66095K, committed 66752K, reserved 1114112K
  class space    used 8813K, committed 9088K, reserved 1048576K
}
Event: 6.342 GC heap after
{Heap after GC invocations=13 (full 0):
 garbage-first heap   total 61440K, used 27464K [0x0000000082600000, 0x0000000100000000)
  region size 1024K, 3 young (3072K), 3 survivors (3072K)
 Metaspace       used 66095K, committed 66752K, reserved 1114112K
  class space    used 8813K, committed 9088K, reserved 1048576K
}
Event: 6.713 GC heap before
{Heap before GC invocations=13 (full 0):
 garbage-first heap   total 61440K, used 54088K [0x0000000082600000, 0x0000000100000000)
  region size 1024K, 29 young (29696K), 3 survivors (3072K)
 Metaspace       used 69178K, committed 69888K, reserved 1114112K
  class space    used 9357K, committed 9664K, reserved 1048576K
}
Event: 6.718 GC heap after
{Heap after GC invocations=14 (full 0):
 garbage-first heap   total 61440K, used 28639K [0x0000000082600000, 0x0000000100000000)
  region size 1024K, 2 young (2048K), 2 survivors (2048K)
 Metaspace       used 69178K, committed 69888K, reserved 1114112K
  class space    used 9357K, committed 9664K, reserved 1048576K
}
Event: 7.044 GC heap before
{Heap before GC invocations=14 (full 0):
 garbage-first heap   total 61440K, used 53215K [0x0000000082600000, 0x0000000100000000)
  region size 1024K, 27 young (27648K), 2 survivors (2048K)
 Metaspace       used 71406K, committed 72128K, reserved 1114112K
  class space    used 9759K, committed 10112K, reserved 1048576K
}
Event: 8.050 GC heap after
{Heap after GC invocations=15 (full 0):
 garbage-first heap   total 73728K, used 29691K [0x0000000082600000, 0x0000000100000000)
  region size 1024K, 3 young (3072K), 3 survivors (3072K)
 Metaspace       used 71406K, committed 72128K, reserved 1114112K
  class space    used 9759K, committed 10112K, reserved 1048576K
}
Event: 8.075 GC heap before
{Heap before GC invocations=15 (full 0):
 garbage-first heap   total 73728K, used 30715K [0x0000000082600000, 0x0000000100000000)
  region size 1024K, 4 young (4096K), 3 survivors (3072K)
 Metaspace       used 71712K, committed 72384K, reserved 1114112K
  class space    used 9799K, committed 10112K, reserved 1048576K
}
Event: 8.077 GC heap after
{Heap after GC invocations=16 (full 0):
 garbage-first heap   total 73728K, used 29885K [0x0000000082600000, 0x0000000100000000)
  region size 1024K, 1 young (1024K), 1 survivors (1024K)
 Metaspace       used 71712K, committed 72384K, reserved 1114112K
  class space    used 9799K, committed 10112K, reserved 1048576K
}
Event: 8.134 GC heap before
{Heap before GC invocations=17 (full 0):
 garbage-first heap   total 73728K, used 31933K [0x0000000082600000, 0x0000000100000000)
  region size 1024K, 3 young (3072K), 1 survivors (1024K)
 Metaspace       used 71829K, committed 72576K, reserved 1114112K
  class space    used 9827K, committed 10176K, reserved 1048576K
}
Event: 8.136 GC heap after
{Heap after GC invocations=18 (full 0):
 garbage-first heap   total 73728K, used 29734K [0x0000000082600000, 0x0000000100000000)
  region size 1024K, 1 young (1024K), 1 survivors (1024K)
 Metaspace       used 71829K, committed 72576K, reserved 1114112K
  class space    used 9827K, committed 10176K, reserved 1048576K
}
Event: 8.186 GC heap before
{Heap before GC invocations=18 (full 0):
 garbage-first heap   total 73728K, used 30758K [0x0000000082600000, 0x0000000100000000)
  region size 1024K, 3 young (3072K), 1 survivors (1024K)
 Metaspace       used 71950K, committed 72640K, reserved 1114112K
  class space    used 9859K, committed 10176K, reserved 1048576K
}
Event: 8.188 GC heap after
{Heap after GC invocations=19 (full 0):
 garbage-first heap   total 73728K, used 29857K [0x0000000082600000, 0x0000000100000000)
  region size 1024K, 1 young (1024K), 1 survivors (1024K)
 Metaspace       used 71950K, committed 72640K, reserved 1114112K
  class space    used 9859K, committed 10176K, reserved 1048576K
}
Event: 8.250 GC heap before
{Heap before GC invocations=19 (full 0):
 garbage-first heap   total 73728K, used 31905K [0x0000000082600000, 0x0000000100000000)
  region size 1024K, 3 young (3072K), 1 survivors (1024K)
 Metaspace       used 72168K, committed 72896K, reserved 1114112K
  class space    used 9901K, committed 10240K, reserved 1048576K
}

Dll operation events (14 events):
Event: 0.012 Loaded shared library C:\Program Files\Java\jdk-21\bin\java.dll
Event: 0.048 Loaded shared library C:\Program Files\Java\jdk-21\bin\jsvml.dll
Event: 0.132 Loaded shared library C:\Program Files\Java\jdk-21\bin\zip.dll
Event: 0.135 Loaded shared library C:\Program Files\Java\jdk-21\bin\instrument.dll
Event: 0.139 Loaded shared library C:\Program Files\Java\jdk-21\bin\net.dll
Event: 0.140 Loaded shared library C:\Program Files\Java\jdk-21\bin\nio.dll
Event: 0.143 Loaded shared library C:\Program Files\Java\jdk-21\bin\zip.dll
Event: 0.216 Loaded shared library C:\Program Files\JetBrains\IntelliJ IDEA Community Edition 2024.3\bin\breakgen64.dll
Event: 0.226 Loaded shared library C:\Program Files\Java\jdk-21\bin\extnet.dll
Event: 0.255 Loaded shared library C:\Program Files\Java\jdk-21\bin\jimage.dll
Event: 0.576 Loaded shared library C:\Program Files\Java\jdk-21\bin\management.dll
Event: 0.578 Loaded shared library C:\Program Files\Java\jdk-21\bin\management_ext.dll
Event: 1.840 Loaded shared library C:\Program Files\Java\jdk-21\bin\sunmscapi.dll
Event: 4.003 Loaded shared library C:\Program Files\Java\jdk-21\bin\verify.dll

Deoptimization events (20 events):
Event: 8.139 Thread 0x0000019a249b3ef0 Uncommon trap: trap_request=0xffffffd6 fr.pc=0x0000019a1793bef0 relative=0x0000000000000410
Event: 8.139 Thread 0x0000019a249b3ef0 Uncommon trap: reason=array_check action=maybe_recompile pc=0x0000019a1793bef0 method=java.util.AbstractCollection.toArray([Ljava/lang/Object;)[Ljava/lang/Object; @ 116 c2
Event: 8.139 Thread 0x0000019a249b3ef0 DEOPT PACKING pc=0x0000019a1793bef0 sp=0x0000001a313fb080
Event: 8.139 Thread 0x0000019a249b3ef0 DEOPT UNPACKING pc=0x0000019a173b46a2 sp=0x0000001a313fb020 mode 2
Event: 8.139 Thread 0x0000019a249b3ef0 Uncommon trap: trap_request=0xffffffd6 fr.pc=0x0000019a1793bef0 relative=0x0000000000000410
Event: 8.139 Thread 0x0000019a249b3ef0 Uncommon trap: reason=array_check action=maybe_recompile pc=0x0000019a1793bef0 method=java.util.AbstractCollection.toArray([Ljava/lang/Object;)[Ljava/lang/Object; @ 116 c2
Event: 8.139 Thread 0x0000019a249b3ef0 DEOPT PACKING pc=0x0000019a1793bef0 sp=0x0000001a313faf60
Event: 8.139 Thread 0x0000019a249b3ef0 DEOPT UNPACKING pc=0x0000019a173b46a2 sp=0x0000001a313faf00 mode 2
Event: 8.139 Thread 0x0000019a249b3ef0 Uncommon trap: trap_request=0xffffffd6 fr.pc=0x0000019a1793bef0 relative=0x0000000000000410
Event: 8.139 Thread 0x0000019a249b3ef0 Uncommon trap: reason=array_check action=maybe_recompile pc=0x0000019a1793bef0 method=java.util.AbstractCollection.toArray([Ljava/lang/Object;)[Ljava/lang/Object; @ 116 c2
Event: 8.139 Thread 0x0000019a249b3ef0 DEOPT PACKING pc=0x0000019a1793bef0 sp=0x0000001a313fb250
Event: 8.139 Thread 0x0000019a249b3ef0 DEOPT UNPACKING pc=0x0000019a173b46a2 sp=0x0000001a313fb1f0 mode 2
Event: 8.139 Thread 0x0000019a249b3ef0 Uncommon trap: trap_request=0xffffffd6 fr.pc=0x0000019a1793bef0 relative=0x0000000000000410
Event: 8.139 Thread 0x0000019a249b3ef0 Uncommon trap: reason=array_check action=maybe_recompile pc=0x0000019a1793bef0 method=java.util.AbstractCollection.toArray([Ljava/lang/Object;)[Ljava/lang/Object; @ 116 c2
Event: 8.139 Thread 0x0000019a249b3ef0 DEOPT PACKING pc=0x0000019a1793bef0 sp=0x0000001a313fb080
Event: 8.139 Thread 0x0000019a249b3ef0 DEOPT UNPACKING pc=0x0000019a173b46a2 sp=0x0000001a313fb020 mode 2
Event: 8.245 Thread 0x0000019a249b3ef0 Uncommon trap: trap_request=0xffffff45 fr.pc=0x0000019a17c0c284 relative=0x0000000000004524
Event: 8.245 Thread 0x0000019a249b3ef0 Uncommon trap: reason=unstable_if action=reinterpret pc=0x0000019a17c0c284 method=org.springframework.core.annotation.TypeMappedAnnotations.scan(Ljava/lang/Object;Lorg/springframework/core/annotation/AnnotationsProcessor;)Ljava/lang/Object; @ 4 c2
Event: 8.245 Thread 0x0000019a249b3ef0 DEOPT PACKING pc=0x0000019a17c0c284 sp=0x0000001a313fe1a0
Event: 8.245 Thread 0x0000019a249b3ef0 DEOPT UNPACKING pc=0x0000019a173b46a2 sp=0x0000001a313fe160 mode 2

Classes loaded (20 events):
Event: 6.307 Loading class java/lang/Package$1PackageInfoProxy
Event: 6.308 Loading class java/lang/Package$1PackageInfoProxy done
Event: 6.324 Loading class java/util/stream/ReduceOps$5
Event: 6.324 Loading class java/util/stream/ReduceOps$5 done
Event: 6.324 Loading class java/util/stream/ReduceOps$CountingSink$OfRef
Event: 6.324 Loading class java/util/stream/ReduceOps$CountingSink
Event: 6.324 Loading class java/util/stream/ReduceOps$CountingSink done
Event: 6.324 Loading class java/util/stream/ReduceOps$CountingSink$OfRef done
Event: 6.351 Loading class java/lang/invoke/WrongMethodTypeException
Event: 6.351 Loading class java/lang/invoke/WrongMethodTypeException done
Event: 6.363 Loading class java/util/regex/Pattern$Bound
Event: 6.363 Loading class java/util/regex/Pattern$Bound done
Event: 6.364 Loading class java/util/regex/Pattern$Behind
Event: 6.364 Loading class java/util/regex/Pattern$Behind done
Event: 6.375 Loading class java/util/EmptyStackException
Event: 6.375 Loading class java/util/EmptyStackException done
Event: 6.462 Loading class java/io/InvalidClassException
Event: 6.462 Loading class java/io/InvalidClassException done
Event: 8.130 Loading class java/time/DurationEditor
Event: 8.130 Loading class java/time/DurationEditor done

Classes unloaded (0 events):
No events

Classes redefined (0 events):
No events

Internal exceptions (20 events):
Event: 5.677 Thread 0x0000019a249b3ef0 Exception <a 'java/lang/NoSuchMethodError'{0x0000000087aaf8b8}: 'java.lang.Object java.lang.invoke.DirectMethodHandle$Holder.newInvokeSpecial(java.lang.Object, java.lang.Object, java.lang.Object, java.lang.Object, java.lang.Object, java.lang.Object, java.lang.Object, java.lang.Object, java.lang.Object, java.lang.Object, java.lang.Object, java.lang.Object)'> (0x0000000087aaf8b8) 
thrown [s\open\src\hotspot\share\interpreter\linkResolver.cpp, line 773]
Event: 5.677 Thread 0x0000019a249b3ef0 Exception <a 'java/lang/NoSuchMethodError'{0x0000000087ab4160}: 'java.lang.Object java.lang.invoke.DirectMethodHandle$Holder.invokeSpecial(java.lang.Object, java.lang.Object, java.lang.Object, java.lang.Object, java.lang.Object, java.lang.Object, java.lang.Object, java.lang.Object, java.lang.Object, java.lang.Object, java.lang.Object, java.lang.Object, java.lang.Object)'> (0x0000000087ab4160) 
thrown [s\open\src\hotspot\share\interpreter\linkResolver.cpp, line 773]
Event: 5.678 Thread 0x0000019a249b3ef0 Exception <a 'java/lang/NoSuchMethodError'{0x0000000087ab8648}: 'java.lang.Object java.lang.invoke.Invokers$Holder.linkToTargetMethod(java.lang.Object, java.lang.Object, java.lang.Object, java.lang.Object, java.lang.Object, java.lang.Object, java.lang.Object, java.lang.Object, java.lang.Object, java.lang.Object, java.lang.Object, java.lang.Object)'> (0x0000000087ab8648) 
thrown [s\open\src\hotspot\share\interpreter\linkResolver.cpp, line 773]
Event: 5.695 Thread 0x0000019a249b3ef0 Exception <a 'java/lang/IncompatibleClassChangeError'{0x0000000085607890}: Found class java.lang.Object, but interface was expected> (0x0000000085607890) 
thrown [s\open\src\hotspot\share\interpreter\linkResolver.cpp, line 840]
Event: 5.704 Thread 0x0000019a249b3ef0 Exception <a 'java/lang/NoSuchMethodError'{0x0000000085686e70}: 'java.lang.Object java.lang.invoke.DirectMethodHandle$Holder.newInvokeSpecial(java.lang.Object, java.lang.Object, java.lang.Object, java.lang.Object, java.lang.Object, java.lang.Object, java.lang.Object, int)'> (0x0000000085686e70) 
thrown [s\open\src\hotspot\share\interpreter\linkResolver.cpp, line 773]
Event: 5.704 Thread 0x0000019a249b3ef0 Exception <a 'java/lang/NoSuchMethodError'{0x000000008568b3e0}: 'java.lang.Object java.lang.invoke.DirectMethodHandle$Holder.invokeSpecial(java.lang.Object, java.lang.Object, java.lang.Object, java.lang.Object, java.lang.Object, java.lang.Object, java.lang.Object, java.lang.Object, int)'> (0x000000008568b3e0) 
thrown [s\open\src\hotspot\share\interpreter\linkResolver.cpp, line 773]
Event: 5.705 Thread 0x0000019a249b3ef0 Exception <a 'java/lang/NoSuchMethodError'{0x000000008568f408}: 'java.lang.Object java.lang.invoke.Invokers$Holder.linkToTargetMethod(java.lang.Object, java.lang.Object, java.lang.Object, java.lang.Object, java.lang.Object, java.lang.Object, int, java.lang.Object)'> (0x000000008568f408) 
thrown [s\open\src\hotspot\share\interpreter\linkResolver.cpp, line 773]
Event: 5.725 Thread 0x0000019a249b3ef0 Exception <a 'java/lang/NoSuchMethodError'{0x000000008556fa98}: 'java.lang.Object java.lang.invoke.DirectMethodHandle$Holder.newInvokeSpecial(java.lang.Object, java.lang.Object, int, java.lang.Object, int, java.lang.Object, java.lang.Object)'> (0x000000008556fa98) 
thrown [s\open\src\hotspot\share\interpreter\linkResolver.cpp, line 773]
Event: 5.727 Thread 0x0000019a249b3ef0 Exception <a 'java/lang/NoSuchMethodError'{0x00000000855901a8}: 'void java.lang.invoke.DirectMethodHandle$Holder.invokeInterface(java.lang.Object, java.lang.Object)'> (0x00000000855901a8) 
thrown [s\open\src\hotspot\share\interpreter\linkResolver.cpp, line 773]
Event: 6.038 Thread 0x0000019a249b3ef0 Exception <a 'java/lang/NoSuchMethodError'{0x00000000851b38c8}: 'java.lang.Object java.lang.invoke.DirectMethodHandle$Holder.invokeSpecial(java.lang.Object, java.lang.Object, int, java.lang.Object, int)'> (0x00000000851b38c8) 
thrown [s\open\src\hotspot\share\interpreter\linkResolver.cpp, line 773]
Event: 6.054 Thread 0x0000019a249b3ef0 Exception <a 'java/lang/NoSuchMethodError'{0x000000008506ca88}: 'void java.lang.invoke.Invokers$Holder.invokeExact_MT(java.lang.Object, java.lang.Object, java.lang.Object, java.lang.Object)'> (0x000000008506ca88) 
thrown [s\open\src\hotspot\share\interpreter\linkResolver.cpp, line 773]
Event: 6.070 Thread 0x0000019a249b3ef0 Implicit null exception at 0x0000019a17be0097 to 0x0000019a17be0310
Event: 6.077 Thread 0x0000019a249b3ef0 Implicit null exception at 0x0000019a17a77781 to 0x0000019a17a77ad0
Event: 6.078 Thread 0x0000019a249b3ef0 Implicit null exception at 0x0000019a17a952a0 to 0x0000019a17a952d8
Event: 6.115 Thread 0x0000019a249b3ef0 Implicit null exception at 0x0000019a17bfe740 to 0x0000019a17c00294
Event: 6.122 Thread 0x0000019a249b3ef0 Exception <a 'java/lang/IncompatibleClassChangeError'{0x00000000849a2dd8}: Found class java.lang.Object, but interface was expected> (0x00000000849a2dd8) 
thrown [s\open\src\hotspot\share\interpreter\linkResolver.cpp, line 840]
Event: 6.159 Thread 0x0000019a249b3ef0 Exception <a 'java/lang/IncompatibleClassChangeError'{0x0000000084720800}: Found class java.lang.Object, but interface was expected> (0x0000000084720800) 
thrown [s\open\src\hotspot\share\interpreter\linkResolver.cpp, line 840]
Event: 6.302 Thread 0x0000019a249b3ef0 Exception <a 'java/lang/IncompatibleClassChangeError'{0x0000000084159c30}: Found class java.lang.Object, but interface was expected> (0x0000000084159c30) 
thrown [s\open\src\hotspot\share\interpreter\linkResolver.cpp, line 840]
Event: 8.117 Thread 0x0000019a249b3ef0 Exception <a 'java/lang/NoSuchMethodError'{0x0000000087e27ec0}: 'java.lang.Object java.lang.invoke.DirectMethodHandle$Holder.invokeInterface(java.lang.Object, java.lang.Object, java.lang.Object, java.lang.Object)'> (0x0000000087e27ec0) 
thrown [s\open\src\hotspot\share\interpreter\linkResolver.cpp, line 773]
Event: 8.161 Thread 0x0000019a249b3ef0 Exception <a 'java/lang/NoSuchMethodError'{0x000000008a3f38f0}: 'java.lang.Object java.lang.invoke.DirectMethodHandle$Holder.newInvokeSpecial(java.lang.Object, java.lang.Object, java.lang.Object, java.lang.Object, java.lang.Object, java.lang.Object, java.lang.Object, java.lang.Object)'> (0x000000008a3f38f0) 
thrown [s\open\src\hotspot\share\interpreter\linkResolver.cpp, line 773]

ZGC Phase Switch (0 events):
No events

VM Operations (20 events):
Event: 6.476 Executing VM operation: HandshakeAllThreads (Deoptimize) done
Event: 6.610 Executing VM operation: HandshakeAllThreads (Deoptimize)
Event: 6.610 Executing VM operation: HandshakeAllThreads (Deoptimize) done
Event: 6.713 Executing VM operation: G1CollectForAllocation (G1 Evacuation Pause)
Event: 6.718 Executing VM operation: G1CollectForAllocation (G1 Evacuation Pause) done
Event: 7.044 Executing VM operation: G1CollectForAllocation (G1 Evacuation Pause)
Event: 8.050 Executing VM operation: G1CollectForAllocation (G1 Evacuation Pause) done
Event: 8.075 Executing VM operation: G1CollectForAllocation (G1 Evacuation Pause)
Event: 8.077 Executing VM operation: G1CollectForAllocation (G1 Evacuation Pause) done
Event: 8.093 Executing VM operation: G1PauseRemark
Event: 8.100 Executing VM operation: G1PauseRemark done
Event: 8.106 Executing VM operation: G1PauseCleanup
Event: 8.106 Executing VM operation: G1PauseCleanup done
Event: 8.134 Executing VM operation: G1CollectForAllocation (G1 Evacuation Pause)
Event: 8.136 Executing VM operation: G1CollectForAllocation (G1 Evacuation Pause) done
Event: 8.186 Executing VM operation: G1CollectForAllocation (G1 Evacuation Pause)
Event: 8.188 Executing VM operation: G1CollectForAllocation (G1 Evacuation Pause) done
Event: 8.208 Executing VM operation: HandshakeAllThreads (Deoptimize)
Event: 8.208 Executing VM operation: HandshakeAllThreads (Deoptimize) done
Event: 8.250 Executing VM operation: G1CollectForAllocation (G1 Evacuation Pause)

Events (20 events):
Event: 8.099 Thread 0x0000019a240ea130 flushing nmethod 0x0000019a10204310
Event: 8.099 Thread 0x0000019a240ea130 flushing nmethod 0x0000019a10212310
Event: 8.099 Thread 0x0000019a240ea130 flushing nmethod 0x0000019a10216110
Event: 8.099 Thread 0x0000019a240ea130 flushing nmethod 0x0000019a10218190
Event: 8.099 Thread 0x0000019a240ea130 flushing nmethod 0x0000019a1021a110
Event: 8.099 Thread 0x0000019a240ea130 flushing nmethod 0x0000019a10251410
Event: 8.099 Thread 0x0000019a240ea130 flushing nmethod 0x0000019a10251f90
Event: 8.099 Thread 0x0000019a240ea130 flushing nmethod 0x0000019a10252510
Event: 8.099 Thread 0x0000019a240ea130 flushing nmethod 0x0000019a1025c610
Event: 8.099 Thread 0x0000019a240ea130 flushing nmethod 0x0000019a1025ce10
Event: 8.099 Thread 0x0000019a240ea130 flushing nmethod 0x0000019a1025d510
Event: 8.099 Thread 0x0000019a240ea130 flushing nmethod 0x0000019a10371790
Event: 8.099 Thread 0x0000019a240ea130 flushing nmethod 0x0000019a104a4490
Event: 8.099 Thread 0x0000019a240ea130 flushing nmethod 0x0000019a106fff10
Event: 8.099 Thread 0x0000019a240ea130 flushing nmethod 0x0000019a10700390
Event: 8.099 Thread 0x0000019a240ea130 flushing nmethod 0x0000019a10796390
Event: 8.099 Thread 0x0000019a240ea130 flushing nmethod 0x0000019a17b8fc10
Event: 8.099 Thread 0x0000019a240ea130 flushing nmethod 0x0000019a17b91c90
Event: 8.099 Thread 0x0000019a240ea130 flushing nmethod 0x0000019a10276d10
Event: 8.099 Thread 0x0000019a240ea130 flushing nmethod 0x0000019a10277e10


Dynamic libraries:
0x00007ff6602c0000 - 0x00007ff6602d0000 	C:\Program Files\Java\jdk-21\bin\java.exe
0x00007ffdf7d40000 - 0x00007ffdf7fa3000 	C:\WINDOWS\SYSTEM32\ntdll.dll
0x00007ffdf6eb0000 - 0x00007ffdf6f78000 	C:\WINDOWS\System32\KERNEL32.DLL
0x00007ffdf5460000 - 0x00007ffdf5812000 	C:\WINDOWS\System32\KERNELBASE.dll
0x00007ffdf5260000 - 0x00007ffdf53ab000 	C:\WINDOWS\System32\ucrtbase.dll
0x00007ffde8c60000 - 0x00007ffde8c79000 	C:\Program Files\Java\jdk-21\bin\jli.dll
0x00007ffde8c40000 - 0x00007ffde8c5b000 	C:\Program Files\Java\jdk-21\bin\VCRUNTIME140.dll
0x00007ffdf6410000 - 0x00007ffdf64c4000 	C:\WINDOWS\System32\ADVAPI32.dll
0x00007ffdf5c50000 - 0x00007ffdf5cf9000 	C:\WINDOWS\System32\msvcrt.dll
0x00007ffdf5ba0000 - 0x00007ffdf5c46000 	C:\WINDOWS\System32\sechost.dll
0x00007ffdf7500000 - 0x00007ffdf7616000 	C:\WINDOWS\System32\RPCRT4.dll
0x00007ffdf6f80000 - 0x00007ffdf7148000 	C:\WINDOWS\System32\USER32.dll
0x00007ffdf5b70000 - 0x00007ffdf5b97000 	C:\WINDOWS\System32\win32u.dll
0x00007ffddb540000 - 0x00007ffddb7d0000 	C:\WINDOWS\WinSxS\amd64_microsoft.windows.common-controls_6595b64144ccf1df_6.0.26100.2454_none_3e0b68a2e331ad60\COMCTL32.dll
0x00007ffdf7bd0000 - 0x00007ffdf7bfa000 	C:\WINDOWS\System32\GDI32.dll
0x00007ffdf5a40000 - 0x00007ffdf5b6b000 	C:\WINDOWS\System32\gdi32full.dll
0x00007ffdf53b0000 - 0x00007ffdf5453000 	C:\WINDOWS\System32\msvcp_win.dll
0x00007ffde8010000 - 0x00007ffde801b000 	C:\WINDOWS\SYSTEM32\VERSION.dll
0x00007ffdf7630000 - 0x00007ffdf765f000 	C:\WINDOWS\System32\IMM32.DLL
0x00007ffde8c30000 - 0x00007ffde8c3c000 	C:\Program Files\Java\jdk-21\bin\vcruntime140_1.dll
0x00007ffdb3ea0000 - 0x00007ffdb3f2e000 	C:\Program Files\Java\jdk-21\bin\msvcp140.dll
0x00007ffd950e0000 - 0x00007ffd95df8000 	C:\Program Files\Java\jdk-21\bin\server\jvm.dll
0x00007ffdf69a0000 - 0x00007ffdf6a14000 	C:\WINDOWS\System32\WS2_32.dll
0x00007ffdf4950000 - 0x00007ffdf499e000 	C:\WINDOWS\SYSTEM32\POWRPROF.dll
0x00007ffde1200000 - 0x00007ffde1236000 	C:\WINDOWS\SYSTEM32\WINMM.dll
0x00007ffdf48c0000 - 0x00007ffdf48d4000 	C:\WINDOWS\SYSTEM32\UMPDC.dll
0x00007ffdf3f50000 - 0x00007ffdf3f6a000 	C:\WINDOWS\SYSTEM32\kernel.appcore.dll
0x00007ffde8c20000 - 0x00007ffde8c2a000 	C:\Program Files\Java\jdk-21\bin\jimage.dll
0x00007ffde06c0000 - 0x00007ffde0901000 	C:\WINDOWS\SYSTEM32\DBGHELP.DLL
0x00007ffdf7760000 - 0x00007ffdf7ade000 	C:\WINDOWS\System32\combase.dll
0x00007ffdf68c0000 - 0x00007ffdf6996000 	C:\WINDOWS\System32\OLEAUT32.dll
0x00007ffddc4b0000 - 0x00007ffddc4e9000 	C:\WINDOWS\SYSTEM32\dbgcore.DLL
0x00007ffdf5820000 - 0x00007ffdf58b9000 	C:\WINDOWS\System32\bcryptPrimitives.dll
0x00007ffde57e0000 - 0x00007ffde57ef000 	C:\Program Files\Java\jdk-21\bin\instrument.dll
0x00007ffde5810000 - 0x00007ffde582f000 	C:\Program Files\Java\jdk-21\bin\java.dll
0x00007ffdf5d00000 - 0x00007ffdf6400000 	C:\WINDOWS\System32\SHELL32.dll
0x00007ffdf2e60000 - 0x00007ffdf3691000 	C:\WINDOWS\SYSTEM32\windows.storage.dll
0x00007ffdf7af0000 - 0x00007ffdf7bca000 	C:\WINDOWS\System32\SHCORE.dll
0x00007ffdf7c00000 - 0x00007ffdf7c5d000 	C:\WINDOWS\System32\shlwapi.dll
0x00007ffdf5020000 - 0x00007ffdf504e000 	C:\WINDOWS\SYSTEM32\profapi.dll
0x00007ffda49c0000 - 0x00007ffda4a97000 	C:\Program Files\Java\jdk-21\bin\jsvml.dll
0x00007ffde4380000 - 0x00007ffde4398000 	C:\Program Files\Java\jdk-21\bin\zip.dll
0x00007ffde57d0000 - 0x00007ffde57e0000 	C:\Program Files\Java\jdk-21\bin\net.dll
0x00007ffde8e60000 - 0x00007ffde8f86000 	C:\WINDOWS\SYSTEM32\WINHTTP.dll
0x00007ffdf4450000 - 0x00007ffdf44b8000 	C:\WINDOWS\system32\mswsock.dll
0x00007ffde4c60000 - 0x00007ffde4c76000 	C:\Program Files\Java\jdk-21\bin\nio.dll
0x00007ffde4360000 - 0x00007ffde437a000 	C:\Program Files\JetBrains\IntelliJ IDEA Community Edition 2024.3\bin\breakgen64.dll
0x00007ffde4350000 - 0x00007ffde4359000 	C:\Program Files\Java\jdk-21\bin\extnet.dll
0x00007ffde4330000 - 0x00007ffde433a000 	C:\Program Files\Java\jdk-21\bin\management.dll
0x00007ffde3c60000 - 0x00007ffde3c6b000 	C:\Program Files\Java\jdk-21\bin\management_ext.dll
0x00007ffdf7620000 - 0x00007ffdf7628000 	C:\WINDOWS\System32\PSAPI.DLL
0x00007ffde4340000 - 0x00007ffde434e000 	C:\Program Files\Java\jdk-21\bin\sunmscapi.dll
0x00007ffdf58c0000 - 0x00007ffdf5a36000 	C:\WINDOWS\System32\CRYPT32.dll
0x00007ffdf4a00000 - 0x00007ffdf4a30000 	C:\WINDOWS\SYSTEM32\ncrypt.dll
0x00007ffdf49b0000 - 0x00007ffdf49ef000 	C:\WINDOWS\SYSTEM32\NTASN1.dll
0x00007ffdf46f0000 - 0x00007ffdf470c000 	C:\WINDOWS\SYSTEM32\CRYPTSP.dll
0x00007ffdf3eb0000 - 0x00007ffdf3ee8000 	C:\WINDOWS\system32\rsaenh.dll
0x00007ffdf44f0000 - 0x00007ffdf451b000 	C:\WINDOWS\SYSTEM32\USERENV.dll
0x00007ffdf4a40000 - 0x00007ffdf4a66000 	C:\WINDOWS\SYSTEM32\bcrypt.dll
0x00007ffdf4710000 - 0x00007ffdf471c000 	C:\WINDOWS\SYSTEM32\CRYPTBASE.dll
0x00007ffdf3990000 - 0x00007ffdf39c2000 	C:\WINDOWS\SYSTEM32\IPHLPAPI.DLL
0x00007ffdf68b0000 - 0x00007ffdf68ba000 	C:\WINDOWS\System32\NSI.dll
0x00007ffde3c50000 - 0x00007ffde3c60000 	C:\Program Files\Java\jdk-21\bin\verify.dll
0x00007ffdf3a20000 - 0x00007ffdf3b45000 	C:\WINDOWS\SYSTEM32\DNSAPI.dll
0x00007ffdec9c0000 - 0x00007ffdec9cb000 	C:\Windows\System32\rasadhlp.dll
0x00007ffde81a0000 - 0x00007ffde8225000 	C:\WINDOWS\System32\fwpuclnt.dll

dbghelp: loaded successfully - version: 4.0.5 - missing functions: none
symbol engine: initialized successfully - sym options: 0x614 - pdb path: .;C:\Program Files\Java\jdk-21\bin;C:\WINDOWS\SYSTEM32;C:\WINDOWS\WinSxS\amd64_microsoft.windows.common-controls_6595b64144ccf1df_6.0.26100.2454_none_3e0b68a2e331ad60;C:\Program Files\Java\jdk-21\bin\server;C:\Program Files\JetBrains\IntelliJ IDEA Community Edition 2024.3\bin

VM Arguments:
jvm_args: -javaagent:C:\Program Files\JetBrains\IntelliJ IDEA Community Edition 2024.3\lib\idea_rt.jar=9411:C:\Program Files\JetBrains\IntelliJ IDEA Community Edition 2024.3\bin -Dfile.encoding=UTF-8 -Dsun.stdout.encoding=UTF-8 -Dsun.stderr.encoding=UTF-8 
java_command: com.sahan.Hotel.Management.HotelManagementApplication
java_class_path (initial): D:\SpringBoot\Hotel-Management\target\classes;C:\Users\Sahan\.m2\repository\org\springframework\boot\spring-boot-starter-data-jpa\3.4.1\spring-boot-starter-data-jpa-3.4.1.jar;C:\Users\Sahan\.m2\repository\org\springframework\boot\spring-boot-starter\3.4.1\spring-boot-starter-3.4.1.jar;C:\Users\Sahan\.m2\repository\org\springframework\boot\spring-boot-starter-logging\3.4.1\spring-boot-starter-logging-3.4.1.jar;C:\Users\Sahan\.m2\repository\ch\qos\logback\logback-classic\1.5.12\logback-classic-1.5.12.jar;C:\Users\Sahan\.m2\repository\ch\qos\logback\logback-core\1.5.12\logback-core-1.5.12.jar;C:\Users\Sahan\.m2\repository\org\apache\logging\log4j\log4j-to-slf4j\2.24.3\log4j-to-slf4j-2.24.3.jar;C:\Users\Sahan\.m2\repository\org\apache\logging\log4j\log4j-api\2.24.3\log4j-api-2.24.3.jar;C:\Users\Sahan\.m2\repository\org\slf4j\jul-to-slf4j\2.0.16\jul-to-slf4j-2.0.16.jar;C:\Users\Sahan\.m2\repository\jakarta\annotation\jakarta.annotation-api\2.1.1\jakarta.annotation-api-2.1.1.jar;C:\Users\Sahan\.m2\repository\org\yaml\snakeyaml\2.3\snakeyaml-2.3.jar;C:\Users\Sahan\.m2\repository\org\springframework\boot\spring-boot-starter-jdbc\3.4.1\spring-boot-starter-jdbc-3.4.1.jar;C:\Users\Sahan\.m2\repository\com\zaxxer\HikariCP\5.1.0\HikariCP-5.1.0.jar;C:\Users\Sahan\.m2\repository\org\springframework\spring-jdbc\6.2.1\spring-jdbc-6.2.1.jar;C:\Users\Sahan\.m2\repository\org\hibernate\orm\hibernate-core\6.6.4.Final\hibernate-core-6.6.4.Final.jar;C:\Users\Sahan\.m2\repository\jakarta\persistence\jakarta.persistence-api\3.1.0\jakarta.persistence-api-3.1.0.jar;C:\Users\Sahan\.m2\repository\jakarta\transaction\jakarta.transaction-api\2.0.1\jakarta.transaction-api-2.0.1.jar;C:\Users\Sahan\.m2\repository\org\jboss\logging\jboss-logging\3.6.1.Final\jboss-logging-3.6.1.Final.jar;C:\Users\Sahan\.m2\repository\org\hibernate\common\hibernate-commons-annotations\7.0.3.Final\hibernate-commons-annotations-7.0.3.Final.jar;C:\Users\Sahan\.m2\repository\io\smallrye\jandex\3.2.0\jandex-3.2.0.jar;C:\Users\Sahan\.m2\repository\com\fasterxml\classmate\1.7.0\classmate-1.7.0.jar;C:\Users\Sahan\.m2\repository\net\bytebuddy\byte-buddy\1.15.11\byte-buddy-1.15.11.jar;C:\Users\Sahan\.m2\repository\org\glassfish\jaxb\jaxb-runtime\4.0.5\jaxb-runtime-4.0.5.jar;C:\Users\Sahan\.m2\repository\org\glassfish\jaxb\jaxb-core\4.0.5\jaxb-core-4.0.5.jar;C:\Users\Sahan\.m2\repository\org\eclipse\angus\angus-activation\2.0.2\angus-activation-2.0.2.jar;C:\Users\Sahan\.m2\repository\org\glassfish\jaxb\txw2\4.0.5\txw2-4.0.5.jar;C:\Users\Sahan\.m2\repository\com\sun\istack\istack-commons-runtime\4.1.2\istack-commons-runtime-4.1.2.jar;C:\Users\Sahan\.m2\repository\jakarta\inject\jakarta.inject-api\2.0.1\jakarta.inject-api-2.0.1.jar;C:\Users\Sahan\.m2\repository\org\antlr\antlr4-runtime\4.13.0\antlr4-runtime-4.13.0.jar;C:\Users\Sahan\.m2\repository\org\springframework\data\spring-data-jpa\3.4.1\spring-data-jpa-3.4.1.jar;C:\Users\Sahan\.m2\repository\org\springframework\data\spring-data-commons\3.4.1\spring-data-commons-3.4.1.jar;C:\Users\Sahan\.m2\repository\org\springframework\spring-orm\6.2.1\spring-orm-6.2.1.jar;C:\Users\Sahan\.m2\repository\org\springframework\spring-context\6.2.1\spring-context-6.2.1.jar;C:\Users\Sahan\.m2\repository\org\springframework\spring-aop\6.2.1\spring-aop-6.2.1.jar;C:\Users\Sahan\.m2\repository\org\springframework\spring-tx\6.2.1\spring-tx-6.2.1.jar;C:\Users\Sahan\.m2\repository\org\springframework\spring-beans\6.2.1\spring-beans-6.2.1.jar;C:\Users\Sahan\.m2\repository\org\slf4j\slf4j-api\2.0.16\slf4j-api-2.0.16.jar;C:\Users\Sahan\.m2\repository\org\springframework\spring-aspects\6.2.1\spring-aspects-6.2.1.jar;C:\Users\Sahan\.m2\repository\org\aspectj\aspectjweaver\1.9.22.1\aspectjweaver-1.9.22.1.jar;C:\Users\Sahan\.m2\repository\org\springframework\boot\spring-boot-starter-validation\3.4.1\spring-boot-starter-validation-3.4.1.jar;C:\Users\Sahan\.m2\repository\org\apache\tomcat\embed\tomcat-embed-el\10.1.34\tomcat-embed-el-10.1.34.jar;C:\Users\Sahan\.m2\repository\org\hibernate\validator\hibernate-validator\8.0.2.Final\hibernate-validator-8.0.2.Final.jar;C:\Users\Sahan\.m2\repository\jakarta\validation\jakarta.validation-api\3.0.2\jakarta.validation-api-3.0.2.jar;C:\Users\Sahan\.m2\repository\com\fasterxml\jackson\core\jackson-databind\2.18.1\jackson-databind-2.18.1.jar;C:\Users\Sahan\.m2\repository\com\fasterxml\jackson\core\jackson-annotations\2.18.2\jackson-annotations-2.18.2.jar;C:\Users\Sahan\.m2\repository\com\fasterxml\jackson\core\jackson-core\2.18.2\jackson-core-2.18.2.jar;C:\Users\Sahan\.m2\repository\org\apache\commons\commons-lang3\3.17.0\commons-lang3-3.17.0.jar;C:\Users\Sahan\.m2\repository\org\springframework\boot\spring-boot-starter-web\3.4.1\spring-boot-starter-web-3.4.1.jar;C:\Users\Sahan\.m2\repository\org\springframework\boot\spring-boot-starter-json\3.4.1\spring-boot-starter-json-3.4.1.jar;C:\Users\Sahan\.m2\repository\com\fasterxml\jackson\datatype\jackson-datatype-jdk8\2.18.2\jackson-datatype-jdk8-2.18.2.jar;C:\Users\Sahan\.m2\repository\com\fasterxml\jackson\datatype\jackson-datatype-jsr310\2.18.2\jackson-datatype-jsr310-2.18.2.jar;C:\Users\Sahan\.m2\repository\com\fasterxml\jackson\module\jackson-module-parameter-names\2.18.2\jackson-module-parameter-names-2.18.2.jar;C:\Users\Sahan\.m2\repository\org\springframework\boot\spring-boot-starter-tomcat\3.4.1\spring-boot-starter-tomcat-3.4.1.jar;C:\Users\Sahan\.m2\repository\org\apache\tomcat\embed\tomcat-embed-core\10.1.34\tomcat-embed-core-10.1.34.jar;C:\Users\Sahan\.m2\repository\org\apache\tomcat\embed\tomcat-embed-websocket\10.1.34\tomcat-embed-websocket-10.1.34.jar;C:\Users\Sahan\.m2\repository\org\springframework\spring-web\6.2.1\spring-web-6.2.1.jar;C:\Users\Sahan\.m2\repository\io\micrometer\micrometer-observation\1.14.2\micrometer-observation-1.14.2.jar;C:\Users\Sahan\.m2\repository\io\micrometer\micrometer-commons\1.14.2\micrometer-commons-1.14.2.jar;C:\Users\Sahan\.m2\repository\org\springframework\spring-webmvc\6.2.1\spring-webmvc-6.2.1.jar;C:\Users\Sahan\.m2\repository\org\springframework\spring-expression\6.2.1\spring-expression-6.2.1.jar;C:\Users\Sahan\.m2\repository\org\springframework\boot\spring-boot-devtools\3.4.1\spring-boot-devtools-3.4.1.jar;C:\Users\Sahan\.m2\repository\org\springframework\boot\spring-boot\3.4.1\spring-boot-3.4.1.jar;C:\Users\Sahan\.m2\repository\org\springframework\boot\spring-boot-autoconfigure\3.4.1\spring-boot-autoconfigure-3.4.1.jar;C:\Users\Sahan\.m2\repository\com\mysql\mysql-connector-j\9.1.0\mysql-connector-j-9.1.0.jar;C:\Users\Sahan\.m2\repository\org\projectlombok\lombok\1.18.36\lombok-1.18.36.jar;C:\Users\Sahan\.m2\repository\jakarta\xml\bind\jakarta.xml.bind-api\4.0.2\jakarta.xml.bind-api-4.0.2.jar;C:\Users\Sahan\.m2\repository\jakarta\activation\jakarta.activation-api\2.1.3\jakarta.activation-api-2.1.3.jar;C:\Users\Sahan\.m2\repository\org\springframework\spring-core\6.2.1\spring-core-6.2.1.jar;C:\Users\Sahan\.m2\repository\org\springframework\spring-jcl\6.2.1\spring-jcl-6.2.1.jar
Launcher Type: SUN_STANDARD

[Global flags]
     intx CICompilerCount                          = 4                                         {product} {ergonomic}
     uint ConcGCThreads                            = 3                                         {product} {ergonomic}
     uint G1ConcRefinementThreads                  = 10                                        {product} {ergonomic}
   size_t G1HeapRegionSize                         = 1048576                                   {product} {ergonomic}
    uintx GCDrainStackTargetSize                   = 64                                        {product} {ergonomic}
   size_t InitialHeapSize                          = 132120576                                 {product} {ergonomic}
   size_t MarkStackSize                            = 4194304                                   {product} {ergonomic}
   size_t MaxHeapSize                              = 2107637760                                {product} {ergonomic}
   size_t MaxNewSize                               = 1264582656                                {product} {ergonomic}
   size_t MinHeapDeltaBytes                        = 1048576                                   {product} {ergonomic}
   size_t MinHeapSize                              = 8388608                                   {product} {ergonomic}
    uintx NonNMethodCodeHeapSize                   = 5839372                                {pd product} {ergonomic}
    uintx NonProfiledCodeHeapSize                  = 122909434                              {pd product} {ergonomic}
    uintx ProfiledCodeHeapSize                     = 122909434                              {pd product} {ergonomic}
    uintx ReservedCodeCacheSize                    = 251658240                              {pd product} {ergonomic}
     bool SegmentedCodeCache                       = true                                      {product} {ergonomic}
   size_t SoftMaxHeapSize                          = 2107637760                             {manageable} {ergonomic}
     bool UseCompressedOops                        = true                           {product lp64_product} {ergonomic}
     bool UseG1GC                                  = true                                      {product} {ergonomic}
     bool UseLargePagesIndividualAllocation        = false                                  {pd product} {ergonomic}

Logging:
Log output configuration:
 #0: stdout all=warning uptime,level,tags foldmultilines=false
 #1: stderr all=off uptime,level,tags foldmultilines=false

Environment Variables:
PATH=C:\Program Files\Common Files\Oracle\Java\javapath;C:\WINDOWS\system32;C:\WINDOWS;C:\WINDOWS\System32\Wbem;C:\WINDOWS\System32\WindowsPowerShell\v1.0\;C:\WINDOWS\System32\OpenSSH\;C:\Program Files\dotnet\;C:\Program Files (x86)\dotnet\;C:\Program Files (x86)\NVIDIA Corporation\PhysX\Common;C:\Program Files\NVIDIA Corporation\NVIDIA NvDLISR;C:\Program Files\nodejs\;C:\Program Files\Git\cmd;C:\Users\Sahan\AppData\Local\Microsoft\WindowsApps;C:\Users\Sahan\AppData\Local\Programs\Microsoft VS Code\bin;C:\Users\Sahan\AppData\Roaming\npm;
USERNAME=Sahan
OS=Windows_NT
PROCESSOR_IDENTIFIER=Intel64 Family 6 Model 158 Stepping 10, GenuineIntel
TMP=C:\Users\Sahan\AppData\Local\Temp
TEMP=C:\Users\Sahan\AppData\Local\Temp




Periodic native trim disabled

---------------  S Y S T E M  ---------------

OS:
 Windows 11 , 64 bit Build 26100 (10.0.26100.2454)
OS uptime: 5 days 2:02 hours

CPU: total 12 (initial active 12) (6 cores per cpu, 2 threads per core) family 6 model 158 stepping 10 microcode 0xde, cx8, cmov, fxsr, ht, mmx, 3dnowpref, sse, sse2, sse3, ssse3, sse4.1, sse4.2, popcnt, lzcnt, tsc, tscinvbit, avx, avx2, aes, erms, clmul, bmi1, bmi2, adx, fma, vzeroupper, clflush, clflushopt, rdtscp, f16c
Processor Information for all 12 processors :
  Max Mhz: 2208, Current Mhz: 2208, Mhz Limit: 2208

Memory: 4k page, system-wide physical 8034M (1030M free)
TotalPageFile size 12130M (AvailPageFile size 12M)
current process WorkingSet (physical memory assigned to process): 279M, peak: 284M
current process commit charge ("private bytes"): 329M, peak: 351M

vm_info: Java HotSpot(TM) 64-Bit Server VM (21.0.5+9-LTS-239) for windows-amd64 JRE (21.0.5+9-LTS-239), built on 2024-09-30T05:17:38Z by "mach5one" with MS VC++ 17.6 (VS2022)

END.
